BL51 BANKED LINKER/LOCATER V6.22                                                        07/16/2017  23:21:51  PAGE 1


BL51 BANKED LINKER/LOCATER V6.22, INVOKED BY:
C:\KEIL_V5\C51\BIN\BL51.EXE ..\04_bin\WriteCard\Time.obj, ..\04_bin\WriteCard\main.obj, ..\04_bin\WriteCard\RC522.obj, .
>> .\04_bin\WriteCard\EEPROM.obj TO ..\04_bin\WriteCard\WriteCard PRINT (.\WriteCard.m51) RAMSIZE (256)


MEMORY MODEL: SMALL


INPUT MODULES INCLUDED:
  ..\04_bin\WriteCard\Time.obj (TIME)
  ..\04_bin\WriteCard\main.obj (MAIN)
  ..\04_bin\WriteCard\RC522.obj (RC522)
  ..\04_bin\WriteCard\EEPROM.obj (EEPROM)
  C:\KEIL_V5\C51\LIB\C51S.LIB (?C_STARTUP)
  C:\KEIL_V5\C51\LIB\C51S.LIB (?C?COPY)
  C:\KEIL_V5\C51\LIB\C51S.LIB (?C?CLDPTR)
  C:\KEIL_V5\C51\LIB\C51S.LIB (?C?CLDOPTR)
  C:\KEIL_V5\C51\LIB\C51S.LIB (?C?CSTPTR)
  C:\KEIL_V5\C51\LIB\C51S.LIB (?C?CSTOPTR)
  C:\KEIL_V5\C51\LIB\C51S.LIB (?C?ISTPTR)
  C:\KEIL_V5\C51\LIB\C51S.LIB (?C?ULCMP)
  C:\KEIL_V5\C51\LIB\C51S.LIB (?C?ULSHR)
  C:\KEIL_V5\C51\LIB\C51S.LIB (?C?LSTXDATA)
  C:\KEIL_V5\C51\LIB\C51S.LIB (?C?MEMSET)
  C:\KEIL_V5\C51\LIB\C51S.LIB (?C_INIT)


LINK MAP OF MODULE:  ..\04_bin\WriteCard\WriteCard (TIME)


            TYPE    BASE      LENGTH    RELOCATION   SEGMENT NAME
            -----------------------------------------------------

            * * * * * * *   D A T A   M E M O R Y   * * * * * * *
            REG     0000H     0008H     ABSOLUTE     "REG BANK 0"
            DATA    0008H     0005H     UNIT         ?DT?MAIN
            IDATA   000DH     0002H     UNIT         ?ID?MAIN
                    000FH     0001H                  *** GAP ***
            REG     0010H     0008H     ABSOLUTE     "REG BANK 2"
                    0018H     0008H                  *** GAP ***
            BIT     0020H.0   0000H.1   UNIT         ?BI?MAIN
                    0020H.1   0000H.7                *** GAP ***
            DATA    0021H     0041H     UNIT         _DATA_GROUP_
            IDATA   0062H     0001H     UNIT         ?STACK

            * * * * * * *  X D A T A   M E M O R Y  * * * * * * *
            XDATA   0000H     0167H     UNIT         ?XD?MAIN
            XDATA   0167H     006AH     UNIT         _XDATA_GROUP_

            * * * * * * *   C O D E   M E M O R Y   * * * * * * *
            CODE    0000H     0003H     ABSOLUTE     
            CODE    0003H     0007H     UNIT         ?PR?PCDANTENNAOFF?RC522
            CODE    000AH     0001H     UNIT         ?PR?TIMER0?TIME
            CODE    000BH     0003H     ABSOLUTE     
            CODE    000EH     000DH     UNIT         ?PR?_SETBITMASK?RC522
            CODE    001BH     0003H     ABSOLUTE     
            CODE    001EH     0001H     UNIT         ?PR?TIMER1?TIME
                    001FH     0004H                  *** GAP ***
BL51 BANKED LINKER/LOCATER V6.22                                                      07/16/2017  23:21:51  PAGE 2


            CODE    0023H     0003H     ABSOLUTE     
            CODE    0026H     001AH     UNIT         ?PR?_MAKERESULT?MAIN
                    0040H     0003H                  *** GAP ***
            CODE    0043H     0003H     ABSOLUTE     
            CODE    0046H     089FH     UNIT         ?PR?SCANCOMMAND?MAIN
            CODE    08E5H     026BH     UNIT         ?PR?WRITEOFFSETPSWCARD?MAIN
            CODE    0B50H     023CH     UNIT         ?PR?_GETCOMMAND?MAIN
            CODE    0D8CH     020DH     UNIT         ?PR?_WRITEFUNCTIONCARD?MAIN
            CODE    0F99H     01EBH     UNIT         ?C?LIB_CODE
            CODE    1184H     01BAH     UNIT         ?PR?_WRITEUSERCARD?MAIN
            CODE    133EH     0195H     UNIT         ?PR?_READFUNTIONCARD?MAIN
            CODE    14D3H     018DH     UNIT         ?PR?_READUSERCARD?MAIN
            CODE    1660H     018CH     UNIT         ?PR?_PCDCOMMF522?RC522
            CODE    17ECH     0184H     UNIT         ?PR?MAIN?MAIN
            CODE    1970H     0137H     UNIT         ?PR?_MAKE?MAIN
            CODE    1AA7H     011DH     UNIT         ?PR?_WRITEPRODUCTCODE?MAIN
            CODE    1BC4H     0109H     UNIT         ?PR?_WRITEAGENTIDTOCARD?MAIN
            CODE    1CCDH     00B8H     UNIT         ?PR?_CLEARFRCCARDPSW?MAIN
            CODE    1D85H     009BH     UNIT         ?PR?_PCDAUTHSTATE?RC522
            CODE    1E20H     0093H     UNIT         ?PR?_WRITEDATATOIC?RC522
            CODE    1EB3H     0091H     UNIT         ?PR?READAGENTID?EEPROM
            CODE    1F44H     008CH     UNIT         ?PR?_WRITEPASSWORD?RC522
            CODE    1FD0H     008CH     UNIT         ?C_C51STARTUP
            CODE    205CH     0088H     UNIT         ?PR?_READDATAFROMIC?RC522
            CODE    20E4H     0086H     UNIT         ?PR?_PCDSELECT?RC522
            CODE    216AH     0082H     UNIT         ?PR?_VERIFYPRODUCECODE?MAIN
            CODE    21ECH     007CH     UNIT         ?PR?_CALULATECRC?RC522
            CODE    2268H     007BH     UNIT         ?PR?_PCDANTICOLL?RC522
            CODE    22E3H     007BH     UNIT         ?PR?_PCDWRITE?RC522
            CODE    235EH     0079H     UNIT         ?PR?_WRITEFRCCARDPSW?MAIN
            CODE    23D7H     006EH     UNIT         ?PR?_READINTERPARAM?MAIN
            CODE    2445H     006EH     UNIT         ?PR?UART2?MAIN
            CODE    24B3H     006AH     UNIT         ?PR?UART1?MAIN
            CODE    251DH     0067H     UNIT         ?PR?_PCDREAD?RC522
            CODE    2584H     0065H     UNIT         ?PR?_PCDREQUEST?RC522
            CODE    25E9H     0064H     UNIT         ?C_INITSEG
            CODE    264DH     005EH     UNIT         ?PR?_WRITEFLAGDATAS?EEPROM
            CODE    26ABH     005BH     UNIT         ?PR?_GETCARDSERIAL?MAIN
            CODE    2706H     0058H     UNIT         ?PR?GENERATEPSW?MAIN
            CODE    275EH     0053H     UNIT         ?CO?MAIN
            CODE    27B1H     0049H     UNIT         ?PR?_M500PCDCONFIGISOTYPE?RC522
            CODE    27FAH     0045H     UNIT         ?PR?_SOUNDS?MAIN
            CODE    283FH     0044H     UNIT         ?PR?_WRITEVERIFYPRODUCEFLAG?EEPROM
            CODE    2883H     0043H     UNIT         ?PR?_READRAWRC?RC522
            CODE    28C6H     0042H     UNIT         ?CO?RC522
            CODE    2908H     003FH     UNIT         ?PR?_WRITERAWRC?RC522
            CODE    2947H     003FH     UNIT         ?PR?_IAPREADBYTES?EEPROM
            CODE    2986H     003EH     UNIT         ?PR?PCDRESET?RC522
            CODE    29C4H     003CH     UNIT         ?PR?_IAPPROGRAMBYTES?EEPROM
            CODE    2A00H     003AH     UNIT         ?PR?RECOVERPSW?MAIN
            CODE    2A3AH     0030H     UNIT         ?PR?_SEND?MAIN
            CODE    2A6AH     0024H     UNIT         ?CO?EEPROM
            CODE    2A8EH     0021H     UNIT         ?PR?TIME_INIT?TIME
            CODE    2AAFH     001FH     UNIT         ?PR?DELAY1?EEPROM
            CODE    2ACEH     001AH     UNIT         ?PR?_DELAY_10MS?RC522
            CODE    2AE8H     0017H     UNIT         ?PR?_IAPREADBYTE?EEPROM
            CODE    2AFFH     0016H     UNIT         ?PR?BEEP?MAIN
BL51 BANKED LINKER/LOCATER V6.22                                                      07/16/2017  23:21:51  PAGE 3


            CODE    2B15H     0016H     UNIT         ?PR?_IAPPROGRAMBYTE?EEPROM
            CODE    2B2BH     0014H     UNIT         ?PR?_IAPERASESECTOR?EEPROM
            CODE    2B3FH     0012H     UNIT         ?PR?FLASH?MAIN
            CODE    2B51H     0012H     UNIT         ?PR?_CLEARBITMASK?RC522
            CODE    2B63H     0012H     UNIT         ?PR?PCDANTENNAON?RC522
            CODE    2B75H     0010H     UNIT         ?PR?READVERIFYPRODUCEFLAG?EEPROM
            CODE    2B85H     0010H     UNIT         ?PR?READPASSWORDFLAG?EEPROM
            CODE    2B95H     0010H     UNIT         ?PR?READREVERSECHECKFLAG?EEPROM
            CODE    2BA5H     000FH     UNIT         ?PR?UART_INIT?MAIN
            CODE    2BB4H     000EH     UNIT         ?PR?READOFFSET?EEPROM
            CODE    2BC2H     000DH     UNIT         ?PR?IAPIDLE?EEPROM
            CODE    2BCFH     000DH     UNIT         ?PR?_READSECTIONPSW?EEPROM
            CODE    2BDCH     000BH     UNIT         ?PR?_CALCAREAOFSECTION?RC522
            CODE    2BE7H     0006H     UNIT         ?PR?_READFLAGDATAS?EEPROM



OVERLAY MAP OF MODULE:   ..\04_bin\WriteCard\WriteCard (TIME)


SEGMENT                                      DATA_GROUP          XDATA_GROUP
  +--> CALLED SEGMENT                      START    LENGTH     START    LENGTH
------------------------------------------------------------------------------
?C_C51STARTUP                              -----    -----      -----    -----
  +--> ?PR?MAIN?MAIN
  +--> ?C_INITSEG

?PR?MAIN?MAIN                              0021H    0004H      -----    -----
  +--> ?PR?TIME_INIT?TIME
  +--> ?PR?UART_INIT?MAIN
  +--> ?PR?PCDRESET?RC522
  +--> ?PR?PCDANTENNAOFF?RC522
  +--> ?PR?PCDANTENNAON?RC522
  +--> ?PR?_M500PCDCONFIGISOTYPE?RC522
  +--> ?PR?DELAY1?EEPROM
  +--> ?PR?_SOUNDS?MAIN
  +--> ?PR?READOFFSET?EEPROM
  +--> ?PR?READVERIFYPRODUCEFLAG?EEPROM
  +--> ?PR?READAGENTID?EEPROM
  +--> ?PR?_READSECTIONPSW?EEPROM
  +--> ?PR?READPASSWORDFLAG?EEPROM
  +--> ?PR?READREVERSECHECKFLAG?EEPROM
  +--> ?PR?_MAKE?MAIN
  +--> ?PR?_SEND?MAIN
  +--> ?PR?_READFLAGDATAS?EEPROM
  +--> ?PR?GENERATEPSW?MAIN
  +--> ?PR?SCANCOMMAND?MAIN
  +--> ?PR?_WRITEPRODUCTCODE?MAIN
  +--> ?PR?_CLEARFRCCARDPSW?MAIN

?PR?PCDRESET?RC522                         -----    -----      -----    -----
  +--> ?PR?_WRITERAWRC?RC522

?PR?PCDANTENNAOFF?RC522                    -----    -----      -----    -----
  +--> ?PR?_CLEARBITMASK?RC522

?PR?_CLEARBITMASK?RC522                    -----    -----      -----    -----
BL51 BANKED LINKER/LOCATER V6.22                                                      07/16/2017  23:21:51  PAGE 4


  +--> ?PR?_READRAWRC?RC522
  +--> ?PR?_WRITERAWRC?RC522

?PR?PCDANTENNAON?RC522                     -----    -----      -----    -----
  +--> ?PR?_READRAWRC?RC522
  +--> ?PR?_SETBITMASK?RC522

?PR?_SETBITMASK?RC522                      -----    -----      -----    -----
  +--> ?PR?_READRAWRC?RC522
  +--> ?PR?_WRITERAWRC?RC522

?PR?_M500PCDCONFIGISOTYPE?RC522            -----    -----      -----    -----
  +--> ?PR?_CLEARBITMASK?RC522
  +--> ?PR?_WRITERAWRC?RC522
  +--> ?PR?_DELAY_10MS?RC522
  +--> ?PR?PCDANTENNAON?RC522

?PR?_DELAY_10MS?RC522                      -----    -----      -----    -----
  +--> ?PR?PCDANTENNAOFF?RC522
  +--> ?PR?PCDANTENNAON?RC522

?PR?_SOUNDS?MAIN                           002AH    0004H      017FH    0001H
  +--> ?PR?BEEP?MAIN

?PR?BEEP?MAIN                              -----    -----      -----    -----
  +--> ?PR?DELAY1?EEPROM

?PR?READOFFSET?EEPROM                      -----    -----      -----    -----
  +--> ?PR?_IAPREADBYTE?EEPROM

?PR?_IAPREADBYTE?EEPROM                    -----    -----      -----    -----
  +--> ?PR?IAPIDLE?EEPROM

?PR?READVERIFYPRODUCEFLAG?EEPROM           -----    -----      -----    -----
  +--> ?PR?_IAPREADBYTE?EEPROM

?PR?READAGENTID?EEPROM                     002AH    0008H      -----    -----
  +--> ?CO?EEPROM
  +--> ?PR?_IAPREADBYTES?EEPROM

?PR?_IAPREADBYTES?EEPROM                   003FH    0007H      -----    -----
  +--> ?PR?_IAPREADBYTE?EEPROM

?PR?_READSECTIONPSW?EEPROM                 -----    -----      -----    -----
  +--> ?PR?_IAPREADBYTES?EEPROM

?PR?READPASSWORDFLAG?EEPROM                -----    -----      -----    -----
  +--> ?PR?_IAPREADBYTE?EEPROM

?PR?READREVERSECHECKFLAG?EEPROM            -----    -----      -----    -----
  +--> ?PR?_IAPREADBYTE?EEPROM

?PR?_MAKE?MAIN                             002AH    0006H      017EH    0053H

?PR?_READFLAGDATAS?EEPROM                  -----    -----      -----    -----
  +--> ?PR?_IAPREADBYTES?EEPROM

BL51 BANKED LINKER/LOCATER V6.22                                                      07/16/2017  23:21:51  PAGE 5


?PR?GENERATEPSW?MAIN                       -----    -----      0185H    0006H
  +--> ?CO?MAIN

?PR?SCANCOMMAND?MAIN                       0025H    0005H      -----    -----
  +--> ?PR?_GETCOMMAND?MAIN
  +--> ?PR?_WRITEPASSWORD?RC522
  +--> ?PR?_MAKE?MAIN
  +--> ?PR?GENERATEPSW?MAIN
  +--> ?PR?_READDATAFROMIC?RC522
  +--> ?PR?_SEND?MAIN
  +--> ?PR?RECOVERPSW?MAIN
  +--> ?PR?_READUSERCARD?MAIN
  +--> ?PR?_MAKERESULT?MAIN
  +--> ?PR?_VERIFYPRODUCECODE?MAIN
  +--> ?PR?_WRITEUSERCARD?MAIN
  +--> ?PR?_WRITEAGENTIDTOCARD?MAIN
  +--> ?PR?_READFUNTIONCARD?MAIN
  +--> ?PR?WRITEOFFSETPSWCARD?MAIN
  +--> ?PR?_WRITEFUNCTIONCARD?MAIN
  +--> ?PR?READAGENTID?EEPROM
  +--> ?PR?_SOUNDS?MAIN
  +--> ?PR?_DELAY_10MS?RC522
  +--> ?PR?_WRITEVERIFYPRODUCEFLAG?EEPROM
  +--> ?PR?_READSECTIONPSW?EEPROM
  +--> ?PR?READOFFSET?EEPROM
  +--> ?PR?_WRITEFLAGDATAS?EEPROM
  +--> ?PR?_GETCARDSERIAL?MAIN
  +--> ?PR?_READINTERPARAM?MAIN

?PR?_GETCOMMAND?MAIN                       002AH    000AH      0167H    0006H

?PR?_WRITEPASSWORD?RC522                   002AH    0007H      0185H    0007H
  +--> ?PR?_DELAY_10MS?RC522
  +--> ?PR?_PCDREQUEST?RC522
  +--> ?PR?_PCDANTICOLL?RC522
  +--> ?PR?_PCDSELECT?RC522
  +--> ?PR?_PCDAUTHSTATE?RC522
  +--> ?PR?_PCDWRITE?RC522

?PR?_PCDREQUEST?RC522                      0034H    0018H      -----    -----
  +--> ?PR?_CLEARBITMASK?RC522
  +--> ?PR?_WRITERAWRC?RC522
  +--> ?PR?_SETBITMASK?RC522
  +--> ?PR?_PCDCOMMF522?RC522

?PR?_PCDCOMMF522?RC522                     0051H    0011H      -----    -----
  +--> ?PR?_WRITERAWRC?RC522
  +--> ?PR?_CLEARBITMASK?RC522
  +--> ?PR?_SETBITMASK?RC522
  +--> ?PR?_READRAWRC?RC522

?PR?_PCDANTICOLL?RC522                     0034H    0019H      -----    -----
  +--> ?PR?_CLEARBITMASK?RC522
  +--> ?PR?_WRITERAWRC?RC522
  +--> ?PR?_PCDCOMMF522?RC522
  +--> ?PR?_SETBITMASK?RC522

BL51 BANKED LINKER/LOCATER V6.22                                                      07/16/2017  23:21:51  PAGE 6


?PR?_PCDSELECT?RC522                       0034H    001AH      -----    -----
  +--> ?PR?_CALULATECRC?RC522
  +--> ?PR?_CLEARBITMASK?RC522
  +--> ?PR?_PCDCOMMF522?RC522

?PR?_CALULATECRC?RC522                     004EH    0008H      -----    -----
  +--> ?PR?_CLEARBITMASK?RC522
  +--> ?PR?_WRITERAWRC?RC522
  +--> ?PR?_SETBITMASK?RC522
  +--> ?PR?_READRAWRC?RC522

?PR?_PCDAUTHSTATE?RC522                    0034H    001DH      -----    -----
  +--> ?PR?_PCDCOMMF522?RC522
  +--> ?PR?_READRAWRC?RC522

?PR?_PCDWRITE?RC522                        0033H    0017H      -----    -----
  +--> ?PR?_CALULATECRC?RC522
  +--> ?PR?_PCDCOMMF522?RC522

?PR?_READDATAFROMIC?RC522                  002DH    0007H      0187H    0007H
  +--> ?PR?_DELAY_10MS?RC522
  +--> ?PR?_PCDREQUEST?RC522
  +--> ?PR?_PCDANTICOLL?RC522
  +--> ?PR?_PCDSELECT?RC522
  +--> ?CO?RC522
  +--> ?PR?_PCDAUTHSTATE?RC522
  +--> ?PR?_PCDREAD?RC522

?PR?_PCDREAD?RC522                         0034H    0017H      -----    -----
  +--> ?PR?_CALULATECRC?RC522
  +--> ?PR?_PCDCOMMF522?RC522

?PR?RECOVERPSW?MAIN                        -----    -----      0167H    0001H

?PR?_READUSERCARD?MAIN                     002AH    0002H      0167H    0010H
  +--> ?PR?_READDATAFROMIC?RC522

?PR?_MAKERESULT?MAIN                       -----    -----      -----    -----
  +--> ?PR?FLASH?MAIN
  +--> ?PR?_SOUNDS?MAIN

?PR?FLASH?MAIN                             -----    -----      -----    -----
  +--> ?PR?DELAY1?EEPROM

?PR?_VERIFYPRODUCECODE?MAIN                002AH    0002H      -----    -----
  +--> ?PR?_GETCARDSERIAL?MAIN
  +--> ?PR?_READDATAFROMIC?RC522

?PR?_GETCARDSERIAL?MAIN                    002CH    0003H      017FH    0001H
  +--> ?PR?_PCDREQUEST?RC522
  +--> ?PR?_PCDANTICOLL?RC522

?PR?_WRITEUSERCARD?MAIN                    002AH    0002H      0167H    0010H
  +--> ?PR?_WRITEDATATOIC?RC522

?PR?_WRITEDATATOIC?RC522                   002CH    0007H      017EH    000AH
  +--> ?PR?_DELAY_10MS?RC522
BL51 BANKED LINKER/LOCATER V6.22                                                      07/16/2017  23:21:51  PAGE 7


  +--> ?PR?_PCDREQUEST?RC522
  +--> ?PR?_PCDANTICOLL?RC522
  +--> ?PR?_PCDSELECT?RC522
  +--> ?CO?RC522
  +--> ?PR?_PCDAUTHSTATE?RC522
  +--> ?PR?_PCDWRITE?RC522

?PR?_WRITEAGENTIDTOCARD?MAIN               002AH    0002H      0167H    0014H
  +--> ?CO?MAIN
  +--> ?PR?_READDATAFROMIC?RC522
  +--> ?PR?_GETCARDSERIAL?MAIN
  +--> ?PR?_WRITEDATATOIC?RC522

?PR?_READFUNTIONCARD?MAIN                  002AH    0001H      0167H    0010H
  +--> ?PR?_READDATAFROMIC?RC522

?PR?WRITEOFFSETPSWCARD?MAIN                -----    -----      0167H    0010H
  +--> ?CO?MAIN
  +--> ?PR?_WRITEDATATOIC?RC522

?PR?_WRITEFUNCTIONCARD?MAIN                002AH    0001H      0167H    0010H
  +--> ?PR?_WRITEDATATOIC?RC522

?PR?_WRITEVERIFYPRODUCEFLAG?EEPROM         002AH    0001H      0167H    0010H
  +--> ?CO?EEPROM
  +--> ?PR?_IAPREADBYTES?EEPROM
  +--> ?PR?_IAPERASESECTOR?EEPROM
  +--> ?PR?_IAPPROGRAMBYTES?EEPROM
  +--> ?PR?_IAPREADBYTE?EEPROM

?PR?_IAPERASESECTOR?EEPROM                 -----    -----      -----    -----
  +--> ?PR?IAPIDLE?EEPROM

?PR?_IAPPROGRAMBYTES?EEPROM                003FH    0007H      -----    -----
  +--> ?PR?_IAPPROGRAMBYTE?EEPROM

?PR?_IAPPROGRAMBYTE?EEPROM                 -----    -----      -----    -----
  +--> ?PR?IAPIDLE?EEPROM

?PR?_WRITEFLAGDATAS?EEPROM                 002AH    0015H      -----    -----
  +--> ?CO?EEPROM
  +--> ?PR?_IAPREADBYTES?EEPROM
  +--> ?PR?_IAPERASESECTOR?EEPROM
  +--> ?PR?_IAPPROGRAMBYTES?EEPROM

?PR?_READINTERPARAM?MAIN                   002AH    0003H      0167H    0020H
  +--> ?PR?_READDATAFROMIC?RC522

?PR?_WRITEPRODUCTCODE?MAIN                 0025H    0001H      0167H    0017H
  +--> ?CO?MAIN
  +--> ?PR?_GETCARDSERIAL?MAIN
  +--> ?PR?_WRITEFRCCARDPSW?MAIN
  +--> ?PR?_WRITEDATATOIC?RC522
  +--> ?PR?_SOUNDS?MAIN
  +--> ?PR?_MAKE?MAIN
  +--> ?PR?_SEND?MAIN

BL51 BANKED LINKER/LOCATER V6.22                                                      07/16/2017  23:21:51  PAGE 8


?PR?_WRITEFRCCARDPSW?MAIN                  0026H    0001H      017EH    0007H
  +--> ?CO?MAIN
  +--> ?PR?GENERATEPSW?MAIN
  +--> ?PR?_CALCAREAOFSECTION?RC522
  +--> ?PR?_WRITEPASSWORD?RC522

?PR?_CALCAREAOFSECTION?RC522               -----    -----      -----    -----
  +--> ?CO?RC522

?PR?_CLEARFRCCARDPSW?MAIN                  -----    -----      0167H    0018H
  +--> ?CO?MAIN
  +--> ?PR?_GETCARDSERIAL?MAIN
  +--> ?PR?_CALCAREAOFSECTION?RC522
  +--> ?PR?_WRITEPASSWORD?RC522
  +--> ?PR?_SOUNDS?MAIN



SYMBOL TABLE OF MODULE:  ..\04_bin\WriteCard\WriteCard (TIME)

  VALUE           TYPE          NAME
  ----------------------------------

  -------         MODULE        TIME
  C:0000H         SYMBOL        _ICE_DUMMY_
  D:0080H         PUBLIC        P0
  D:0090H         PUBLIC        P1
  D:00A0H         PUBLIC        P2
  D:00B0H         PUBLIC        P3
  D:00C0H         PUBLIC        P4
  D:00C8H         PUBLIC        P5
  D:00A8H         PUBLIC        IE
  D:00B8H         PUBLIC        IP
  D:00D8H         PUBLIC        CCON
  C:2A8EH         PUBLIC        Time_init
  D:0098H         PUBLIC        SCON
  D:0089H         PUBLIC        TMOD
  D:0088H         PUBLIC        TCON
  D:00F0H         PUBLIC        B
  D:008EH         PUBLIC        AUXR
  D:00E0H         PUBLIC        ACC
  B:00A8H.1       PUBLIC        ET0
  B:00A8H.3       PUBLIC        ET1
  D:008CH         PUBLIC        TH0
  D:008DH         PUBLIC        TH1
  D:008AH         PUBLIC        TL0
  D:008BH         PUBLIC        TL1
  C:000AH         PUBLIC        timer0
  C:001EH         PUBLIC        timer1
  B:0088H.4       PUBLIC        TR0
  B:0088H.6       PUBLIC        TR1
  D:00D0H         PUBLIC        PSW
  -------         PROC          TIME_INIT
  C:2A8EH         LINE#         28
  C:2A8EH         LINE#         29
  C:2A8EH         LINE#         30
  C:2A91H         LINE#         41
BL51 BANKED LINKER/LOCATER V6.22                                                      07/16/2017  23:21:51  PAGE 9


  C:2A94H         LINE#         53
  C:2A97H         LINE#         54
  C:2A9AH         LINE#         57
  C:2A9DH         LINE#         58
  C:2AA0H         LINE#         59
  C:2AA2H         LINE#         61
  C:2AA4H         LINE#         62
  C:2AA7H         LINE#         63
  C:2AAAH         LINE#         66
  C:2AACH         LINE#         67
  C:2AAEH         LINE#         70
  -------         ENDPROC       TIME_INIT
  -------         PROC          TIMER0
  C:000AH         LINE#         80
  C:000AH         LINE#         88
  -------         ENDPROC       TIMER0
  -------         PROC          TIMER1
  C:001EH         LINE#         99
  C:001EH         LINE#         104
  -------         ENDPROC       TIMER1
  -------         ENDMOD        TIME

  -------         MODULE        MAIN
  C:0000H         SYMBOL        _ICE_DUMMY_
  X:0000H         PUBLIC        sendnum
  D:0093H         PUBLIC        P0M1
  C:197CH         PUBLIC        _Make
  C:280FH         PUBLIC        _Sounds
  D:0080H         PUBLIC        P0
  X:0001H         PUBLIC        bufini
  D:0090H         PUBLIC        P1
  D:00A0H         PUBLIC        P2
  C:26AFH         PUBLIC        _GetCardSerial
  D:00B0H         PUBLIC        P3
  C:0026H         PUBLIC        _MakeResult
  D:00C0H         PUBLIC        P4
  D:00C8H         PUBLIC        P5
  B:00A8H.7       PUBLIC        EA
  X:0002H         PUBLIC        bufino
  C:2A44H         PUBLIC        _Send
  D:00A8H         PUBLIC        IE
  X:0003H         PUBLIC        cardwdatastu
  D:0008H         PUBLIC        pp2
  B:0020H.0       PUBLIC        internal2
  C:2A00H         PUBLIC        RecoverPsw
  X:0004H         PUBLIC        newkey
  B:00A8H.4       PUBLIC        ES
  D:00B8H         PUBLIC        IP
  B:0098H.0       PUBLIC        RI
  C:14D3H         PUBLIC        _ReadUserCard
  B:0098H.1       PUBLIC        TI
  D:00D8H         PUBLIC        CCON
  C:17ECH         PUBLIC        main
  X:0014H         PUBLIC        g_ulAgentID
  C:1184H         PUBLIC        _WriteUserCard
  D:0099H         PUBLIC        SBUF
  C:08E5H         PUBLIC        WriteOffsetPswCard
BL51 BANKED LINKER/LOCATER V6.22                                                      07/16/2017  23:21:51  PAGE 10


  D:0098H         PUBLIC        SCON
  X:0018H         PUBLIC        Password_Data
  D:0088H         PUBLIC        TCON
  I:000DH         PUBLIC        counter2
  X:001CH         PUBLIC        cardknumstu
  X:001DH         PUBLIC        cardsizestu
  C:1CCDH         PUBLIC        _ClearFrcCardPsw
  X:001EH         PUBLIC        g_chPackageFlag
  D:00F0H         PUBLIC        B
  D:008EH         PUBLIC        AUXR
  C:275EH         SYMBOL        _?ix1000
  C:2762H         SYMBOL        _?ix1001
  C:2772H         SYMBOL        _?ix1002
  C:2775H         SYMBOL        _?ix1003
  C:2785H         SYMBOL        _?ix1004
  D:00E0H         PUBLIC        ACC
  C:2789H         SYMBOL        _?ix1005
  C:2799H         SYMBOL        _?ix1006
  C:279DH         SYMBOL        _?ix1007
  C:0046H         PUBLIC        ScanCommand
  C:27A1H         SYMBOL        _?ix1008
  X:001FH         PUBLIC        cardnumstu
  C:216AH         PUBLIC        _VerifyProduceCode
  D:00D6H         PUBLIC        T2H
  C:24B3H         PUBLIC        Uart1
  C:2445H         PUBLIC        Uart2
  C:1BCBH         PUBLIC        _WriteAgentIDToCard
  D:00D7H         PUBLIC        T2L
  X:0020H         PUBLIC        bt_data
  C:2BA5H         PUBLIC        UART_init
  B:00C8H.4       PUBLIC        LED
  C:0D8CH         PUBLIC        _WriteFunctionCard
  X:007AH         PUBLIC        cardtypstu
  X:007BH         PUBLIC        cardknum
  X:008BH         PUBLIC        cardsize
  X:008CH         PUBLIC        maincmd
  X:00E6H         PUBLIC        g_chVerifyProduceFlag
  C:133EH         PUBLIC        _ReadFuntionCard
  D:009BH         PUBLIC        S2BUF
  C:235EH         PUBLIC        _WriteFrcCardPsw
  B:0080H.5       PUBLIC        FMQ
  C:0B50H         PUBLIC        _GetCommand
  D:009AH         PUBLIC        S2CON
  X:00E7H         PUBLIC        g_chProduceFlag
  X:00E8H         PUBLIC        cardkey
  X:00EEH         PUBLIC        g_chPasswordFlag
  X:00EFH         PUBLIC        chAgentIDBuf
  C:2706H         PUBLIC        GeneratePsw
  X:00F3H         PUBLIC        g_chReversCheckFlag
  X:00F4H         PUBLIC        cardnum
  X:00F8H         PUBLIC        g_chOffsetSecton
  D:000BH         PUBLIC        p
  C:2B3FH         PUBLIC        Flash
  C:1AA7H         PUBLIC        _WriteProductCode
  X:00F9H         PUBLIC        card_new_key
  X:0109H         PUBLIC        bt_buf
  C:23D7H         PUBLIC        _ReadInterParam
BL51 BANKED LINKER/LOCATER V6.22                                                      07/16/2017  23:21:51  PAGE 11


  D:00D0H         PUBLIC        PSW
  X:0163H         PUBLIC        cardtyp
  X:0165H         PUBLIC        g_chVerifyAgentFlag
  X:0166H         PUBLIC        cardcheckstu
  C:2AFFH         PUBLIC        Beep
  D:0094H         PUBLIC        P0M0
  -------         PROC          UART_INIT
  C:2BA5H         LINE#         128
  C:2BA5H         LINE#         129
  C:2BA5H         LINE#         132
  C:2BA8H         LINE#         137
  C:2BABH         LINE#         138
  C:2BAEH         LINE#         143
  C:2BB1H         LINE#         147
  C:2BB3H         LINE#         148
  -------         ENDPROC       UART_INIT
  C:2A3CH         SYMBOL        L?0294
  -------         PROC          L?0293
  -------         ENDPROC       L?0293
  C:2A3CH         SYMBOL        L?0294
  -------         PROC          _SEND
  D:0001H         SYMBOL        str
  D:0004H         SYMBOL        len
  C:2A44H         LINE#         149
  C:2A44H         LINE#         150
  C:2A44H         LINE#         151
  C:2A4AH         LINE#         152
  C:2A51H         LINE#         153
  C:2A53H         LINE#         154
  C:2A66H         LINE#         155
  C:2A69H         LINE#         156
  -------         ENDPROC       _SEND
  -------         PROC          BEEP
  C:2AFFH         LINE#         159
  C:2AFFH         LINE#         160
  C:2AFFH         LINE#         161
  C:2B01H         LINE#         162
  C:2B04H         LINE#         163
  C:2B07H         LINE#         164
  C:2B0AH         LINE#         165
  C:2B0CH         LINE#         166
  C:2B0FH         LINE#         167
  C:2B12H         LINE#         168
  -------         ENDPROC       BEEP
  -------         PROC          FLASH
  C:2B3FH         LINE#         171
  C:2B3FH         LINE#         172
  C:2B3FH         LINE#         173
  C:2B41H         LINE#         174
  C:2B43H         LINE#         175
  C:2B46H         LINE#         176
  C:2B49H         LINE#         177
  C:2B4CH         LINE#         178
  C:2B4EH         LINE#         179
  C:2B50H         LINE#         180
  -------         ENDPROC       FLASH
  C:2802H         SYMBOL        L?0290
BL51 BANKED LINKER/LOCATER V6.22                                                      07/16/2017  23:21:51  PAGE 12


  C:2807H         SYMBOL        L?0291
  C:2809H         SYMBOL        L?0292
  -------         PROC          L?0289
  -------         ENDPROC       L?0289
  C:2802H         SYMBOL        L?0290
  C:2807H         SYMBOL        L?0291
  C:2809H         SYMBOL        L?0292
  -------         PROC          _SOUNDS
  D:002AH         SYMBOL        uCount
  -------         DO            
  X:017FH         SYMBOL        i
  -------         ENDDO         
  C:280FH         LINE#         182
  C:2817H         LINE#         183
  C:2817H         LINE#         185
  C:2833H         LINE#         186
  C:2836H         LINE#         187
  C:283EH         LINE#         188
  -------         ENDPROC       _SOUNDS
  -------         PROC          _MAKERESULT
  D:0007H         SYMBOL        errOkFlag
  C:0026H         LINE#         200
  C:0026H         LINE#         201
  C:0026H         LINE#         202
  C:0029H         LINE#         203
  C:0029H         LINE#         204
  C:002FH         LINE#         205
  C:0032H         LINE#         206
  C:0032H         LINE#         208
  C:0032H         LINE#         209
  C:0037H         LINE#         210
  C:003FH         LINE#         211
  C:003FH         LINE#         212
  -------         ENDPROC       _MAKERESULT
  C:1970H         SYMBOL        L?0286
  C:1972H         SYMBOL        L?0287
  C:1978H         SYMBOL        L?0288
  -------         PROC          L?0285
  -------         ENDPROC       L?0285
  C:1970H         SYMBOL        L?0286
  C:1972H         SYMBOL        L?0287
  C:1978H         SYMBOL        L?0288
  -------         PROC          _MAKE
  D:002AH         SYMBOL        chType
  D:002BH         SYMBOL        len
  D:002DH         SYMBOL        sendbao
  -------         DO            
  X:017EH         SYMBOL        i
  X:017FH         SYMBOL        sum
  X:0181H         SYMBOL        bao
  -------         ENDDO         
  C:197CH         LINE#         220
  C:1988H         LINE#         221
  C:1988H         LINE#         226
  C:198FH         LINE#         228
  C:19A7H         LINE#         229
  C:19A7H         LINE#         230
BL51 BANKED LINKER/LOCATER V6.22                                                      07/16/2017  23:21:51  PAGE 13


  C:19C4H         LINE#         231
  C:19CCH         LINE#         232
  C:19D7H         LINE#         233
  C:19E5H         LINE#         235
  C:19EDH         LINE#         236
  C:19F5H         LINE#         237
  C:19FDH         LINE#         239
  C:1A19H         LINE#         240
  C:1A19H         LINE#         241
  C:1A38H         LINE#         242
  C:1A54H         LINE#         243
  C:1A5CH         LINE#         245
  C:1A76H         LINE#         247
  C:1A91H         LINE#         248
  -------         ENDPROC       _MAKE
  -------         PROC          L?0297
  -------         ENDPROC       L?0297
  -------         PROC          _GETCARDSERIAL
  D:002CH         SYMBOL        ucSerial
  D:0005H         SYMBOL        ucLength
  -------         DO            
  X:017FH         SYMBOL        ucRet
  -------         ENDDO         
  C:26AFH         LINE#         271
  C:26B5H         LINE#         272
  C:26B5H         LINE#         273
  C:26BBH         LINE#         274
  C:26C6H         LINE#         275
  C:26C9H         LINE#         277
  C:26D9H         LINE#         278
  C:26DBH         LINE#         279
  C:26DBH         LINE#         280
  C:26EBH         LINE#         281
  C:26EDH         LINE#         282
  C:26EDH         LINE#         283
  C:26F0H         LINE#         284
  C:26F0H         LINE#         285
  C:26F0H         LINE#         286
  C:26FEH         LINE#         288
  C:2700H         LINE#         289
  C:2703H         LINE#         290
  C:2705H         LINE#         291
  -------         ENDPROC       _GETCARDSERIAL
  -------         PROC          GENERATEPSW
  -------         DO            
  X:0185H         SYMBOL        i
  X:0186H         SYMBOL        ucRet
  X:0187H         SYMBOL        ucCardSerial
  -------         ENDDO         
  C:2706H         LINE#         301
  C:2706H         LINE#         302
  C:2706H         LINE#         304
  C:270BH         LINE#         305
  C:271DH         LINE#         307
  C:2722H         LINE#         308
  C:2748H         LINE#         313
  C:275BH         LINE#         315
BL51 BANKED LINKER/LOCATER V6.22                                                      07/16/2017  23:21:51  PAGE 14


  C:275DH         LINE#         316
  -------         ENDPROC       GENERATEPSW
  -------         PROC          RECOVERPSW
  -------         DO            
  X:0167H         SYMBOL        i
  -------         ENDDO         
  C:2A00H         LINE#         319
  C:2A00H         LINE#         320
  C:2A00H         LINE#         323
  C:2A0FH         LINE#         324
  C:2A24H         LINE#         329
  C:2A37H         LINE#         331
  C:2A39H         LINE#         332
  -------         ENDPROC       RECOVERPSW
  -------         PROC          _GETCOMMAND
  D:0007H         SYMBOL        chType
  D:002BH         SYMBOL        bufino
  D:002EH         SYMBOL        bufini
  -------         DO            
  D:002FH         SYMBOL        combuf
  D:0031H         SYMBOL        dat
  X:0167H         SYMBOL        i
  X:0168H         SYMBOL        j
  X:0169H         SYMBOL        len2
  X:016AH         SYMBOL        k
  X:016BH         SYMBOL        crc
  C:0B75H         SYMBOL        rescan1
  -------         ENDDO         
  C:0B50H         LINE#         334
  C:0B56H         LINE#         335
  C:0B56H         LINE#         340
  C:0B59H         LINE#         341
  C:0B59H         LINE#         342
  C:0B5FH         LINE#         343
  C:0B68H         LINE#         344
  C:0B68H         LINE#         346
  C:0B75H         LINE#         348
  C:0B75H         LINE#         349
  C:0B7CH         LINE#         350
  C:0B7FH         LINE#         352
  C:0B95H         LINE#         353
  C:0B95H         LINE#         354
  C:0B9EH         LINE#         355
  C:0BA0H         LINE#         356
  C:0BA0H         LINE#         357
  C:0BA3H         LINE#         358
  C:0BA3H         LINE#         359
  C:0BACH         LINE#         360
  C:0BAEH         LINE#         361
  C:0BB5H         LINE#         362
  C:0BB8H         LINE#         363
  C:0BCEH         LINE#         364
  C:0BCEH         LINE#         365
  C:0BD7H         LINE#         366
  C:0BD9H         LINE#         367
  C:0BD9H         LINE#         368
  C:0BDCH         LINE#         369
BL51 BANKED LINKER/LOCATER V6.22                                                      07/16/2017  23:21:51  PAGE 15


  C:0BDCH         LINE#         370
  C:0BE5H         LINE#         371
  C:0BE7H         LINE#         373
  C:0BEEH         LINE#         374
  C:0BF1H         LINE#         376
  C:0C07H         LINE#         378
  C:0C10H         LINE#         379
  C:0C12H         LINE#         381
  C:0C19H         LINE#         382
  C:0C1CH         LINE#         384
  C:0C22H         LINE#         386
  C:0C28H         LINE#         387
  C:0C2AH         LINE#         388
  C:0C31H         LINE#         389
  C:0C34H         LINE#         391
  C:0C4AH         LINE#         393
  C:0C53H         LINE#         394
  C:0C55H         LINE#         395
  C:0C5DH         LINE#         396
  C:0C60H         LINE#         399
  C:0C6FH         LINE#         400
  C:0C6FH         LINE#         401
  C:0C76H         LINE#         402
  C:0C79H         LINE#         403
  C:0C79H         LINE#         405
  C:0C8DH         LINE#         406
  C:0C92H         LINE#         408
  C:0C9AH         LINE#         409
  C:0C9AH         LINE#         410
  C:0CA1H         LINE#         411
  C:0CA4H         LINE#         412
  C:0CD1H         LINE#         414
  C:0CDAH         LINE#         415
  C:0CDCH         LINE#         416
  C:0CEEH         LINE#         417
  C:0CF4H         LINE#         418
  C:0CF6H         LINE#         419
  C:0CFDH         LINE#         420
  C:0D00H         LINE#         421
  C:0D21H         LINE#         423
  C:0D2AH         LINE#         424
  C:0D2CH         LINE#         425
  C:0D33H         LINE#         426
  C:0D36H         LINE#         428
  C:0D57H         LINE#         430
  C:0D60H         LINE#         431
  C:0D62H         LINE#         433
  C:0D6CH         LINE#         434
  C:0D6CH         LINE#         435
  C:0D79H         LINE#         440
  C:0D7CH         LINE#         441
  C:0D7CH         LINE#         443
  C:0D7CH         LINE#         444
  C:0D89H         LINE#         445
  C:0D8BH         LINE#         446
  C:0D8BH         LINE#         447
  -------         ENDPROC       _GETCOMMAND
BL51 BANKED LINKER/LOCATER V6.22                                                      07/16/2017  23:21:51  PAGE 16


  -------         PROC          _READFUNTIONCARD
  D:002AH         SYMBOL        chOffset
  -------         DO            
  X:0167H         SYMBOL        temp
  -------         ENDDO         
  C:133EH         LINE#         461
  C:1340H         LINE#         462
  C:1340H         LINE#         464
  C:135CH         LINE#         465
  C:135FH         LINE#         467
  C:1372H         LINE#         468
  C:138EH         LINE#         469
  C:1391H         LINE#         471
  C:13A4H         LINE#         472
  C:13C0H         LINE#         473
  C:13C3H         LINE#         475
  C:13D6H         LINE#         476
  C:13F2H         LINE#         477
  C:13F5H         LINE#         479
  C:1408H         LINE#         480
  C:1424H         LINE#         481
  C:1427H         LINE#         483
  C:143AH         LINE#         484
  C:1456H         LINE#         485
  C:1459H         LINE#         487
  C:146CH         LINE#         488
  C:1488H         LINE#         489
  C:148BH         LINE#         491
  C:149EH         LINE#         492
  C:14BAH         LINE#         493
  C:14BDH         LINE#         494
  C:14D0H         LINE#         495
  C:14D2H         LINE#         496
  -------         ENDPROC       _READFUNTIONCARD
  -------         PROC          _WRITEFUNCTIONCARD
  D:002AH         SYMBOL        chOffset
  -------         DO            
  X:0167H         SYMBOL        temp
  -------         ENDDO         
  C:0D8CH         LINE#         509
  C:0D8EH         LINE#         510
  C:0D8EH         LINE#         512
  C:0D9DH         LINE#         513
  C:0DB0H         LINE#         514
  C:0DCCH         LINE#         515
  C:0DCFH         LINE#         516
  C:0DDEH         LINE#         517
  C:0DF1H         LINE#         518
  C:0E0DH         LINE#         519
  C:0E10H         LINE#         520
  C:0E1FH         LINE#         521
  C:0E32H         LINE#         522
  C:0E4EH         LINE#         523
  C:0E51H         LINE#         524
  C:0E60H         LINE#         525
  C:0E73H         LINE#         526
  C:0E8FH         LINE#         527
BL51 BANKED LINKER/LOCATER V6.22                                                      07/16/2017  23:21:51  PAGE 17


  C:0E92H         LINE#         528
  C:0EA1H         LINE#         529
  C:0EB4H         LINE#         530
  C:0ED0H         LINE#         531
  C:0ED3H         LINE#         532
  C:0EE2H         LINE#         533
  C:0EF5H         LINE#         534
  C:0F11H         LINE#         535
  C:0F14H         LINE#         536
  C:0F23H         LINE#         537
  C:0F36H         LINE#         538
  C:0F52H         LINE#         539
  C:0F55H         LINE#         540
  C:0F64H         LINE#         541
  C:0F77H         LINE#         542
  C:0F93H         LINE#         543
  C:0F96H         LINE#         544
  C:0F98H         LINE#         545
  -------         ENDPROC       _WRITEFUNCTIONCARD
  -------         PROC          WRITEOFFSETPSWCARD
  -------         DO            
  X:0167H         SYMBOL        temp
  -------         ENDDO         
  C:08E5H         LINE#         547
  C:08E5H         LINE#         548
  C:08E5H         LINE#         549
  C:08F8H         LINE#         550
  C:090BH         LINE#         551
  C:0924H         LINE#         552
  C:0927H         LINE#         553
  C:0936H         LINE#         554
  C:0949H         LINE#         556
  C:0963H         LINE#         557
  C:0963H         LINE#         558
  C:097BH         LINE#         559
  C:0993H         LINE#         560
  C:09ABH         LINE#         561
  C:09BDH         LINE#         562
  C:09BDH         LINE#         564
  C:09D6H         LINE#         565
  C:09D9H         LINE#         566
  C:09E8H         LINE#         567
  C:09FBH         LINE#         568
  C:0A14H         LINE#         569
  C:0A17H         LINE#         570
  C:0A26H         LINE#         571
  C:0A39H         LINE#         572
  C:0A52H         LINE#         573
  C:0A55H         LINE#         574
  C:0A64H         LINE#         575
  C:0A77H         LINE#         576
  C:0A90H         LINE#         577
  C:0A93H         LINE#         578
  C:0AA2H         LINE#         579
  C:0AB5H         LINE#         580
  C:0ACEH         LINE#         581
  C:0AD1H         LINE#         582
BL51 BANKED LINKER/LOCATER V6.22                                                      07/16/2017  23:21:51  PAGE 18


  C:0AE0H         LINE#         583
  C:0AF3H         LINE#         584
  C:0B0CH         LINE#         585
  C:0B0FH         LINE#         586
  C:0B1EH         LINE#         587
  C:0B31H         LINE#         588
  C:0B4AH         LINE#         589
  C:0B4DH         LINE#         590
  C:0B4FH         LINE#         591
  -------         ENDPROC       WRITEOFFSETPSWCARD
  -------         PROC          _READUSERCARD
  D:002AH         SYMBOL        chOffset
  -------         DO            
  X:0167H         SYMBOL        temp
  D:002BH         SYMBOL        i
  -------         ENDDO         
  C:14D3H         LINE#         602
  C:14D5H         LINE#         603
  C:14D5H         LINE#         605
  C:14D8H         LINE#         606
  C:14E5H         LINE#         607
  C:1501H         LINE#         608
  C:1504H         LINE#         609
  C:1517H         LINE#         610
  C:1533H         LINE#         611
  C:1536H         LINE#         613
  C:1539H         LINE#         614
  C:1550H         LINE#         616
  C:1563H         LINE#         617
  C:157FH         LINE#         618
  C:1582H         LINE#         619
  C:1595H         LINE#         620
  C:15B1H         LINE#         621
  C:15B4H         LINE#         622
  C:15C7H         LINE#         623
  C:15E3H         LINE#         624
  C:15E6H         LINE#         625
  C:15F9H         LINE#         626
  C:1615H         LINE#         627
  C:1618H         LINE#         628
  C:162BH         LINE#         630
  C:1647H         LINE#         631
  C:164AH         LINE#         632
  C:165DH         LINE#         634
  C:165FH         LINE#         635
  -------         ENDPROC       _READUSERCARD
  -------         PROC          _WRITEUSERCARD
  D:002AH         SYMBOL        chOffset
  -------         DO            
  X:0167H         SYMBOL        temp
  D:002BH         SYMBOL        i
  -------         ENDDO         
  C:1184H         LINE#         638
  C:1186H         LINE#         639
  C:1186H         LINE#         641
  C:1189H         LINE#         643
  C:119BH         LINE#         644
BL51 BANKED LINKER/LOCATER V6.22                                                      07/16/2017  23:21:51  PAGE 19


  C:11B7H         LINE#         645
  C:11BAH         LINE#         647
  C:11CDH         LINE#         649
  C:11D0H         LINE#         650
  C:11E6H         LINE#         651
  C:1202H         LINE#         652
  C:1205H         LINE#         654
  C:1218H         LINE#         656
  C:1234H         LINE#         657
  C:1237H         LINE#         659
  C:1246H         LINE#         660
  C:1259H         LINE#         661
  C:1275H         LINE#         662
  C:1278H         LINE#         664
  C:1287H         LINE#         665
  C:129AH         LINE#         666
  C:12B6H         LINE#         667
  C:12B9H         LINE#         669
  C:12C8H         LINE#         670
  C:12DBH         LINE#         671
  C:12F7H         LINE#         672
  C:12FAH         LINE#         674
  C:1309H         LINE#         675
  C:131CH         LINE#         676
  C:1338H         LINE#         677
  C:133BH         LINE#         678
  C:133DH         LINE#         679
  -------         ENDPROC       _WRITEUSERCARD
  -------         PROC          _WRITEFRCCARDPSW
  D:0026H         SYMBOL        ucOffset
  -------         DO            
  X:017EH         SYMBOL        uIndexArea
  X:017FH         SYMBOL        ucRet
  X:0182H         SYMBOL        uSection
  X:0183H         SYMBOL        i
  X:0184H         SYMBOL        iSectionCount
  -------         ENDDO         
  C:235EH         LINE#         708
  C:2360H         LINE#         709
  C:2360H         LINE#         710
  C:2365H         LINE#         711
  C:2377H         LINE#         712
  C:237FH         LINE#         713
  C:2382H         LINE#         714
  C:2386H         LINE#         717
  C:2389H         LINE#         719
  C:2396H         LINE#         721
  C:239DH         LINE#         722
  C:23A3H         LINE#         724
  C:23B6H         LINE#         725
  C:23D6H         LINE#         726
  -------         ENDPROC       _WRITEFRCCARDPSW
  -------         PROC          _CLEARFRCCARDPSW
  D:0007H         SYMBOL        ucOffset
  -------         DO            
  X:0167H         SYMBOL        uIndexArea
  X:0168H         SYMBOL        uSection
BL51 BANKED LINKER/LOCATER V6.22                                                      07/16/2017  23:21:51  PAGE 20


  X:0169H         SYMBOL        i
  X:016AH         SYMBOL        ucPsw
  X:017AH         SYMBOL        ucCardSerial
  X:017EH         SYMBOL        ucRet
  -------         ENDDO         
  C:1CCDH         LINE#         730
  C:1CCDH         LINE#         731
  C:1CCDH         LINE#         732
  C:1CD2H         LINE#         733
  C:1CD7H         LINE#         734
  C:1CDAH         LINE#         735
  C:1CECH         LINE#         737
  C:1CFFH         LINE#         739
  C:1D0BH         LINE#         741
  C:1D0FH         LINE#         744
  C:1D3FH         LINE#         752
  C:1D4CH         LINE#         754
  C:1D5BH         LINE#         755
  C:1D5BH         LINE#         756
  C:1D73H         LINE#         757
  C:1D7BH         LINE#         759
  C:1D81H         LINE#         762
  C:1D84H         LINE#         763
  -------         ENDPROC       _CLEARFRCCARDPSW
  -------         PROC          _WRITEPRODUCTCODE
  D:0025H         SYMBOL        ucOffset
  -------         DO            
  X:0167H         SYMBOL        ucRet
  X:0168H         SYMBOL        uIndexArea
  X:0169H         SYMBOL        chProductCode
  X:0179H         SYMBOL        ucCardSerial
  X:017DH         SYMBOL        i
  -------         ENDDO         
  C:1AA7H         LINE#         766
  C:1AA9H         LINE#         767
  C:1AA9H         LINE#         768
  C:1AAFH         LINE#         769
  C:1AB2H         LINE#         771
  C:1AC4H         LINE#         774
  C:1AD7H         LINE#         775
  C:1ADCH         LINE#         777
  C:1AE8H         LINE#         779
  C:1AECH         LINE#         780
  C:1AEFH         LINE#         782
  C:1B1FH         LINE#         786
  C:1B22H         LINE#         789
  C:1B29H         LINE#         790
  C:1B2EH         LINE#         793
  C:1B37H         LINE#         794
  C:1B40H         LINE#         796
  C:1B46H         LINE#         798
  C:1B4EH         LINE#         799
  C:1B56H         LINE#         800
  C:1B59H         LINE#         801
  C:1B5CH         LINE#         805
  C:1B63H         LINE#         806
  C:1B79H         LINE#         808
BL51 BANKED LINKER/LOCATER V6.22                                                      07/16/2017  23:21:51  PAGE 21


  C:1B95H         LINE#         810
  C:1B9DH         LINE#         811
  C:1B9DH         LINE#         812
  C:1BA2H         LINE#         814
  C:1BA5H         LINE#         816
  C:1BABH         LINE#         817
  C:1BAFH         LINE#         818
  C:1BB4H         LINE#         819
  C:1BB9H         LINE#         821
  C:1BBCH         LINE#         822
  C:1BBCH         LINE#         824
  C:1BC1H         LINE#         825
  C:1BC3H         LINE#         826
  -------         ENDPROC       _WRITEPRODUCTCODE
  C:1BC4H         SYMBOL        L?0296
  -------         PROC          L?0295
  -------         ENDPROC       L?0295
  C:1BC4H         SYMBOL        L?0296
  -------         PROC          _WRITEAGENTIDTOCARD
  D:002AH         SYMBOL        ucOffset
  -------         DO            
  D:002BH         SYMBOL        ucRet
  X:0167H         SYMBOL        ucCardSerial
  X:016BH         SYMBOL        temp
  -------         ENDDO         
  C:1BCBH         LINE#         829
  C:1BCDH         LINE#         830
  C:1BCDH         LINE#         831
  C:1BD0H         LINE#         832
  C:1BE3H         LINE#         833
  C:1BF6H         LINE#         835
  C:1C12H         LINE#         837
  C:1C15H         LINE#         839
  C:1C22H         LINE#         841
  C:1C28H         LINE#         843
  C:1C2BH         LINE#         845
  C:1C43H         LINE#         846
  C:1C5BH         LINE#         847
  C:1C73H         LINE#         848
  C:1C84H         LINE#         851
  C:1C88H         LINE#         853
  C:1C90H         LINE#         854
  C:1C98H         LINE#         855
  C:1CA0H         LINE#         856
  C:1CA8H         LINE#         859
  C:1CC1H         LINE#         861
  C:1CC7H         LINE#         863
  C:1CCAH         LINE#         865
  C:1CCCH         LINE#         866
  -------         ENDPROC       _WRITEAGENTIDTOCARD
  -------         PROC          _VERIFYPRODUCECODE
  D:002AH         SYMBOL        ucOffset
  -------         DO            
  D:002BH         SYMBOL        ucRet
  D:0007H         SYMBOL        cRet
  -------         ENDDO         
  C:216AH         LINE#         912
BL51 BANKED LINKER/LOCATER V6.22                                                      07/16/2017  23:21:51  PAGE 22


  C:216CH         LINE#         913
  C:216CH         LINE#         914
  C:216FH         LINE#         915
  C:2171H         LINE#         927
  C:217CH         LINE#         929
  C:2181H         LINE#         930
  C:2184H         LINE#         932
  C:2193H         LINE#         934
  C:21ACH         LINE#         936
  C:21B2H         LINE#         937
  C:21B5H         LINE#         939
  C:21CDH         LINE#         941
  C:21D0H         LINE#         944
  C:21E3H         LINE#         945
  C:21E9H         LINE#         947
  C:21EBH         LINE#         948
  -------         ENDPROC       _VERIFYPRODUCECODE
  -------         PROC          _READINTERPARAM
  D:002AH         SYMBOL        pBuf
  -------         DO            
  X:0167H         SYMBOL        temp
  -------         ENDDO         
  C:23D7H         LINE#         951
  C:23DDH         LINE#         952
  C:23DDH         LINE#         954
  C:23F6H         LINE#         955
  C:23F9H         LINE#         956
  C:240CH         LINE#         958
  C:2425H         LINE#         959
  C:2428H         LINE#         961
  C:2442H         LINE#         963
  C:2444H         LINE#         964
  -------         ENDPROC       _READINTERPARAM
  -------         PROC          SCANCOMMAND
  -------         DO            
  D:0025H         SYMBOL        i
  D:0005H         SYMBOL        j
  D:0026H         SYMBOL        errOkFlag
  D:0027H         SYMBOL        ErrAgentCard
  D:0028H         SYMBOL        ErrWriteSerial
  D:0029H         SYMBOL        ucPswFlag
  -------         ENDDO         
  C:0046H         LINE#         1011
  C:0046H         LINE#         1012
  C:0046H         LINE#         1013
  C:004AH         LINE#         1014
  C:004CH         LINE#         1015
  C:004EH         LINE#         1016
  C:0050H         LINE#         1017
  C:0052H         LINE#         1018
  C:006BH         LINE#         1019
  C:006BH         LINE#         1021
  C:006BH         LINE#         1023
  C:00B0H         LINE#         1024
  C:00B0H         LINE#         1025
  C:00B0H         LINE#         1026
  C:00BBH         LINE#         1027
BL51 BANKED LINKER/LOCATER V6.22                                                      07/16/2017  23:21:51  PAGE 23


  C:00BBH         LINE#         1028
  C:00BBH         LINE#         1029
  C:00BFH         LINE#         1030
  C:00C1H         LINE#         1031
  C:00C1H         LINE#         1032
  C:00CEH         LINE#         1033
  C:00E7H         LINE#         1034
  C:00E7H         LINE#         1035
  C:00F5H         LINE#         1036
  C:00F9H         LINE#         1037
  C:00F9H         LINE#         1038
  C:0102H         LINE#         1039
  C:0111H         LINE#         1040
  C:0119H         LINE#         1041
  C:0119H         LINE#         1042
  C:011CH         LINE#         1043
  C:011CH         LINE#         1045
  C:0123H         LINE#         1046
  C:0126H         LINE#         1047
  C:0129H         LINE#         1048
  C:0129H         LINE#         1049
  C:0140H         LINE#         1050
  C:0140H         LINE#         1051
  C:014DH         LINE#         1052
  C:014DH         LINE#         1053
  C:0156H         LINE#         1054
  C:0161H         LINE#         1055
  C:0164H         LINE#         1057
  C:0164H         LINE#         1058
  C:0164H         LINE#         1059
  C:0167H         LINE#         1060
  C:016FH         LINE#         1061
  C:016FH         LINE#         1063
  C:0176H         LINE#         1064
  C:0179H         LINE#         1066
  C:0183H         LINE#         1068
  C:018AH         LINE#         1069
  C:018DH         LINE#         1071
  C:0192H         LINE#         1072
  C:0198H         LINE#         1073
  C:01A6H         LINE#         1074
  C:01AEH         LINE#         1075
  C:01B1H         LINE#         1077
  C:01BCH         LINE#         1078
  C:01BCH         LINE#         1079
  C:01C4H         LINE#         1080
  C:01C4H         LINE#         1082
  C:01CBH         LINE#         1083
  C:01CEH         LINE#         1085
  C:01DBH         LINE#         1087
  C:01E2H         LINE#         1088
  C:01E5H         LINE#         1090
  C:01EDH         LINE#         1091
  C:01EDH         LINE#         1092
  C:01F5H         LINE#         1093
  C:01F9H         LINE#         1095
  C:01FFH         LINE#         1096
BL51 BANKED LINKER/LOCATER V6.22                                                      07/16/2017  23:21:51  PAGE 24


  C:0201H         LINE#         1097
  C:0209H         LINE#         1099
  C:0215H         LINE#         1100
  C:0215H         LINE#         1101
  C:0218H         LINE#         1103
  C:0218H         LINE#         1104
  C:0218H         LINE#         1107
  C:021FH         LINE#         1108
  C:0222H         LINE#         1111
  C:022AH         LINE#         1112
  C:022FH         LINE#         1116
  C:0236H         LINE#         1117
  C:0239H         LINE#         1119
  C:023EH         LINE#         1120
  C:0244H         LINE#         1121
  C:0248H         LINE#         1122
  C:024CH         LINE#         1123
  C:0254H         LINE#         1125
  C:0263H         LINE#         1126
  C:026BH         LINE#         1127
  C:026BH         LINE#         1128
  C:026EH         LINE#         1129
  C:026EH         LINE#         1130
  C:0271H         LINE#         1132
  C:0279H         LINE#         1133
  C:0279H         LINE#         1134
  C:0280H         LINE#         1135
  C:0283H         LINE#         1137
  C:028DH         LINE#         1139
  C:0294H         LINE#         1140
  C:0297H         LINE#         1142
  C:029CH         LINE#         1143
  C:02A2H         LINE#         1144
  C:02B0H         LINE#         1145
  C:02B8H         LINE#         1146
  C:02BBH         LINE#         1148
  C:02C6H         LINE#         1149
  C:02C6H         LINE#         1150
  C:02CEH         LINE#         1151
  C:02CEH         LINE#         1153
  C:02D5H         LINE#         1154
  C:02D8H         LINE#         1156
  C:02E5H         LINE#         1158
  C:02ECH         LINE#         1159
  C:02EFH         LINE#         1161
  C:02F7H         LINE#         1162
  C:02F7H         LINE#         1163
  C:02FFH         LINE#         1164
  C:0303H         LINE#         1166
  C:0309H         LINE#         1167
  C:030BH         LINE#         1169
  C:031AH         LINE#         1170
  C:0327H         LINE#         1171
  C:0330H         LINE#         1173
  C:0330H         LINE#         1174
  C:0330H         LINE#         1177
  C:0337H         LINE#         1178
BL51 BANKED LINKER/LOCATER V6.22                                                      07/16/2017  23:21:51  PAGE 25


  C:033AH         LINE#         1180
  C:0342H         LINE#         1181
  C:0347H         LINE#         1185
  C:034EH         LINE#         1186
  C:0351H         LINE#         1188
  C:0356H         LINE#         1189
  C:035CH         LINE#         1190
  C:0360H         LINE#         1191
  C:0364H         LINE#         1192
  C:0373H         LINE#         1193
  C:037BH         LINE#         1194
  C:037BH         LINE#         1195
  C:037EH         LINE#         1196
  C:037EH         LINE#         1197
  C:0381H         LINE#         1199
  C:0389H         LINE#         1200
  C:0389H         LINE#         1201
  C:0393H         LINE#         1202
  C:0396H         LINE#         1203
  C:039CH         LINE#         1204
  C:03AAH         LINE#         1205
  C:03B2H         LINE#         1207
  C:03B5H         LINE#         1209
  C:03C0H         LINE#         1210
  C:03C0H         LINE#         1211
  C:03C7H         LINE#         1212
  C:03C7H         LINE#         1213
  C:03CAH         LINE#         1215
  C:03CFH         LINE#         1216
  C:03D6H         LINE#         1219
  C:03DEH         LINE#         1220
  C:03DEH         LINE#         1221
  C:03E0H         LINE#         1222
  C:03E8H         LINE#         1223
  C:03E8H         LINE#         1224
  C:03EBH         LINE#         1226
  C:03F3H         LINE#         1227
  C:03F8H         LINE#         1229
  C:0400H         LINE#         1230
  C:0403H         LINE#         1231
  C:0405H         LINE#         1233
  C:0405H         LINE#         1235
  C:040CH         LINE#         1236
  C:040FH         LINE#         1238
  C:0417H         LINE#         1239
  C:041CH         LINE#         1242
  C:0423H         LINE#         1243
  C:0426H         LINE#         1244
  C:0426H         LINE#         1246
  C:042BH         LINE#         1247
  C:0431H         LINE#         1248
  C:0435H         LINE#         1249
  C:0439H         LINE#         1250
  C:0448H         LINE#         1251
  C:0450H         LINE#         1252
  C:0450H         LINE#         1253
  C:0453H         LINE#         1254
BL51 BANKED LINKER/LOCATER V6.22                                                      07/16/2017  23:21:51  PAGE 26


  C:0453H         LINE#         1255
  C:0453H         LINE#         1256
  C:0453H         LINE#         1257
  C:0453H         LINE#         1258
  C:0453H         LINE#         1259
  C:0456H         LINE#         1260
  C:0461H         LINE#         1261
  C:0461H         LINE#         1262
  C:046AH         LINE#         1263
  C:046FH         LINE#         1264
  C:0475H         LINE#         1265
  C:048DH         LINE#         1266
  C:04A5H         LINE#         1267
  C:04BDH         LINE#         1268
  C:04CCH         LINE#         1269
  C:04D4H         LINE#         1270
  C:04DCH         LINE#         1271
  C:04EBH         LINE#         1272
  C:04F8H         LINE#         1273
  C:04F8H         LINE#         1274
  C:0503H         LINE#         1275
  C:0503H         LINE#         1276
  C:0509H         LINE#         1277
  C:0511H         LINE#         1278
  C:0519H         LINE#         1279
  C:0521H         LINE#         1282
  C:052AH         LINE#         1284
  C:052FH         LINE#         1285
  C:0535H         LINE#         1286
  C:0538H         LINE#         1287
  C:0550H         LINE#         1288
  C:0568H         LINE#         1289
  C:0580H         LINE#         1290
  C:058FH         LINE#         1291
  C:0593H         LINE#         1293
  C:05A2H         LINE#         1294
  C:05AAH         LINE#         1295
  C:05AAH         LINE#         1296
  C:05ADH         LINE#         1297
  C:05ADH         LINE#         1298
  C:05B2H         LINE#         1299
  C:05BAH         LINE#         1300
  C:05BAH         LINE#         1301
  C:05C8H         LINE#         1302
  C:05CDH         LINE#         1303
  C:05D4H         LINE#         1304
  C:05D8H         LINE#         1305
  C:05DFH         LINE#         1306
  C:05DFH         LINE#         1307
  C:05E2H         LINE#         1308
  C:05E7H         LINE#         1309
  C:05ECH         LINE#         1310
  C:05F1H         LINE#         1311
  C:05F6H         LINE#         1312
  C:05FBH         LINE#         1313
  C:05FBH         LINE#         1314
  C:0603H         LINE#         1315
BL51 BANKED LINKER/LOCATER V6.22                                                      07/16/2017  23:21:51  PAGE 27


  C:0605H         LINE#         1316
  C:0608H         LINE#         1317
  C:0610H         LINE#         1318
  C:0613H         LINE#         1319
  C:0619H         LINE#         1320
  C:0619H         LINE#         1321
  C:061DH         LINE#         1322
  C:0622H         LINE#         1323
  C:0625H         LINE#         1324
  C:0627H         LINE#         1325
  C:062FH         LINE#         1326
  C:0632H         LINE#         1327
  C:063AH         LINE#         1328
  C:063DH         LINE#         1329
  C:0645H         LINE#         1330
  C:0645H         LINE#         1331
  C:064FH         LINE#         1332
  C:0652H         LINE#         1333
  C:0654H         LINE#         1334
  C:0659H         LINE#         1335
  C:065DH         LINE#         1336
  C:0660H         LINE#         1337
  C:0668H         LINE#         1338
  C:066BH         LINE#         1339
  C:0673H         LINE#         1340
  C:0673H         LINE#         1341
  C:067DH         LINE#         1342
  C:0680H         LINE#         1343
  C:0682H         LINE#         1344
  C:0686H         LINE#         1345
  C:068EH         LINE#         1346
  C:0691H         LINE#         1347
  C:0699H         LINE#         1348
  C:069CH         LINE#         1349
  C:06A4H         LINE#         1350
  C:06A4H         LINE#         1351
  C:06B6H         LINE#         1353
  C:06BCH         LINE#         1355
  C:06CEH         LINE#         1356
  C:06D7H         LINE#         1357
  C:06E5H         LINE#         1358
  C:06E8H         LINE#         1359
  C:06F3H         LINE#         1360
  C:06FBH         LINE#         1361
  C:06FEH         LINE#         1362
  C:0709H         LINE#         1363
  C:0709H         LINE#         1364
  C:070FH         LINE#         1365
  C:0718H         LINE#         1366
  C:072BH         LINE#         1367
  C:0733H         LINE#         1368
  C:0736H         LINE#         1369
  C:0741H         LINE#         1370
  C:0749H         LINE#         1371
  C:0749H         LINE#         1372
  C:074CH         LINE#         1373
  C:074CH         LINE#         1374
BL51 BANKED LINKER/LOCATER V6.22                                                      07/16/2017  23:21:51  PAGE 28


  C:074FH         LINE#         1375
  C:0756H         LINE#         1376
  C:0756H         LINE#         1377
  C:075CH         LINE#         1378
  C:075EH         LINE#         1379
  C:0766H         LINE#         1381
  C:0775H         LINE#         1382
  C:0782H         LINE#         1383
  C:0782H         LINE#         1384
  C:078AH         LINE#         1385
  C:078AH         LINE#         1386
  C:079CH         LINE#         1387
  C:07A9H         LINE#         1395
  C:07AEH         LINE#         1396
  C:07B4H         LINE#         1397
  C:07BCH         LINE#         1398
  C:07C0H         LINE#         1400
  C:07CFH         LINE#         1401
  C:07DCH         LINE#         1404
  C:07DCH         LINE#         1405
  C:07E7H         LINE#         1406
  C:07E7H         LINE#         1407
  C:07E7H         LINE#         1408
  C:07EAH         LINE#         1409
  C:07F7H         LINE#         1410
  C:0804H         LINE#         1411
  C:0807H         LINE#         1412
  C:080DH         LINE#         1413
  C:0820H         LINE#         1414
  C:082FH         LINE#         1415
  C:0837H         LINE#         1416
  C:083AH         LINE#         1418
  C:083AH         LINE#         1419
  C:083DH         LINE#         1420
  C:084AH         LINE#         1422
  C:0851H         LINE#         1423
  C:0854H         LINE#         1425
  C:085FH         LINE#         1427
  C:0866H         LINE#         1428
  C:0869H         LINE#         1430
  C:086EH         LINE#         1431
  C:0874H         LINE#         1432
  C:0887H         LINE#         1433
  C:0896H         LINE#         1434
  C:089EH         LINE#         1435
  C:08A0H         LINE#         1437
  C:08A0H         LINE#         1438
  C:08A3H         LINE#         1439
  C:08ABH         LINE#         1440
  C:08ABH         LINE#         1441
  C:08AEH         LINE#         1442
  C:08C3H         LINE#         1443
  C:08C9H         LINE#         1444
  C:08D7H         LINE#         1445
  C:08E4H         LINE#         1447
  C:08E4H         LINE#         1448
  C:08E4H         LINE#         1449
BL51 BANKED LINKER/LOCATER V6.22                                                      07/16/2017  23:21:51  PAGE 29


  C:08E4H         LINE#         1450
  -------         ENDPROC       SCANCOMMAND
  -------         PROC          UART1
  C:24B3H         LINE#         1452
  C:24BEH         LINE#         1454
  C:24C1H         LINE#         1455
  C:24C1H         LINE#         1456
  C:24C4H         LINE#         1458
  C:24D8H         LINE#         1460
  C:24E1H         LINE#         1461
  C:24E3H         LINE#         1462
  C:24E5H         LINE#         1463
  C:24E8H         LINE#         1464
  C:24E8H         LINE#         1465
  C:24EBH         LINE#         1467
  C:24EEH         LINE#         1468
  C:24EEH         LINE#         1469
  C:24FDH         LINE#         1470
  C:2501H         LINE#         1472
  C:2514H         LINE#         1473
  C:2514H         LINE#         1474
  C:2514H         LINE#         1475
  -------         ENDPROC       UART1
  -------         PROC          UART2
  C:2445H         LINE#         1476
  C:2450H         LINE#         1480
  C:2455H         LINE#         1481
  C:2455H         LINE#         1482
  C:2458H         LINE#         1484
  C:246CH         LINE#         1486
  C:2475H         LINE#         1487
  C:2477H         LINE#         1488
  C:2479H         LINE#         1489
  C:247EH         LINE#         1490
  C:247EH         LINE#         1491
  C:2481H         LINE#         1493
  C:2484H         LINE#         1494
  C:2484H         LINE#         1495
  C:2493H         LINE#         1496
  C:2497H         LINE#         1498
  C:24AAH         LINE#         1499
  C:24AAH         LINE#         1500
  C:24AAH         LINE#         1501
  -------         ENDPROC       UART2
  -------         PROC          MAIN
  -------         DO            
  D:0021H         SYMBOL        look_status_time
  D:0023H         SYMBOL        test
  -------         ENDDO         
  C:17ECH         LINE#         1503
  C:17ECH         LINE#         1504
  C:17ECH         LINE#         1505
  C:17F1H         LINE#         1506
  C:17F5H         LINE#         1507
  C:17F8H         LINE#         1508
  C:17FBH         LINE#         1509
  C:17FDH         LINE#         1511
BL51 BANKED LINKER/LOCATER V6.22                                                      07/16/2017  23:21:51  PAGE 30


  C:1800H         LINE#         1513
  C:1803H         LINE#         1515
  C:1806H         LINE#         1517
  C:180BH         LINE#         1519
  C:180FH         LINE#         1521
  C:1812H         LINE#         1522
  C:1815H         LINE#         1523
  C:1818H         LINE#         1525
  C:181BH         LINE#         1526
  C:1823H         LINE#         1528
  C:182BH         LINE#         1530
  C:1834H         LINE#         1532
  C:183DH         LINE#         1534
  C:1845H         LINE#         1535
  C:184EH         LINE#         1537
  C:1856H         LINE#         1538
  C:185EH         LINE#         1540
  C:1876H         LINE#         1541
  C:188EH         LINE#         1542
  C:18A6H         LINE#         1543
  C:18B5H         LINE#         1545
  C:18BDH         LINE#         1546
  C:18C5H         LINE#         1547
  C:18CDH         LINE#         1548
  C:18D5H         LINE#         1550
  C:18D8H         LINE#         1552
  C:18E7H         LINE#         1553
  C:18F4H         LINE#         1555
  C:18FDH         LINE#         1556
  C:190CH         LINE#         1557
  C:190FH         LINE#         1559
  C:1917H         LINE#         1560
  C:1917H         LINE#         1561
  C:191AH         LINE#         1563
  C:192DH         LINE#         1564
  C:193CH         LINE#         1565
  C:193FH         LINE#         1566
  C:193FH         LINE#         1568
  C:193FH         LINE#         1569
  C:193FH         LINE#         1570
  C:194BH         LINE#         1571
  C:194EH         LINE#         1573
  C:1955H         LINE#         1574
  C:195FH         LINE#         1576
  C:1966H         LINE#         1577
  C:196EH         LINE#         1578
  -------         ENDPROC       MAIN
  -------         ENDMOD        MAIN

  -------         MODULE        RC522
  C:0000H         SYMBOL        _ICE_DUMMY_
  C:0003H         PUBLIC        PcdAntennaOff
  D:0080H         PUBLIC        P0
  D:0090H         PUBLIC        P1
  D:00A0H         PUBLIC        P2
  B:00C0H.5       PUBLIC        MF522_NSS
  D:00B0H         PUBLIC        P3
BL51 BANKED LINKER/LOCATER V6.22                                                      07/16/2017  23:21:51  PAGE 31


  D:00C0H         PUBLIC        P4
  D:00C8H         PUBLIC        P5
  C:2588H         PUBLIC        _PcdRequest
  B:00A0H.4       PUBLIC        MF522_RST
  C:1F44H         PUBLIC        _writePassword
  C:21F2H         PUBLIC        _CalulateCRC
  D:00A8H         PUBLIC        IE
  C:28F8H         PUBLIC        PswSectionIndex
  C:251DH         PUBLIC        _PcdRead
  D:00B8H         PUBLIC        IP
  C:2B55H         PUBLIC        _ClearBitMask
  C:1E20H         PUBLIC        _writeDataToIc
  C:2986H         PUBLIC        PcdReset
  C:2B63H         PUBLIC        PcdAntennaOn
  C:2BDCH         PUBLIC        _CalcAreaofSection
  D:00D8H         PUBLIC        CCON
  C:22E3H         PUBLIC        _PcdWrite
  B:00A0H.6       PUBLIC        MF522_SI
  B:00A0H.5       PUBLIC        MF522_SO
  C:1D85H         PUBLIC        _PcdAuthState
  D:0098H         PUBLIC        SCON
  C:2ADDH         PUBLIC        _delay_10ms
  D:0088H         PUBLIC        TCON
  C:2889H         PUBLIC        _ReadRawRC
  D:00F0H         PUBLIC        B
  D:00E0H         PUBLIC        ACC
  C:290CH         PUBLIC        _WriteRawRC
  C:2268H         PUBLIC        _PcdAnticoll
  C:000EH         PUBLIC        _SetBitMask
  C:205CH         PUBLIC        _readDataFromIc
  C:167AH         PUBLIC        _PcdComMF522
  C:27B1H         PUBLIC        _M500PcdConfigISOType
  B:00A0H.7       PUBLIC        MF522_SCK
  D:00D0H         PUBLIC        PSW
  C:28C6H         PUBLIC        blockIdToIndex
  C:20E4H         PUBLIC        _PcdSelect
  -------         PROC          _CALCAREAOFSECTION
  D:0007H         SYMBOL        nSection
  C:2BDCH         LINE#         37
  C:2BDCH         LINE#         38
  C:2BDCH         LINE#         39
  C:2BE6H         LINE#         40
  -------         ENDPROC       _CALCAREAOFSECTION
  C:2ACFH         SYMBOL        L?0150
  -------         PROC          L?0149
  -------         ENDPROC       L?0149
  C:2ACFH         SYMBOL        L?0150
  -------         PROC          _DELAY_10MS
  D:0007H         SYMBOL        n
  -------         DO            
  D:0006H         SYMBOL        timere
  -------         ENDDO         
  C:2ADDH         LINE#         49
  C:2ADDH         LINE#         50
  C:2ADDH         LINE#         51
  C:2ADDH         LINE#         52
  C:2ADDH         LINE#         53
BL51 BANKED LINKER/LOCATER V6.22                                                      07/16/2017  23:21:51  PAGE 32


  C:2AE7H         LINE#         54
  -------         ENDPROC       _DELAY_10MS
  -------         PROC          L?0156
  -------         ENDPROC       L?0156
  -------         PROC          _PCDREQUEST
  D:0034H         SYMBOL        req_code
  D:0035H         SYMBOL        pTagType
  -------         DO            
  D:0007H         SYMBOL        status
  D:0038H         SYMBOL        unLen
  D:003AH         SYMBOL        ucComMF522Buf
  -------         ENDDO         
  C:2588H         LINE#         78
  C:2590H         LINE#         79
  C:2590H         LINE#         84
  C:2593H         LINE#         85
  C:259AH         LINE#         91
  C:25A1H         LINE#         93
  C:25A4H         LINE#         95
  C:25C0H         LINE#         99
  C:25CBH         LINE#         100
  C:25CBH         LINE#         101
  C:25D6H         LINE#         102
  C:25E4H         LINE#         103
  C:25E6H         LINE#         105
  C:25E8H         LINE#         107
  C:25E8H         LINE#         108
  -------         ENDPROC       _PCDREQUEST
  -------         PROC          _PCDANTICOLL
  D:0034H         SYMBOL        pSnr
  -------         DO            
  D:0037H         SYMBOL        status
  D:0007H         SYMBOL        i
  D:0038H         SYMBOL        snr_check
  D:0039H         SYMBOL        unLen
  D:003BH         SYMBOL        ucComMF522Buf
  -------         ENDDO         
  C:2268H         LINE#         115
  C:226EH         LINE#         116
  C:226EH         LINE#         118
  C:2271H         LINE#         123
  C:2274H         LINE#         124
  C:227BH         LINE#         125
  C:2282H         LINE#         127
  C:2285H         LINE#         128
  C:2288H         LINE#         130
  C:22AAH         LINE#         132
  C:22AEH         LINE#         133
  C:22AEH         LINE#         134
  C:22AFH         LINE#         135
  C:22AFH         LINE#         136
  C:22C2H         LINE#         137
  C:22C9H         LINE#         138
  C:22CDH         LINE#         139
  C:22D6H         LINE#         140
  C:22D9H         LINE#         141
  C:22D9H         LINE#         143
BL51 BANKED LINKER/LOCATER V6.22                                                      07/16/2017  23:21:51  PAGE 33


  C:22E0H         LINE#         144
  C:22E2H         LINE#         145
  -------         ENDPROC       _PCDANTICOLL
  -------         PROC          _PCDSELECT
  D:0034H         SYMBOL        pSnr
  D:0037H         SYMBOL        size
  -------         DO            
  D:0007H         SYMBOL        status
  D:0007H         SYMBOL        i
  D:003AH         SYMBOL        unLen
  D:003CH         SYMBOL        ucComMF522Buf
  -------         ENDDO         
  C:20E4H         LINE#         152
  C:20EAH         LINE#         153
  C:20EAH         LINE#         159
  C:20EDH         LINE#         160
  C:20F0H         LINE#         161
  C:20F3H         LINE#         162
  C:20F4H         LINE#         163
  C:20F4H         LINE#         164
  C:2109H         LINE#         165
  C:2113H         LINE#         166
  C:2117H         LINE#         167
  C:212BH         LINE#         169
  C:212EH         LINE#         171
  C:214EH         LINE#         173
  C:2159H         LINE#         174
  C:2167H         LINE#         176
  C:2169H         LINE#         178
  C:2169H         LINE#         179
  -------         ENDPROC       _PCDSELECT
  -------         PROC          _PCDAUTHSTATE
  D:0007H         SYMBOL        auth_mode
  D:0005H         SYMBOL        addr
  D:0036H         SYMBOL        pKey
  D:0039H         SYMBOL        pSnr
  -------         DO            
  D:003CH         SYMBOL        status
  D:003DH         SYMBOL        unLen
  D:0007H         SYMBOL        i
  D:003FH         SYMBOL        ucComMF522Buf
  -------         ENDDO         
  C:1D85H         LINE#         191
  C:1D8BH         LINE#         192
  C:1D8BH         LINE#         197
  C:1D8DH         LINE#         198
  C:1D8FH         LINE#         199
  C:1D91H         LINE#         200
  C:1D91H         LINE#         201
  C:1DA6H         LINE#         202
  C:1DAAH         LINE#         203
  C:1DACH         LINE#         204
  C:1DACH         LINE#         205
  C:1DC1H         LINE#         206
  C:1DC5H         LINE#         207
  C:1DD8H         LINE#         208
  C:1DEBH         LINE#         210
BL51 BANKED LINKER/LOCATER V6.22                                                      07/16/2017  23:21:51  PAGE 34


  C:1E0DH         LINE#         211
  C:1E1AH         LINE#         212
  C:1E1AH         LINE#         213
  C:1E1DH         LINE#         214
  C:1E1DH         LINE#         216
  C:1E1FH         LINE#         217
  -------         ENDPROC       _PCDAUTHSTATE
  -------         PROC          _PCDREAD
  D:0007H         SYMBOL        addr
  D:0034H         SYMBOL        pData
  -------         DO            
  D:0007H         SYMBOL        status
  D:0037H         SYMBOL        unLen
  D:0006H         SYMBOL        i
  D:0039H         SYMBOL        ucComMF522Buf
  -------         ENDDO         
  C:251DH         LINE#         225
  C:2523H         LINE#         226
  C:2523H         LINE#         231
  C:2526H         LINE#         232
  C:2528H         LINE#         233
  C:253CH         LINE#         235
  C:255CH         LINE#         236
  C:2567H         LINE#         238
  C:2567H         LINE#         239
  C:2568H         LINE#         240
  C:2581H         LINE#         241
  C:2581H         LINE#         243
  C:2583H         LINE#         245
  C:2583H         LINE#         246
  -------         ENDPROC       _PCDREAD
  -------         PROC          _PCDWRITE
  D:0007H         SYMBOL        addr
  D:0033H         SYMBOL        pData
  -------         DO            
  D:0007H         SYMBOL        status
  D:0036H         SYMBOL        unLen
  D:0006H         SYMBOL        i
  D:0038H         SYMBOL        ucComMF522Buf
  -------         ENDDO         
  C:22E3H         LINE#         254
  C:22E9H         LINE#         255
  C:22E9H         LINE#         260
  C:22ECH         LINE#         261
  C:22EEH         LINE#         262
  C:22FCH         LINE#         264
  C:2302H         LINE#         266
  C:2315H         LINE#         267
  C:2317H         LINE#         269
  C:231AH         LINE#         270
  C:231AH         LINE#         272
  C:231BH         LINE#         273
  C:2334H         LINE#         274
  C:2342H         LINE#         276
  C:2348H         LINE#         277
  C:235BH         LINE#         278
  C:235DH         LINE#         279
BL51 BANKED LINKER/LOCATER V6.22                                                      07/16/2017  23:21:51  PAGE 35


  C:235DH         LINE#         281
  C:235DH         LINE#         282
  -------         ENDPROC       _PCDWRITE
  -------         PROC          L?0153
  -------         ENDPROC       L?0153
  -------         PROC          _CALULATECRC
  D:004EH         SYMBOL        pIndata
  D:0051H         SYMBOL        len
  D:0052H         SYMBOL        pOutData
  -------         DO            
  D:0055H         SYMBOL        i
  D:0007H         SYMBOL        n
  -------         ENDDO         
  C:21F2H         LINE#         308
  C:21FAH         LINE#         309
  C:21FAH         LINE#         311
  C:2201H         LINE#         312
  C:2204H         LINE#         313
  C:220BH         LINE#         314
  C:2215H         LINE#         315
  C:222EH         LINE#         316
  C:2235H         LINE#         317
  C:2238H         LINE#         319
  C:2238H         LINE#         320
  C:223DH         LINE#         321
  C:223FH         LINE#         322
  C:223FH         LINE#         323
  C:2247H         LINE#         324
  C:2256H         LINE#         325
  -------         ENDPROC       _CALULATECRC
  -------         PROC          PCDRESET
  C:2986H         LINE#         332
  C:2986H         LINE#         333
  C:2986H         LINE#         334
  C:2988H         LINE#         335
  C:2989H         LINE#         336
  C:298BH         LINE#         337
  C:298CH         LINE#         338
  C:298EH         LINE#         339
  C:298FH         LINE#         340
  C:2996H         LINE#         341
  C:2997H         LINE#         343
  C:299EH         LINE#         344
  C:29A5H         LINE#         345
  C:29ACH         LINE#         346
[...]
  C:1694H         LINE#         515
  C:1697H         LINE#         516
  C:169AH         LINE#         517
  C:169CH         LINE#         518
  C:169CH         LINE#         519
  C:169FH         LINE#         520
  C:16A2H         LINE#         521
  C:16A2H         LINE#         522
  C:16A2H         LINE#         523
  C:16A2H         LINE#         524
  C:16A2H         LINE#         526
  C:16ACH         LINE#         527
  C:16B3H         LINE#         528
  C:16B6H         LINE#         529
  C:16BDH         LINE#         531
  C:16CDH         LINE#         532
  C:16ECH         LINE#         533
  C:16F3H         LINE#         536
  C:16F8H         LINE#         537
  C:16FFH         LINE#         540
  C:1705H         LINE#         542
  C:1705H         LINE#         543
  C:170CH         LINE#         544
  C:1714H         LINE#         545
  C:1714H         LINE#         546
  C:1723H         LINE#         547
  C:172AH         LINE#         549
  C:1733H         LINE#         550
  C:1733H         LINE#         551
  C:1740H         LINE#         552
  C:1740H         LINE#         553
  C:1742H         LINE#         554
  C:1749H         LINE#         555
  C:174CH         LINE#         556
  C:1755H         LINE#         557
BL51 BANKED LINKER/LOCATER V6.22                                                      07/16/2017  23:21:51  PAGE 39


  C:1755H         LINE#         558
  C:175CH         LINE#         559
  C:1765H         LINE#         560
  C:1767H         LINE#         561
  C:1788H         LINE#         563
  C:179CH         LINE#         564
  C:17A0H         LINE#         565
  C:17A3H         LINE#         566
  C:17AAH         LINE#         567
  C:17ADH         LINE#         568
  C:17BDH         LINE#         569
  C:17DCH         LINE#         570
  C:17DCH         LINE#         571
  C:17DCH         LINE#         573
  C:17DFH         LINE#         575
  C:17DFH         LINE#         578
  C:17E6H         LINE#         579
  C:17E9H         LINE#         580
  C:17EBH         LINE#         581
  -------         ENDPROC       _PCDCOMMF522
  -------         PROC          PCDANTENNAON
  -------         DO            
  D:0007H         SYMBOL        i
  -------         ENDDO         
  C:2B63H         LINE#         588
  C:2B63H         LINE#         589
  C:2B63H         LINE#         591
  C:2B68H         LINE#         592
  C:2B6DH         LINE#         593
  C:2B6DH         LINE#         594
  C:2B74H         LINE#         595
  C:2B74H         LINE#         596
  -------         ENDPROC       PCDANTENNAON
  -------         PROC          PCDANTENNAOFF
  C:0003H         LINE#         602
  C:0003H         LINE#         603
  C:0003H         LINE#         604
  -------         ENDPROC       PCDANTENNAOFF
  -------         PROC          _WRITEPASSWORD
  D:002AH         SYMBOL        cardKey
  D:002DH         SYMBOL        index
  D:002EH         SYMBOL        dat
  -------         DO            
  X:0185H         SYMBOL        cardTyp
  X:0187H         SYMBOL        cardNum
  X:018BH         SYMBOL        cardSize
  -------         ENDDO         
  C:1F44H         LINE#         713
  C:1F4CH         LINE#         714
  C:1F4CH         LINE#         717
  C:1F4FH         LINE#         718
  C:1F4FH         LINE#         719
  C:1F4FH         LINE#         720
  C:1F4FH         LINE#         721
  C:1F52H         LINE#         723
  C:1F5CH         LINE#         724
  C:1F5CH         LINE#         725
BL51 BANKED LINKER/LOCATER V6.22                                                      07/16/2017  23:21:51  PAGE 40


  C:1F68H         LINE#         726
  C:1F68H         LINE#         727
  C:1F7DH         LINE#         728
  C:1F7DH         LINE#         729
  C:1F86H         LINE#         730
  C:1F89H         LINE#         731
  C:1F89H         LINE#         733
  C:1F8CH         LINE#         735
  C:1FACH         LINE#         736
  C:1FACH         LINE#         737
  C:1FC1H         LINE#         738
  C:1FC4H         LINE#         740
  C:1FC7H         LINE#         741
  C:1FC7H         LINE#         743
  C:1FCAH         LINE#         744
  C:1FCAH         LINE#         746
  C:1FCDH         LINE#         748
  C:1FCDH         LINE#         750
  C:1FCFH         LINE#         751
  -------         ENDPROC       _WRITEPASSWORD
  -------         PROC          _READDATAFROMIC
  D:002DH         SYMBOL        cardKey
  D:0030H         SYMBOL        index
  D:0031H         SYMBOL        dat
  -------         DO            
  X:0187H         SYMBOL        cardTyp
  X:0189H         SYMBOL        cardNum
  X:018DH         SYMBOL        cardSize
  -------         ENDDO         
  C:205CH         LINE#         760
  C:2064H         LINE#         761
  C:2064H         LINE#         764
  C:2067H         LINE#         765
  C:2067H         LINE#         766
  C:2067H         LINE#         767
  C:2067H         LINE#         768
  C:206AH         LINE#         770
  C:2074H         LINE#         771
  C:2074H         LINE#         772
  C:2080H         LINE#         773
  C:2080H         LINE#         774
  C:2095H         LINE#         775
  C:2095H         LINE#         776
  C:209EH         LINE#         777
  C:20A1H         LINE#         778
  C:20A1H         LINE#         780
  C:20A4H         LINE#         783
  C:20C2H         LINE#         784
  C:20C2H         LINE#         785
  C:20D5H         LINE#         786
  C:20D8H         LINE#         788
  C:20DBH         LINE#         789
  C:20DBH         LINE#         791
  C:20DEH         LINE#         792
  C:20DEH         LINE#         794
  C:20E1H         LINE#         795
  C:20E1H         LINE#         797
BL51 BANKED LINKER/LOCATER V6.22                                                      07/16/2017  23:21:51  PAGE 41


  C:20E3H         LINE#         798
  -------         ENDPROC       _READDATAFROMIC
  -------         PROC          _WRITEDATATOIC
  D:002CH         SYMBOL        cardKey
  D:002FH         SYMBOL        index
  D:0030H         SYMBOL        dat
  -------         DO            
  X:017EH         SYMBOL        cardTyp
  X:0180H         SYMBOL        cardNum
  X:0184H         SYMBOL        cardSize
  X:0185H         SYMBOL        status
  X:0186H         SYMBOL        count
  -------         ENDDO         
  C:1E20H         LINE#         804
  C:1E28H         LINE#         805
  C:1E28H         LINE#         808
  C:1E2DH         LINE#         810
  C:1E2FH         LINE#         811
  C:1E32H         LINE#         812
  C:1E32H         LINE#         813
  C:1E32H         LINE#         814
  C:1E32H         LINE#         815
  C:1E35H         LINE#         866
  C:1E43H         LINE#         867
  C:1E43H         LINE#         868
  C:1E4FH         LINE#         869
  C:1E4FH         LINE#         870
  C:1E64H         LINE#         871
  C:1E64H         LINE#         872
  C:1E6DH         LINE#         873
  C:1E70H         LINE#         874
  C:1E70H         LINE#         876
  C:1E73H         LINE#         878
  C:1E91H         LINE#         879
  C:1E91H         LINE#         880
  C:1EA4H         LINE#         881
  C:1EA7H         LINE#         883
  C:1EAAH         LINE#         884
  C:1EAAH         LINE#         886
  C:1EADH         LINE#         887
  C:1EADH         LINE#         889
  C:1EB0H         LINE#         890
  C:1EB0H         LINE#         892
  C:1EB2H         LINE#         893
  -------         ENDPROC       _WRITEDATATOIC
  -------         ENDMOD        RC522

  -------         MODULE        EEPROM
  C:0000H         SYMBOL        _ICE_DUMMY_
  C:1EB3H         PUBLIC        ReadAgentID
  D:0080H         PUBLIC        P0
  D:0090H         PUBLIC        P1
  D:00A0H         PUBLIC        P2
  D:00B0H         PUBLIC        P3
  C:29CAH         PUBLIC        _IapProgramBytes
  C:2B2BH         PUBLIC        _IapEraseSector
  D:00C0H         PUBLIC        P4
BL51 BANKED LINKER/LOCATER V6.22                                                      07/16/2017  23:21:51  PAGE 42


  D:00C8H         PUBLIC        P5
  D:00A8H         PUBLIC        IE
  C:2B15H         PUBLIC        _IapProgramByte
  D:00C5H         PUBLIC        IAP_CMD
  C:2BCFH         PUBLIC        _ReadSectionPsw
  D:00B8H         PUBLIC        IP
  C:2BC2H         PUBLIC        IapIdle
  D:00C3H         PUBLIC        IAP_ADDRH
  C:2AAFH         PUBLIC        Delay1
  D:00D8H         PUBLIC        CCON
  D:00C4H         PUBLIC        IAP_ADDRL
  C:2950H         PUBLIC        _IapReadBytes
  C:2AE8H         PUBLIC        _IapReadByte
  D:0098H         PUBLIC        SCON
  D:0088H         PUBLIC        TCON
  C:2B95H         PUBLIC        ReadReverseCheckFlag
  D:00F0H         PUBLIC        B
  C:2A6AH         SYMBOL        _?ix1000
  D:00C7H         PUBLIC        IAP_CONTR
  C:2A6EH         SYMBOL        _?ix1001
  C:2A7EH         SYMBOL        _?ix1002
  D:00E0H         PUBLIC        ACC
  C:2B75H         PUBLIC        ReadVerifyProduceFlag
  C:2B85H         PUBLIC        ReadPasswordFlag
  D:00C2H         PUBLIC        IAP_DATA
  C:283FH         PUBLIC        _WriteVerifyProduceFlag
  C:2BB4H         PUBLIC        ReadOffset
  C:2BE7H         PUBLIC        _ReadFlagDatas
  D:00C6H         PUBLIC        IAP_TRIG
  D:00D0H         PUBLIC        PSW
  C:264DH         PUBLIC        _WriteFlagDatas
  -------         PROC          DELAY1
  -------         DO            
  D:0006H         SYMBOL        i
  D:0004H         SYMBOL        d
  -------         ENDDO         
  C:2AAFH         LINE#         28
  C:2AAFH         LINE#         29
  C:2AAFH         LINE#         31
  C:2AB3H         LINE#         32
  C:2ABDH         LINE#         33
  C:2ABDH         LINE#         34
  C:2AC1H         LINE#         35
  C:2ACDH         LINE#         37
  -------         ENDPROC       DELAY1
  -------         PROC          IAPIDLE
  C:2BC2H         LINE#         42
  C:2BC2H         LINE#         43
  C:2BC2H         LINE#         44
  C:2BC5H         LINE#         45
  C:2BC7H         LINE#         46
  C:2BC9H         LINE#         47
  C:2BCCH         LINE#         48
  C:2BCEH         LINE#         49
  -------         ENDPROC       IAPIDLE
  -------         PROC          _IAPREADBYTE
  D:0006H         SYMBOL        addr
BL51 BANKED LINKER/LOCATER V6.22                                                      07/16/2017  23:21:51  PAGE 43


  -------         DO            
  D:0007H         SYMBOL        dat
  -------         ENDDO         
  C:2AE8H         LINE#         54
  C:2AE8H         LINE#         55
  C:2AE8H         LINE#         58
  C:2AEBH         LINE#         59
  C:2AEEH         LINE#         60
  C:2AF0H         LINE#         61
  C:2AF2H         LINE#         62
  C:2AF5H         LINE#         63
  C:2AF8H         LINE#         64
  C:2AF9H         LINE#         65
  C:2AFBH         LINE#         66
  C:2AFEH         LINE#         68
  C:2AFEH         LINE#         69
  -------         ENDPROC       _IAPREADBYTE
  -------         PROC          _IAPPROGRAMBYTE
  D:0006H         SYMBOL        addr
  D:0005H         SYMBOL        dat
  C:2B15H         LINE#         74
  C:2B15H         LINE#         75
  C:2B15H         LINE#         76
  C:2B18H         LINE#         77
  C:2B1BH         LINE#         78
  C:2B1DH         LINE#         79
  C:2B1FH         LINE#         80
  C:2B21H         LINE#         81
  C:2B24H         LINE#         82
  C:2B27H         LINE#         83
  C:2B28H         LINE#         84
  -------         ENDPROC       _IAPPROGRAMBYTE
  -------         PROC          L?0042
  -------         ENDPROC       L?0042
  -------         PROC          _IAPPROGRAMBYTES
  D:003FH         SYMBOL        addr
  D:0041H         SYMBOL        dat
  D:0044H         SYMBOL        length
  -------         DO            
  D:0004H         SYMBOL        i
  -------         ENDDO         
  C:29CAH         LINE#         88
  C:29D4H         LINE#         89
  C:29D4H         LINE#         90
  C:29D6H         LINE#         91
  C:29E2H         LINE#         92
  C:29E2H         LINE#         93
  C:29FCH         LINE#         94
  C:29FFH         LINE#         95
  -------         ENDPROC       _IAPPROGRAMBYTES
  C:2947H         SYMBOL        L?0041
  -------         PROC          L?0040
  -------         ENDPROC       L?0040
  C:2947H         SYMBOL        L?0041
  -------         PROC          _IAPREADBYTES
  D:003FH         SYMBOL        addr
  D:0041H         SYMBOL        dat
BL51 BANKED LINKER/LOCATER V6.22                                                      07/16/2017  23:21:51  PAGE 44


  D:0044H         SYMBOL        length
  -------         DO            
  D:0005H         SYMBOL        i
  -------         ENDDO         
  C:2950H         LINE#         96
  C:295AH         LINE#         97
  C:295AH         LINE#         98
  C:295CH         LINE#         99
  C:2968H         LINE#         100
  C:2968H         LINE#         101
  C:2982H         LINE#         102
  C:2985H         LINE#         103
  -------         ENDPROC       _IAPREADBYTES
  -------         PROC          _IAPERASESECTOR
  D:0006H         SYMBOL        addr
  C:2B2BH         LINE#         109
  C:2B2BH         LINE#         110
  C:2B2BH         LINE#         111
  C:2B2EH         LINE#         112
  C:2B31H         LINE#         113
  C:2B33H         LINE#         114
  C:2B35H         LINE#         115
  C:2B38H         LINE#         116
  C:2B3BH         LINE#         117
  C:2B3CH         LINE#         118
  -------         ENDPROC       _IAPERASESECTOR
  -------         PROC          READAGENTID
  -------         DO            
  D:002AH         SYMBOL        lAgentID
  D:002EH         SYMBOL        datas
  -------         ENDDO         
  C:1EB3H         LINE#         122
  C:1EB3H         LINE#         123
  C:1EB3H         LINE#         124
  C:1EBCH         LINE#         125
  C:1ECDH         LINE#         126
  C:1EE0H         LINE#         128
  C:1EF4H         LINE#         132
  C:1EF4H         LINE#         133
  C:1EFAH         LINE#         134
  C:1EFCH         LINE#         136
  C:1EFCH         LINE#         137
  C:1F3BH         LINE#         138
  C:1F3BH         LINE#         139
  C:1F43H         LINE#         140
  -------         ENDPROC       READAGENTID
  -------         PROC          READVERIFYPRODUCEFLAG
  -------         DO            
  D:0007H         SYMBOL        temp
  -------         ENDDO         
  C:2B75H         LINE#         169
  C:2B75H         LINE#         170
  C:2B75H         LINE#         171
  C:2B76H         LINE#         172
  C:2B7CH         LINE#         173
  C:2B7FH         LINE#         174
  C:2B82H         LINE#         176
BL51 BANKED LINKER/LOCATER V6.22                                                      07/16/2017  23:21:51  PAGE 45


  C:2B84H         LINE#         177
  -------         ENDPROC       READVERIFYPRODUCEFLAG
  -------         PROC          _WRITEVERIFYPRODUCEFLAG
  D:002AH         SYMBOL        ucData
  -------         DO            
  D:0007H         SYMBOL        ucFlag
  X:0167H         SYMBOL        temp
  -------         ENDDO         
  C:283FH         LINE#         178
  C:2841H         LINE#         179
  C:2841H         LINE#         181
  C:2854H         LINE#         182
  C:285DH         LINE#         184
  C:2863H         LINE#         185
  C:2869H         LINE#         187
  C:2872H         LINE#         189
  C:2879H         LINE#         191
  C:287DH         LINE#         192
  C:2880H         LINE#         194
  C:2882H         LINE#         195
  -------         ENDPROC       _WRITEVERIFYPRODUCEFLAG
  -------         PROC          READOFFSET
  -------         DO            
  D:0007H         SYMBOL        ucData
  -------         ENDDO         
  C:2BB4H         LINE#         199
  C:2BB4H         LINE#         200
  C:2BB4H         LINE#         201
  C:2BB5H         LINE#         202
  C:2BBBH         LINE#         203
  C:2BBEH         LINE#         204
  C:2BC1H         LINE#         205
  C:2BC1H         LINE#         206
  -------         ENDPROC       READOFFSET
  -------         PROC          _READSECTIONPSW
  D:0001H         SYMBOL        pdatas
  C:2BCFH         LINE#         208
  C:2BCFH         LINE#         209
  C:2BCFH         LINE#         210
  -------         ENDPROC       _READSECTIONPSW
  -------         PROC          READPASSWORDFLAG
  -------         DO            
  D:0007H         SYMBOL        chFlag
  -------         ENDDO         
  C:2B85H         LINE#         213
  C:2B85H         LINE#         214
  C:2B85H         LINE#         215
  C:2B86H         LINE#         216
  C:2B8CH         LINE#         217
  C:2B8FH         LINE#         218
  C:2B92H         LINE#         219
  C:2B94H         LINE#         220
  -------         ENDPROC       READPASSWORDFLAG
  -------         PROC          _WRITEFLAGDATAS
  D:002AH         SYMBOL        pdatas
  D:002DH         SYMBOL        uLen
  -------         DO            
BL51 BANKED LINKER/LOCATER V6.22                                                      07/16/2017  23:21:51  PAGE 46


  D:002FH         SYMBOL        temp
  -------         ENDDO         
  C:264DH         LINE#         222
  C:2657H         LINE#         223
  C:2657H         LINE#         224
  C:266AH         LINE#         226
  C:2673H         LINE#         228
  C:2686H         LINE#         230
  C:268CH         LINE#         232
  C:2695H         LINE#         234
  C:26A8H         LINE#         236
  C:26AAH         LINE#         237
  -------         ENDPROC       _WRITEFLAGDATAS
  -------         PROC          _READFLAGDATAS
  D:0001H         SYMBOL        ucDatas
  C:2BE7H         LINE#         239
  C:2BE7H         LINE#         240
  C:2BE7H         LINE#         241
  C:2BEAH         LINE#         243
  C:2BECH         LINE#         244
  -------         ENDPROC       _READFLAGDATAS
  -------         PROC          READREVERSECHECKFLAG
  -------         DO            
  D:0007H         SYMBOL        chFlag
  -------         ENDDO         
  C:2B95H         LINE#         246
  C:2B95H         LINE#         247
  C:2B95H         LINE#         248
  C:2B96H         LINE#         249
  C:2B9CH         LINE#         250
  C:2B9FH         LINE#         251
  C:2BA2H         LINE#         252
  C:2BA4H         LINE#         253
  -------         ENDPROC       READREVERSECHECKFLAG
  -------         ENDMOD        EEPROM

  -------         MODULE        ?C?COPY
  C:1069H         PUBLIC        ?C?COPY
  -------         ENDMOD        ?C?COPY

  -------         MODULE        ?C?CLDPTR
  C:108FH         PUBLIC        ?C?CLDPTR
  -------         ENDMOD        ?C?CLDPTR

  -------         MODULE        ?C?CLDOPTR
  C:10A8H         PUBLIC        ?C?CLDOPTR
  -------         ENDMOD        ?C?CLDOPTR

  -------         MODULE        ?C?CSTPTR
  C:10D5H         PUBLIC        ?C?CSTPTR
  -------         ENDMOD        ?C?CSTPTR

  -------         MODULE        ?C?CSTOPTR
  C:10E7H         PUBLIC        ?C?CSTOPTR
  -------         ENDMOD        ?C?CSTOPTR

  -------         MODULE        ?C?ISTPTR
BL51 BANKED LINKER/LOCATER V6.22                                                      07/16/2017  23:21:51  PAGE 47


  C:1109H         PUBLIC        ?C?ISTPTR
  -------         ENDMOD        ?C?ISTPTR

  -------         MODULE        ?C?ULCMP
  C:1128H         PUBLIC        ?C?ULCMP
  -------         ENDMOD        ?C?ULCMP

  -------         MODULE        ?C?ULSHR
  C:1139H         PUBLIC        ?C?ULSHR
  -------         ENDMOD        ?C?ULSHR

  -------         MODULE        ?C?LSTXDATA
  C:114CH         PUBLIC        ?C?LSTXDATA
  -------         ENDMOD        ?C?LSTXDATA

  -------         MODULE        ?C?MEMSET
  C:1158H         PUBLIC        ?C?MEMSET
  -------         ENDMOD        ?C?MEMSET

Program Size: data=89.1 xdata=465 code=11238
LINK/LOCATE RUN COMPLETE.  0 WARNING(S),  0 ERROR(S)
