BL51 BANKED LINKER/LOCATER V6.22                                                        08/21/2017  21:04:33  PAGE 1


BL51 BANKED LINKER/LOCATER V6.22, INVOKED BY:
C:\KEIL_V5\C51\BIN\BL51.EXE ..\04_bin\MainCtrl\EEPROM.obj, ..\04_bin\MainCtrl\main.obj, ..\04_bin\MainCtrl\RC522.obj, ..
>> \04_bin\MainCtrl\Time.obj, ..\04_bin\MainCtrl\74hc595.obj TO ..\04_bin\MainCtrl\MainCtrl PRINT (.\MainCtrl.m51) RAMSI
>> ZE (256)


MEMORY MODEL: SMALL


INPUT MODULES INCLUDED:
  ..\04_bin\MainCtrl\EEPROM.obj (EEPROM)
  ..\04_bin\MainCtrl\main.obj (MAIN)
  ..\04_bin\MainCtrl\RC522.obj (RC522)
  ..\04_bin\MainCtrl\Time.obj (TIME)
  ..\04_bin\MainCtrl\74hc595.obj (74HC595)
  C:\KEIL_V5\C51\LIB\C51S.LIB (?C_STARTUP)
  C:\KEIL_V5\C51\LIB\C51S.LIB (?C?COPY)
  C:\KEIL_V5\C51\LIB\C51S.LIB (?C?CLDPTR)
  C:\KEIL_V5\C51\LIB\C51S.LIB (?C?CLDOPTR)
  C:\KEIL_V5\C51\LIB\C51S.LIB (?C?CSTPTR)
  C:\KEIL_V5\C51\LIB\C51S.LIB (?C?CSTOPTR)
  C:\KEIL_V5\C51\LIB\C51S.LIB (?C?IMUL)
  C:\KEIL_V5\C51\LIB\C51S.LIB (?C?ISTPTR)
  C:\KEIL_V5\C51\LIB\C51S.LIB (?C?ULCMP)
  C:\KEIL_V5\C51\LIB\C51S.LIB (?C?ULSHR)
  C:\KEIL_V5\C51\LIB\C51S.LIB (?C?LLDIIDATA)
  C:\KEIL_V5\C51\LIB\C51S.LIB (?C?LSTXDATA)
  C:\KEIL_V5\C51\LIB\C51S.LIB (?C?LSTKXDATA)
  C:\KEIL_V5\C51\LIB\C51S.LIB (?C?MEMSET)
  C:\KEIL_V5\C51\LIB\C51S.LIB (?C_INIT)


LINK MAP OF MODULE:  ..\04_bin\MainCtrl\MainCtrl (EEPROM)


            TYPE    BASE      LENGTH    RELOCATION   SEGMENT NAME
            -----------------------------------------------------

            * * * * * * *   D A T A   M E M O R Y   * * * * * * *
            REG     0000H     0008H     ABSOLUTE     "REG BANK 0"
            DATA    0008H     0005H     UNIT         ?DT?MAIN
            IDATA   000DH     0002H     UNIT         ?ID?MAIN
                    000FH     0001H                  *** GAP ***
            REG     0010H     0008H     ABSOLUTE     "REG BANK 2"
            IDATA   0018H     0002H     UNIT         _IDATA_GROUP_
                    001AH     0006H                  *** GAP ***
            BIT     0020H.0   0000H.2   UNIT         ?BI?MAIN
            BIT     0020H.2   0000H.1   UNIT         _BIT_GROUP_
                    0020H.3   0000H.5                *** GAP ***
            DATA    0021H     0057H     UNIT         _DATA_GROUP_
            IDATA   0078H     0001H     UNIT         ?STACK

            * * * * * * *  X D A T A   M E M O R Y  * * * * * * *
            XDATA   0000H     010AH     UNIT         ?XD?MAIN
            XDATA   010AH     00BDH     UNIT         _XDATA_GROUP_

            * * * * * * *   C O D E   M E M O R Y   * * * * * * *
            CODE    0000H     0003H     ABSOLUTE     
BL51 BANKED LINKER/LOCATER V6.22                                                      08/21/2017  21:04:33  PAGE 2


            CODE    0003H     0008H     UNIT         ?PR?READINNERFLAG?EEPROM
            CODE    000BH     0003H     ABSOLUTE     
            CODE    000EH     000DH     UNIT         ?PR?IAPIDLE?EEPROM
            CODE    001BH     0003H     ABSOLUTE     
            CODE    001EH     0005H     UNIT         ?PR?DIS_OPEN?74HC595
            CODE    0023H     0003H     ABSOLUTE     
            CODE    0026H     001CH     UNIT         ?PR?BEEP?MAIN
            CODE    0042H     0001H     UNIT         ?PR?TIMER0?TIME
            CODE    0043H     0003H     ABSOLUTE     
            CODE    0046H     0CBDH     UNIT         ?PR?READPROC?MAIN
            CODE    0D03H     0465H     UNIT         ?PR?MAIN?MAIN
            CODE    1168H     0320H     UNIT         ?PR?SCANCOMMAND?MAIN
            CODE    1488H     024EH     UNIT         ?C?LIB_CODE
            CODE    16D6H     0229H     UNIT         ?PR?_RECORDCARDLIST?EEPROM
            CODE    18FFH     021AH     UNIT         ?PR?_RECORD2BLACKLIST?EEPROM
            CODE    1B19H     01D8H     UNIT         ?PR?_DELETEBLACKLIST?EEPROM
            CODE    1CF1H     01D2H     UNIT         ?PR?_GETCOMMAND?MAIN
            CODE    1EC3H     01A5H     UNIT         ?PR?_READFUNTIONCARD?MAIN
            CODE    2068H     018CH     UNIT         ?PR?_PCDCOMMF522?RC522
            CODE    21F4H     0171H     UNIT         ?PR?_READUSERCARD?MAIN
            CODE    2365H     0171H     UNIT         ?PR?_WRITEUSERCARD?MAIN
            CODE    24D6H     0170H     UNIT         ?PR?_WRITEFUNCTIONCARD?MAIN
            CODE    2646H     013BH     UNIT         ?PR?_DOBLACKLIST?MAIN
            CODE    2781H     0125H     UNIT         ?PR?_RECORDINTERPARAM?MAIN
            CODE    28A6H     010FH     UNIT         ?PR?_MAKE?MAIN
            CODE    29B5H     00ECH     UNIT         ?PR?_WRITESTATUSDATA?EEPROM
            CODE    2AA1H     00BEH     UNIT         ?PR?_WRITEAGENTID?EEPROM
            CODE    2B5FH     00B1H     UNIT         ?PR?_CHECKTIMEVALIDE?MAIN
            CODE    2C10H     00A4H     UNIT         ?PR?_CHECKBLACKLIST?EEPROM
            CODE    2CB4H     009FH     UNIT         ?PR?_DOFUNCTIONENABLEINFO?MAIN
            CODE    2D53H     009BH     UNIT         ?PR?_PCDAUTHSTATE?RC522
            CODE    2DEEH     0098H     UNIT         ?C_INITSEG
            CODE    2E86H     0098H     UNIT         ?PR?_WRITEPASSWORD?RC522
            CODE    2F1EH     0096H     UNIT         ?PR?_CHECKUSECOUNT?MAIN
            CODE    2FB4H     0093H     UNIT         ?PR?_WRITEDATATOIC?RC522
            CODE    3047H     0091H     UNIT         ?PR?READAGENTID?EEPROM
            CODE    30D8H     008DH     UNIT         ?PR?_READDATAFROMIC?RC522
            CODE    3165H     008CH     UNIT         ?C_C51STARTUP
            CODE    31F1H     0086H     UNIT         ?PR?_GETCARDAGENTID?MAIN
            CODE    3277H     0086H     UNIT         ?PR?_PCDSELECT?RC522
            CODE    32FDH     007CH     UNIT         ?PR?_CALULATECRC?RC522
            CODE    3379H     007BH     UNIT         ?PR?_PCDANTICOLL?RC522
            CODE    33F4H     007BH     UNIT         ?PR?_PCDWRITE?RC522
            CODE    346FH     0074H     UNIT         ?CO?EEPROM
            CODE    34E3H     0073H     UNIT         ?PR?CLEARALLREVERSELIST?EEPROM
            CODE    3556H     006EH     UNIT         ?PR?UART2?MAIN
            CODE    35C4H     006DH     UNIT         ?PR?_READCARDSTATUSDATA?MAIN
            CODE    3631H     006AH     UNIT         ?PR?UART1?MAIN
            CODE    369BH     0067H     UNIT         ?PR?_PCDREAD?RC522
            CODE    3702H     0065H     UNIT         ?PR?_REVERSEWRITEDATA2CARD?MAIN
            CODE    3767H     0062H     UNIT         ?PR?_ENABLEKEY?74HC595
            CODE    37C9H     0061H     UNIT         ?PR?_PCDREQUEST?RC522
            CODE    382AH     005CH     UNIT         ?PR?_P8563_READTIME?MAIN
            CODE    3886H     005BH     UNIT         ?PR?_MEMCOPY?MAIN
            CODE    38E1H     0058H     UNIT         ?PR?_DOREPLACECARDFORBIDENLIST?MAIN
            CODE    3939H     0057H     UNIT         ?CO?MAIN
            CODE    3990H     0056H     UNIT         ?PR?_RECEIVE_CFGNBYTE?MAIN
BL51 BANKED LINKER/LOCATER V6.22                                                      08/21/2017  21:04:33  PAGE 3


            CODE    39E6H     0056H     UNIT         ?PR?_READTIME?MAIN
            CODE    3A3CH     0054H     UNIT         ?PR?ISRESET?MAIN
            CODE    3A90H     0053H     UNIT         ?PR?_WRITEVERIFYAGENTFLAG?EEPROM
            CODE    3AE3H     0053H     UNIT         ?PR?_READCARDREVERSEDATA?MAIN
            CODE    3B36H     0051H     UNIT         ?PR?GENERATEPSW?MAIN
            CODE    3B87H     004EH     UNIT         ?PR?_IAPPROGRAMBYTES?EEPROM
            CODE    3BD5H     004EH     UNIT         ?PR?_IAPREADBYTES?EEPROM
            CODE    3C23H     004DH     UNIT         ?PR?ENABLECOUNTER?EEPROM
            CODE    3C70H     004DH     UNIT         ?PR?DISABLECOUNTER?EEPROM
            CODE    3CBDH     004BH     UNIT         ?PR?_M500PCDCONFIGISOTYPE?RC522
            CODE    3D08H     004AH     UNIT         ?PR?GETELEVATORID?MAIN
            CODE    3D52H     0047H     UNIT         ?PR?_WRITE_CFGNBYTE?MAIN
            CODE    3D99H     0044H     UNIT         ?PR?_IICSENDBYTE?MAIN
            CODE    3DDDH     0043H     UNIT         ?PR?_DEALELEVATORBTN?MAIN
            CODE    3E20H     0043H     UNIT         ?PR?_READRAWRC?RC522
            CODE    3E63H     0040H     UNIT         ?PR?_DEALELEVATOR?MAIN
            CODE    3EA3H     003FH     UNIT         ?PR?_WRITERAWRC?RC522
            CODE    3EE2H     003EH     UNIT         ?PR?_READSTATUSDATA?EEPROM
            CODE    3F20H     003EH     UNIT         ?PR?RECOVERPSW?MAIN
            CODE    3F5EH     003EH     UNIT         ?PR?PCDRESET?RC522
            CODE    3F9CH     003DH     UNIT         ?PR?_RECEIVE_CFGBYTE?MAIN
            CODE    3FD9H     0039H     UNIT         ?PR?PCDHALT?RC522
            CODE    4012H     0038H     UNIT         ?PR?IICRECEIVEBYTE?MAIN
            CODE    404AH     0035H     UNIT         ?PR?_DEALELEVATORINDEX?MAIN
            CODE    407FH     0032H     UNIT         ?PR?_SETDEVICE?EEPROM
            CODE    40B1H     0032H     UNIT         ?CO?RC522
            CODE    40E3H     0031H     UNIT         ?PR?_DELAY_10MS?RC522
            CODE    4114H     0031H     UNIT         ?PR?_PRESSKEY?74HC595
            CODE    4145H     0030H     UNIT         ?PR?_SEND?MAIN
            CODE    4175H     0030H     UNIT         ?PR?_CONFIRMSINGLEORMULTI?MAIN
            CODE    41A5H     002CH     UNIT         ?PR?_IAPREADBYTE?EEPROM
            CODE    41D1H     002BH     UNIT         ?PR?LONGBEEP?MAIN
            CODE    41FCH     002AH     UNIT         ?PR?IIC_START?MAIN
            CODE    4226H     002AH     UNIT         ?PR?IIC_STOP?MAIN
            CODE    4250H     0029H     UNIT         ?PR?ISDISABLEOUTPUT?MAIN
            CODE    4279H     0022H     UNIT         ?PR?_SOUNDS?MAIN
            CODE    429BH     0021H     UNIT         ?PR?TIME_INIT?TIME
            CODE    42BCH     001FH     UNIT         ?PR?DELAY1?EEPROM
            CODE    42DBH     001FH     UNIT         ?PR?_FLASH?MAIN
            CODE    42FAH     001CH     UNIT         ?PR?_SEND_DATA_A?74HC595
            CODE    4316H     001CH     UNIT         ?PR?_SEND_DATA_B?74HC595
            CODE    4332H     001BH     UNIT         ?PR?_PRESSBUTTON?MAIN
            CODE    434DH     0018H     UNIT         ?PR?_IAPERASESECTOR?EEPROM
            CODE    4365H     0016H     UNIT         ?PR?_IAPPROGRAMBYTE?EEPROM
            CODE    437BH     0015H     UNIT         ?PR?READDISABLECOUNTERFLAG?EEPROM
            CODE    4390H     0014H     UNIT         ?PR?SLAVE_NOACK?MAIN
            CODE    43A4H     0013H     UNIT         ?PR?_CONFIRMBYTE?MAIN
            CODE    43B7H     0012H     UNIT         ?PR?_CLEARBITMASK?RC522
            CODE    43C9H     0012H     UNIT         ?PR?PCDANTENNAON?RC522
            CODE    43DBH     0011H     UNIT         ?PR?READOFFSET?EEPROM
            CODE    43ECH     0010H     UNIT         ?PR?READVERIFYAGENTFLAG?EEPROM
            CODE    43FCH     0010H     UNIT         ?PR?READPASSWORDFLAG?EEPROM
            CODE    440CH     0010H     UNIT         ?PR?READREVERSECHECKFLAG?EEPROM
            CODE    441CH     0010H     UNIT         ?PR?_P8563_SETTIME?MAIN
            CODE    442CH     000FH     UNIT         ?PR?UART_INIT?MAIN
            CODE    443BH     000EH     UNIT         ?PR?CHECK_ACK?MAIN
            CODE    4449H     000DH     UNIT         ?PR?_READSECTIONPSW?EEPROM
BL51 BANKED LINKER/LOCATER V6.22                                                      08/21/2017  21:04:33  PAGE 4


            CODE    4456H     000DH     UNIT         ?PR?_SETBITMASK?RC522
            CODE    4463H     0009H     UNIT         ?PR?DELAY?74HC595
            CODE    446CH     0008H     UNIT         ?PR?READAGENTFLAGDATA?EEPROM
            CODE    4474H     0007H     UNIT         ?PR?GETDEVICE?EEPROM
            CODE    447BH     0007H     UNIT         ?PR?PCDANTENNAOFF?RC522
            CODE    4482H     0001H     UNIT         ?PR?TIMER1?TIME



OVERLAY MAP OF MODULE:   ..\04_bin\MainCtrl\MainCtrl (EEPROM)


SEGMENT                                        BIT_GROUP          DATA_GROUP          IDATA_GROUP         XDATA_GROUP
  +--> CALLED SEGMENT                       START    LENGTH     START    LENGTH     START    LENGTH     START    LENGTH
-----------------------------------------------------------------------------------------------------------------------
?C_C51STARTUP                               -----    -----      -----    -----      -----    -----      -----    -----
  +--> ?PR?MAIN?MAIN
  +--> ?C_INITSEG

?PR?MAIN?MAIN                               0020H.2  0000H.1    -----    -----      -----    -----      010AH    0008H
  +--> ?PR?TIME_INIT?TIME
  +--> ?PR?UART_INIT?MAIN
  +--> ?PR?PCDRESET?RC522
  +--> ?PR?PCDANTENNAOFF?RC522
  +--> ?PR?PCDANTENNAON?RC522
  +--> ?PR?_M500PCDCONFIGISOTYPE?RC522
  +--> ?PR?_IAPREADBYTE?EEPROM
  +--> ?PR?_IAPPROGRAMBYTE?EEPROM
  +--> ?PR?_SOUNDS?MAIN
  +--> ?PR?DIS_OPEN?74HC595
  +--> ?PR?GETDEVICE?EEPROM
  +--> ?CO?MAIN
  +--> ?PR?_ENABLEKEY?74HC595
  +--> ?PR?_PRESSKEY?74HC595
  +--> ?PR?DELAY1?EEPROM
  +--> ?PR?ISRESET?MAIN
  +--> ?PR?LONGBEEP?MAIN
  +--> ?PR?_FLASH?MAIN
  +--> ?PR?READAGENTID?EEPROM
  +--> ?PR?_IAPREADBYTES?EEPROM
  +--> ?PR?_IAPERASESECTOR?EEPROM
  +--> ?PR?_IAPPROGRAMBYTES?EEPROM
  +--> ?PR?CLEARALLREVERSELIST?EEPROM
  +--> ?PR?_MAKE?MAIN
  +--> ?PR?_SEND?MAIN
  +--> ?PR?READINNERFLAG?EEPROM
  +--> ?PR?READOFFSET?EEPROM
  +--> ?PR?READVERIFYAGENTFLAG?EEPROM
  +--> ?PR?READPASSWORDFLAG?EEPROM
  +--> ?PR?READREVERSECHECKFLAG?EEPROM
  +--> ?PR?_READSECTIONPSW?EEPROM
  +--> ?PR?READDISABLECOUNTERFLAG?EEPROM
  +--> ?PR?GENERATEPSW?MAIN
  +--> ?PR?GETELEVATORID?MAIN
  +--> ?PR?_READTIME?MAIN
  +--> ?PR?_P8563_SETTIME?MAIN
  +--> ?PR?SCANCOMMAND?MAIN
BL51 BANKED LINKER/LOCATER V6.22                                                      08/21/2017  21:04:33  PAGE 5


  +--> ?PR?_PCDREQUEST?RC522
  +--> ?PR?READPROC?MAIN
  +--> ?PR?PCDHALT?RC522
  +--> ?PR?ISDISABLEOUTPUT?MAIN

?PR?PCDRESET?RC522                          -----    -----      -----    -----      -----    -----      -----    -----
  +--> ?PR?_WRITERAWRC?RC522

?PR?PCDANTENNAOFF?RC522                     -----    -----      -----    -----      -----    -----      -----    -----
  +--> ?PR?_CLEARBITMASK?RC522

?PR?_CLEARBITMASK?RC522                     -----    -----      -----    -----      -----    -----      -----    -----
  +--> ?PR?_READRAWRC?RC522
  +--> ?PR?_WRITERAWRC?RC522

?PR?PCDANTENNAON?RC522                      -----    -----      -----    -----      -----    -----      -----    -----
  +--> ?PR?_READRAWRC?RC522
  +--> ?PR?_SETBITMASK?RC522

?PR?_SETBITMASK?RC522                       -----    -----      -----    -----      -----    -----      -----    -----
  +--> ?PR?_READRAWRC?RC522
  +--> ?PR?_WRITERAWRC?RC522

?PR?_M500PCDCONFIGISOTYPE?RC522             -----    -----      -----    -----      -----    -----      -----    -----
  +--> ?PR?_CLEARBITMASK?RC522
  +--> ?PR?_WRITERAWRC?RC522
  +--> ?PR?_DELAY_10MS?RC522
  +--> ?PR?PCDANTENNAON?RC522

?PR?_DELAY_10MS?RC522                       -----    -----      004AH    0004H      -----    -----      -----    -----
  +--> ?PR?PCDANTENNAOFF?RC522

?PR?_IAPREADBYTE?EEPROM                     -----    -----      -----    -----      -----    -----      -----    -----
  +--> ?PR?IAPIDLE?EEPROM

?PR?_IAPPROGRAMBYTE?EEPROM                  -----    -----      -----    -----      -----    -----      -----    -----
  +--> ?PR?IAPIDLE?EEPROM

?PR?_SOUNDS?MAIN                            -----    -----      0028H    0002H      -----    -----      -----    -----
  +--> ?PR?BEEP?MAIN
  +--> ?PR?_DELAY_10MS?RC522

?PR?BEEP?MAIN                               -----    -----      002BH    0001H      -----    -----      -----    -----
  +--> ?PR?DELAY1?EEPROM

?PR?GETDEVICE?EEPROM                        -----    -----      -----    -----      -----    -----      -----    -----
  +--> ?PR?_IAPREADBYTE?EEPROM

?PR?_ENABLEKEY?74HC595                      -----    -----      002BH    0004H      -----    -----      -----    -----
  +--> ?PR?_SEND_DATA_A?74HC595
  +--> ?PR?DELAY?74HC595

?PR?_SEND_DATA_A?74HC595                    -----    -----      -----    -----      -----    -----      -----    -----
  +--> ?PR?DELAY?74HC595

?PR?_PRESSKEY?74HC595                       -----    -----      002CH    0003H      -----    -----      -----    -----
  +--> ?PR?_SEND_DATA_B?74HC595
BL51 BANKED LINKER/LOCATER V6.22                                                      08/21/2017  21:04:33  PAGE 6


  +--> ?PR?DELAY?74HC595

?PR?_SEND_DATA_B?74HC595                    -----    -----      -----    -----      -----    -----      -----    -----
  +--> ?PR?DELAY?74HC595

?PR?ISRESET?MAIN                            -----    -----      0021H    0002H      -----    -----      -----    -----
  +--> ?PR?_DELAY_10MS?RC522

?PR?LONGBEEP?MAIN                           -----    -----      0028H    0001H      -----    -----      -----    -----
  +--> ?PR?DELAY1?EEPROM

?PR?_FLASH?MAIN                             -----    -----      0021H    0002H      -----    -----      -----    -----
  +--> ?PR?_DELAY_10MS?RC522

?PR?READAGENTID?EEPROM                      -----    -----      0028H    0008H      -----    -----      -----    -----
  +--> ?CO?EEPROM
  +--> ?PR?_IAPREADBYTES?EEPROM

?PR?_IAPREADBYTES?EEPROM                    -----    -----      0050H    0007H      -----    -----      -----    -----
  +--> ?PR?_IAPREADBYTE?EEPROM

?PR?_IAPERASESECTOR?EEPROM                  -----    -----      -----    -----      -----    -----      -----    -----
  +--> ?PR?IAPIDLE?EEPROM

?PR?_IAPPROGRAMBYTES?EEPROM                 -----    -----      0050H    0007H      -----    -----      -----    -----
  +--> ?PR?_IAPPROGRAMBYTE?EEPROM

?PR?CLEARALLREVERSELIST?EEPROM              -----    -----      -----    -----      -----    -----      0137H    0002H
  +--> ?PR?_IAPERASESECTOR?EEPROM

?PR?_MAKE?MAIN                              -----    -----      0041H    0009H      -----    -----      013EH    0050H

?PR?READINNERFLAG?EEPROM                    -----    -----      -----    -----      -----    -----      -----    -----
  +--> ?PR?_IAPREADBYTE?EEPROM

?PR?READOFFSET?EEPROM                       -----    -----      -----    -----      -----    -----      -----    -----
  +--> ?PR?_IAPREADBYTE?EEPROM

?PR?READVERIFYAGENTFLAG?EEPROM              -----    -----      -----    -----      -----    -----      -----    -----
  +--> ?PR?_IAPREADBYTE?EEPROM

?PR?READPASSWORDFLAG?EEPROM                 -----    -----      -----    -----      -----    -----      -----    -----
  +--> ?PR?_IAPREADBYTE?EEPROM

?PR?READREVERSECHECKFLAG?EEPROM             -----    -----      -----    -----      -----    -----      -----    -----
  +--> ?PR?_IAPREADBYTE?EEPROM

?PR?_READSECTIONPSW?EEPROM                  -----    -----      -----    -----      -----    -----      -----    -----
  +--> ?PR?_IAPREADBYTES?EEPROM

?PR?READDISABLECOUNTERFLAG?EEPROM           -----    -----      -----    -----      -----    -----      -----    -----
  +--> ?PR?_IAPREADBYTE?EEPROM

?PR?_READTIME?MAIN                          -----    -----      0038H    000AH      -----    -----      -----    -----
  +--> ?PR?_P8563_READTIME?MAIN

?PR?_P8563_READTIME?MAIN                    -----    -----      0042H    000AH      -----    -----      -----    -----
BL51 BANKED LINKER/LOCATER V6.22                                                      08/21/2017  21:04:33  PAGE 7


  +--> ?PR?_RECEIVE_CFGNBYTE?MAIN

?PR?_RECEIVE_CFGNBYTE?MAIN                  -----    -----      -----    -----      -----    -----      -----    -----
  +--> ?PR?_RECEIVE_CFGBYTE?MAIN

?PR?_RECEIVE_CFGBYTE?MAIN                   -----    -----      -----    -----      0018H    0001H      -----    -----
  +--> ?PR?_IICSENDBYTE?MAIN
  +--> ?PR?CHECK_ACK?MAIN
  +--> ?PR?IIC_START?MAIN
  +--> ?PR?IICRECEIVEBYTE?MAIN
  +--> ?PR?SLAVE_NOACK?MAIN
  +--> ?PR?IIC_STOP?MAIN

?PR?_IICSENDBYTE?MAIN                       -----    -----      -----    -----      0019H    0001H      -----    -----
  +--> ?PR?IIC_START?MAIN

?PR?IICRECEIVEBYTE?MAIN                     -----    -----      -----    -----      0019H    0001H      -----    -----

?PR?_P8563_SETTIME?MAIN                     -----    -----      -----    -----      -----    -----      -----    -----
  +--> ?PR?_WRITE_CFGNBYTE?MAIN

?PR?_WRITE_CFGNBYTE?MAIN                    -----    -----      0028H    0003H      -----    -----      -----    -----
  +--> ?PR?_IICSENDBYTE?MAIN
  +--> ?PR?CHECK_ACK?MAIN
  +--> ?PR?IIC_STOP?MAIN

?PR?SCANCOMMAND?MAIN                        -----    -----      0021H    0002H      -----    -----      -----    -----
  +--> ?PR?_GETCOMMAND?MAIN
  +--> ?PR?_WRITEPASSWORD?RC522
  +--> ?PR?_MAKE?MAIN
  +--> ?PR?_READDATAFROMIC?RC522
  +--> ?PR?_SEND?MAIN
  +--> ?PR?_READUSERCARD?MAIN
  +--> ?PR?_WRITEUSERCARD?MAIN
  +--> ?PR?_READFUNTIONCARD?MAIN
  +--> ?PR?_WRITEFUNCTIONCARD?MAIN
  +--> ?PR?_P8563_SETTIME?MAIN
  +--> ?PR?_READTIME?MAIN

?PR?_GETCOMMAND?MAIN                        -----    -----      0023H    0010H      -----    -----      -----    -----

?PR?_WRITEPASSWORD?RC522                    -----    -----      0023H    0007H      -----    -----      0112H    0007H
  +--> ?PR?_DELAY_10MS?RC522
  +--> ?PR?PCDANTENNAON?RC522
  +--> ?PR?_PCDREQUEST?RC522
  +--> ?PR?_PCDANTICOLL?RC522
  +--> ?PR?_PCDSELECT?RC522
  +--> ?PR?_PCDAUTHSTATE?RC522
  +--> ?PR?_PCDWRITE?RC522

?PR?_PCDREQUEST?RC522                       -----    -----      004AH    0018H      -----    -----      -----    -----
  +--> ?PR?_CLEARBITMASK?RC522
  +--> ?PR?_WRITERAWRC?RC522
  +--> ?PR?_SETBITMASK?RC522
  +--> ?PR?_PCDCOMMF522?RC522

?PR?_PCDCOMMF522?RC522                      -----    -----      0067H    0011H      -----    -----      -----    -----
BL51 BANKED LINKER/LOCATER V6.22                                                      08/21/2017  21:04:33  PAGE 8


  +--> ?PR?_WRITERAWRC?RC522
  +--> ?PR?_CLEARBITMASK?RC522
  +--> ?PR?_SETBITMASK?RC522
  +--> ?PR?_READRAWRC?RC522

?PR?_PCDANTICOLL?RC522                      -----    -----      004AH    0019H      -----    -----      -----    -----
  +--> ?PR?_CLEARBITMASK?RC522
  +--> ?PR?_WRITERAWRC?RC522
  +--> ?PR?_PCDCOMMF522?RC522
  +--> ?PR?_SETBITMASK?RC522

?PR?_PCDSELECT?RC522                        -----    -----      004AH    001AH      -----    -----      -----    -----
  +--> ?PR?_CALULATECRC?RC522
  +--> ?PR?_CLEARBITMASK?RC522
  +--> ?PR?_PCDCOMMF522?RC522

?PR?_CALULATECRC?RC522                      -----    -----      0064H    0008H      -----    -----      -----    -----
  +--> ?PR?_CLEARBITMASK?RC522
  +--> ?PR?_WRITERAWRC?RC522
  +--> ?PR?_SETBITMASK?RC522
  +--> ?PR?_READRAWRC?RC522

?PR?_PCDAUTHSTATE?RC522                     -----    -----      004AH    001DH      -----    -----      -----    -----
  +--> ?PR?_PCDCOMMF522?RC522
  +--> ?PR?_READRAWRC?RC522

?PR?_PCDWRITE?RC522                         -----    -----      0049H    0017H      -----    -----      -----    -----
  +--> ?PR?_CALULATECRC?RC522
  +--> ?PR?_PCDCOMMF522?RC522

?PR?_READDATAFROMIC?RC522                   -----    -----      003CH    000EH      -----    -----      -----    -----
  +--> ?PR?_DELAY_10MS?RC522
  +--> ?PR?PCDANTENNAON?RC522
  +--> ?PR?_PCDREQUEST?RC522
  +--> ?PR?_PCDANTICOLL?RC522
  +--> ?PR?_PCDSELECT?RC522
  +--> ?CO?RC522
  +--> ?PR?_PCDAUTHSTATE?RC522
  +--> ?PR?_PCDREAD?RC522

?PR?_PCDREAD?RC522                          -----    -----      004AH    0017H      -----    -----      -----    -----
  +--> ?PR?_CALULATECRC?RC522
  +--> ?PR?_PCDCOMMF522?RC522

?PR?_READUSERCARD?MAIN                      -----    -----      0023H    0011H      -----    -----      -----    -----
  +--> ?PR?_READDATAFROMIC?RC522
  +--> ?PR?_MEMCOPY?MAIN

?PR?_MEMCOPY?MAIN                           -----    -----      0034H    0007H      -----    -----      -----    -----

?PR?_WRITEUSERCARD?MAIN                     -----    -----      0023H    0011H      -----    -----      -----    -----
  +--> ?PR?_MEMCOPY?MAIN
  +--> ?PR?_WRITEDATATOIC?RC522

?PR?_WRITEDATATOIC?RC522                    -----    -----      0038H    0011H      -----    -----      -----    -----
  +--> ?PR?_DELAY_10MS?RC522
  +--> ?PR?PCDANTENNAON?RC522
BL51 BANKED LINKER/LOCATER V6.22                                                      08/21/2017  21:04:33  PAGE 9


  +--> ?PR?_PCDREQUEST?RC522
  +--> ?PR?_PCDANTICOLL?RC522
  +--> ?PR?_PCDSELECT?RC522
  +--> ?CO?RC522
  +--> ?PR?_PCDAUTHSTATE?RC522
  +--> ?PR?_PCDWRITE?RC522

?PR?_READFUNTIONCARD?MAIN                   -----    -----      0023H    0011H      -----    -----      -----    -----
  +--> ?PR?_READDATAFROMIC?RC522
  +--> ?PR?_MEMCOPY?MAIN

?PR?_WRITEFUNCTIONCARD?MAIN                 -----    -----      0023H    0011H      -----    -----      -----    -----
  +--> ?PR?_MEMCOPY?MAIN
  +--> ?PR?_WRITEDATATOIC?RC522

?PR?READPROC?MAIN                           -----    -----      0021H    0007H      -----    -----      0112H    0025H
  +--> ?CO?MAIN
  +--> ?PR?_READDATAFROMIC?RC522
  +--> ?PR?RECOVERPSW?MAIN
  +--> ?PR?GENERATEPSW?MAIN
  +--> ?PR?_SOUNDS?MAIN
  +--> ?PR?_DELAY_10MS?RC522
  +--> ?PR?LONGBEEP?MAIN
  +--> ?PR?GETDEVICE?EEPROM
  +--> ?PR?_CHECKBLACKLIST?EEPROM
  +--> ?PR?_READCARDREVERSEDATA?MAIN
  +--> ?PR?_REVERSEWRITEDATA2CARD?MAIN
  +--> ?PR?_RECORDCARDLIST?EEPROM
  +--> ?PR?_GETCARDAGENTID?MAIN
  +--> ?PR?_DOREPLACECARDFORBIDENLIST?MAIN
  +--> ?PR?_CHECKUSECOUNT?MAIN
  +--> ?PR?_DEALELEVATOR?MAIN
  +--> ?PR?GETELEVATORID?MAIN
  +--> ?PR?_MAKE?MAIN
  +--> ?PR?_READTIME?MAIN
  +--> ?PR?_CHECKTIMEVALIDE?MAIN
  +--> ?PR?_SEND?MAIN
  +--> ?PR?_MEMCOPY?MAIN
  +--> ?PR?_RECORDINTERPARAM?MAIN
  +--> ?PR?READAGENTID?EEPROM
  +--> ?PR?_DOFUNCTIONENABLEINFO?MAIN
  +--> ?PR?_P8563_SETTIME?MAIN
  +--> ?PR?_SETDEVICE?EEPROM
  +--> ?PR?_ENABLEKEY?74HC595
  +--> ?PR?_READCARDSTATUSDATA?MAIN
  +--> ?PR?_WRITESTATUSDATA?EEPROM
  +--> ?PR?READOFFSET?EEPROM
  +--> ?PR?READVERIFYAGENTFLAG?EEPROM
  +--> ?PR?READPASSWORDFLAG?EEPROM
  +--> ?PR?READREVERSECHECKFLAG?EEPROM
  +--> ?PR?_READSECTIONPSW?EEPROM
  +--> ?PR?_READSTATUSDATA?EEPROM
  +--> ?PR?_WRITEAGENTID?EEPROM
  +--> ?PR?_WRITEVERIFYAGENTFLAG?EEPROM
  +--> ?PR?CLEARALLREVERSELIST?EEPROM
  +--> ?PR?ENABLECOUNTER?EEPROM
  +--> ?PR?DISABLECOUNTER?EEPROM
BL51 BANKED LINKER/LOCATER V6.22                                                      08/21/2017  21:04:33  PAGE 10



?PR?_CHECKBLACKLIST?EEPROM                  -----    -----      0028H    0011H      -----    -----      -----    -----
  +--> ?PR?_IAPREADBYTES?EEPROM

?PR?_READCARDREVERSEDATA?MAIN               -----    -----      0028H    0004H      -----    -----      0137H    0010H
  +--> ?PR?_READDATAFROMIC?RC522

?PR?_REVERSEWRITEDATA2CARD?MAIN             -----    -----      0028H    0003H      -----    -----      0137H    0010H
  +--> ?PR?_READDATAFROMIC?RC522
  +--> ?PR?_WRITEDATATOIC?RC522

?PR?_RECORDCARDLIST?EEPROM                  -----    -----      0028H    0012H      -----    -----      0137H    0080H
  +--> ?PR?_IAPREADBYTES?EEPROM
  +--> ?PR?_IAPPROGRAMBYTES?EEPROM
  +--> ?PR?_IAPERASESECTOR?EEPROM

?PR?_GETCARDAGENTID?MAIN                    -----    -----      0028H    0001H      -----    -----      0137H    0014H
  +--> ?PR?_READDATAFROMIC?RC522

?PR?_DOREPLACECARDFORBIDENLIST?MAIN         -----    -----      0028H    0003H      -----    -----      0137H    0010H
  +--> ?CO?MAIN
  +--> ?PR?_READDATAFROMIC?RC522
  +--> ?PR?_RECORD2BLACKLIST?EEPROM

?PR?_RECORD2BLACKLIST?EEPROM                -----    -----      0041H    000FH      -----    -----      0147H    0080H
  +--> ?PR?_IAPREADBYTES?EEPROM
  +--> ?PR?_IAPPROGRAMBYTES?EEPROM
  +--> ?PR?_IAPERASESECTOR?EEPROM

?PR?_CHECKUSECOUNT?MAIN                     -----    -----      0028H    0006H      -----    -----      0137H    0010H
  +--> ?PR?_READDATAFROMIC?RC522
  +--> ?PR?_WRITEDATATOIC?RC522

?PR?_DEALELEVATOR?MAIN                      -----    -----      -----    -----      -----    -----      -----    -----
  +--> ?PR?_SOUNDS?MAIN
  +--> ?CO?MAIN
  +--> ?PR?_ENABLEKEY?74HC595
  +--> ?PR?_DEALELEVATORINDEX?MAIN

?PR?_DEALELEVATORINDEX?MAIN                 -----    -----      -----    -----      -----    -----      0137H    0010H
  +--> ?PR?_READDATAFROMIC?RC522
  +--> ?PR?GETELEVATORID?MAIN
  +--> ?PR?_DEALELEVATORBTN?MAIN

?PR?_DEALELEVATORBTN?MAIN                   -----    -----      0028H    0003H      -----    -----      -----    -----
  +--> ?PR?_CONFIRMSINGLEORMULTI?MAIN
  +--> ?PR?BEEP?MAIN
  +--> ?PR?_ENABLEKEY?74HC595
  +--> ?PR?_PRESSBUTTON?MAIN

?PR?_CONFIRMSINGLEORMULTI?MAIN              -----    -----      002BH    0004H      -----    -----      -----    -----
  +--> ?PR?_CONFIRMBYTE?MAIN

?PR?_PRESSBUTTON?MAIN                       -----    -----      002BH    0001H      -----    -----      -----    -----
  +--> ?PR?_PRESSKEY?74HC595
  +--> ?PR?DELAY1?EEPROM
  +--> ?CO?MAIN
BL51 BANKED LINKER/LOCATER V6.22                                                      08/21/2017  21:04:33  PAGE 11



?PR?_CHECKTIMEVALIDE?MAIN                   -----    -----      0028H    000BH      -----    -----      -----    -----

?PR?_RECORDINTERPARAM?MAIN                  -----    -----      0028H    0010H      -----    -----      0137H    0007H
  +--> ?PR?READAGENTFLAGDATA?EEPROM
  +--> ?PR?GETELEVATORID?MAIN
  +--> ?PR?_READTIME?MAIN
  +--> ?PR?READREVERSECHECKFLAG?EEPROM
  +--> ?PR?_WRITEDATATOIC?RC522
  +--> ?PR?_MAKE?MAIN
  +--> ?PR?_SEND?MAIN

?PR?READAGENTFLAGDATA?EEPROM                -----    -----      -----    -----      -----    -----      -----    -----
  +--> ?PR?_IAPREADBYTE?EEPROM

?PR?_DOFUNCTIONENABLEINFO?MAIN              -----    -----      0028H    0014H      -----    -----      -----    -----
  +--> ?PR?_READDATAFROMIC?RC522
  +--> ?PR?_DOBLACKLIST?MAIN

?PR?_DOBLACKLIST?MAIN                       -----    -----      003CH    0005H      -----    -----      0137H    0002H
  +--> ?PR?_DELETEBLACKLIST?EEPROM
  +--> ?PR?_RECORD2BLACKLIST?EEPROM
  +--> ?PR?_MAKE?MAIN
  +--> ?PR?_SEND?MAIN

?PR?_DELETEBLACKLIST?EEPROM                 -----    -----      0041H    0008H      -----    -----      0139H    0080H
  +--> ?PR?_IAPREADBYTE?EEPROM
  +--> ?PR?_IAPREADBYTES?EEPROM
  +--> ?PR?_IAPPROGRAMBYTES?EEPROM
  +--> ?PR?_IAPERASESECTOR?EEPROM

?PR?_SETDEVICE?EEPROM                       -----    -----      0028H    0011H      -----    -----      -----    -----
  +--> ?PR?_IAPREADBYTES?EEPROM
  +--> ?PR?_IAPERASESECTOR?EEPROM
  +--> ?PR?_IAPPROGRAMBYTES?EEPROM

?PR?_READCARDSTATUSDATA?MAIN                -----    -----      0028H    0001H      -----    -----      0137H    0010H
  +--> ?PR?_READDATAFROMIC?RC522
  +--> ?PR?_MEMCOPY?MAIN

?PR?_WRITESTATUSDATA?EEPROM                 -----    -----      0028H    0003H      -----    -----      0137H    0022H
  +--> ?CO?EEPROM
  +--> ?PR?_IAPREADBYTES?EEPROM
  +--> ?PR?_IAPERASESECTOR?EEPROM
  +--> ?PR?_IAPPROGRAMBYTES?EEPROM

?PR?_READSTATUSDATA?EEPROM                  -----    -----      0028H    0003H      -----    -----      0137H    0010H
  +--> ?CO?EEPROM
  +--> ?PR?_IAPREADBYTES?EEPROM

?PR?_WRITEAGENTID?EEPROM                    -----    -----      0028H    0003H      -----    -----      0137H    0010H
  +--> ?CO?EEPROM
  +--> ?PR?_IAPREADBYTES?EEPROM
  +--> ?PR?_IAPERASESECTOR?EEPROM
  +--> ?PR?_IAPPROGRAMBYTES?EEPROM

?PR?_WRITEVERIFYAGENTFLAG?EEPROM            -----    -----      0028H    0011H      -----    -----      -----    -----
BL51 BANKED LINKER/LOCATER V6.22                                                      08/21/2017  21:04:33  PAGE 12


  +--> ?CO?EEPROM
  +--> ?PR?_IAPREADBYTES?EEPROM
  +--> ?PR?_IAPERASESECTOR?EEPROM
  +--> ?PR?_IAPPROGRAMBYTES?EEPROM
  +--> ?PR?_IAPREADBYTE?EEPROM

?PR?ENABLECOUNTER?EEPROM                    -----    -----      -----    -----      -----    -----      0137H    0010H
  +--> ?CO?EEPROM
  +--> ?PR?_IAPREADBYTES?EEPROM
  +--> ?PR?_IAPERASESECTOR?EEPROM
  +--> ?PR?_IAPPROGRAMBYTES?EEPROM

?PR?DISABLECOUNTER?EEPROM                   -----    -----      -----    -----      -----    -----      0137H    0010H
  +--> ?CO?EEPROM
  +--> ?PR?_IAPREADBYTES?EEPROM
  +--> ?PR?_IAPERASESECTOR?EEPROM
  +--> ?PR?_IAPPROGRAMBYTES?EEPROM

?PR?PCDHALT?RC522                           -----    -----      0021H    0014H      -----    -----      -----    -----
  +--> ?PR?_CALULATECRC?RC522
  +--> ?PR?_PCDCOMMF522?RC522

?PR?ISDISABLEOUTPUT?MAIN                    -----    -----      0021H    0002H      -----    -----      -----    -----
  +--> ?PR?_DELAY_10MS?RC522



SYMBOL TABLE OF MODULE:  ..\04_bin\MainCtrl\MainCtrl (EEPROM)

  VALUE           TYPE          NAME
  ----------------------------------

  -------         MODULE        EEPROM
  C:0000H         SYMBOL        _ICE_DUMMY_
  C:16D6H         PUBLIC        _RecordCardList
  C:3047H         PUBLIC        ReadAgentID
  D:0080H         PUBLIC        P0
  D:0090H         PUBLIC        P1
  C:407FH         PUBLIC        _SetDevice
  D:00A0H         PUBLIC        P2
  D:00B0H         PUBLIC        P3
  C:3EE2H         PUBLIC        _ReadStatusData
  C:3B9FH         PUBLIC        _IapProgramBytes
  C:4351H         PUBLIC        _IapEraseSector
  D:00C0H         PUBLIC        P4
  D:00C8H         PUBLIC        P5
  C:34E3H         PUBLIC        ClearAllReverseList
  D:00A8H         PUBLIC        IE
  C:2AA1H         PUBLIC        _WriteAgentID
  C:4365H         PUBLIC        _IapProgramByte
  D:00C5H         PUBLIC        IAP_CMD
  C:29B5H         PUBLIC        _WriteStatusData
  C:18FFH         PUBLIC        _Record2BlackList
  C:4449H         PUBLIC        _ReadSectionPsw
  D:00B8H         PUBLIC        IP
  C:437BH         PUBLIC        ReadDisableCounterFlag
  C:000EH         PUBLIC        IapIdle
BL51 BANKED LINKER/LOCATER V6.22                                                      08/21/2017  21:04:33  PAGE 13


  C:3C70H         PUBLIC        DisableCounter
  D:00C3H         PUBLIC        IAP_ADDRH
  C:42BCH         PUBLIC        Delay1
  D:00D8H         PUBLIC        CCON
  D:00C4H         PUBLIC        IAP_ADDRL
  C:3BEDH         PUBLIC        _IapReadBytes
  C:3C23H         PUBLIC        EnableCounter
  C:41BAH         PUBLIC        _IapReadByte
  D:0098H         PUBLIC        SCON
  D:0088H         PUBLIC        TCON
  C:440CH         PUBLIC        ReadReverseCheckFlag
  D:00F0H         PUBLIC        B
  C:346FH         SYMBOL        _?ix1000
  D:00C7H         PUBLIC        IAP_CONTR
  C:3473H         SYMBOL        _?ix1001
  C:3483H         SYMBOL        _?ix1002
  C:3493H         SYMBOL        _?ix1003
  C:34A3H         SYMBOL        _?ix1004
  D:00E0H         PUBLIC        ACC
  C:34B3H         SYMBOL        _?ix1005
  C:34C3H         SYMBOL        _?ix1006
  C:34D3H         SYMBOL        _?ix1007
  C:43FCH         PUBLIC        ReadPasswordFlag
  C:1B19H         PUBLIC        _DeleteBlackList
  D:00C2H         PUBLIC        IAP_DATA
  C:2C10H         PUBLIC        _CheckBlackList
  C:43ECH         PUBLIC        ReadVerifyAgentFlag
  C:43DBH         PUBLIC        ReadOffset
  C:446CH         PUBLIC        ReadAgentFlagData
  D:00C6H         PUBLIC        IAP_TRIG
  C:4474H         PUBLIC        GetDevice
  C:3A90H         PUBLIC        _WriteVerifyAgentFlag
  C:0003H         PUBLIC        ReadInnerFlag
  D:00D0H         PUBLIC        PSW
  -------         PROC          DELAY1
  -------         DO            
  D:0006H         SYMBOL        i
  D:0004H         SYMBOL        d
  -------         ENDDO         
  C:42BCH         LINE#         48
  C:42BCH         LINE#         49
  C:42BCH         LINE#         51
  C:42C0H         LINE#         52
  C:42CAH         LINE#         53
  C:42CAH         LINE#         54
  C:42CEH         LINE#         55
  C:42DAH         LINE#         57
  -------         ENDPROC       DELAY1
  -------         PROC          IAPIDLE
  C:000EH         LINE#         62
  C:000EH         LINE#         63
  C:000EH         LINE#         64
  C:0011H         LINE#         65
  C:0013H         LINE#         66
  C:0015H         LINE#         67
  C:0018H         LINE#         68
  C:001AH         LINE#         69
BL51 BANKED LINKER/LOCATER V6.22                                                      08/21/2017  21:04:33  PAGE 14


  -------         ENDPROC       IAPIDLE
  C:41B6H         SYMBOL        L?0144
  -------         PROC          L?0143
  -------         ENDPROC       L?0143
  C:41B6H         SYMBOL        L?0144
  -------         PROC          _IAPREADBYTE
  D:0006H         SYMBOL        addr
  -------         DO            
  D:0007H         SYMBOL        dat
  -------         ENDDO         
  C:41BAH         LINE#         74
  C:41BAH         LINE#         75
  C:41BAH         LINE#         78
  C:41BDH         LINE#         79
  C:41C0H         LINE#         80
  C:41C2H         LINE#         81
  C:41C4H         LINE#         82
  C:41C7H         LINE#         83
  C:41CAH         LINE#         84
  C:41CBH         LINE#         85
  C:41CDH         LINE#         86
  C:41D0H         LINE#         88
  C:41D0H         LINE#         89
  -------         ENDPROC       _IAPREADBYTE
  -------         PROC          _IAPPROGRAMBYTE
  D:0006H         SYMBOL        addr
  D:0005H         SYMBOL        dat
  C:4365H         LINE#         94
  C:4365H         LINE#         95
  C:4365H         LINE#         96
  C:4368H         LINE#         97
  C:436BH         LINE#         98
  C:436DH         LINE#         99
  C:436FH         LINE#         100
  C:4371H         LINE#         101
  C:4374H         LINE#         102
  C:4377H         LINE#         103
  C:4378H         LINE#         104
  -------         ENDPROC       _IAPPROGRAMBYTE
  C:3B99H         SYMBOL        L?0142
  -------         PROC          L?0141
  -------         ENDPROC       L?0141
  C:3B99H         SYMBOL        L?0142
  -------         PROC          _IAPPROGRAMBYTES
  D:0050H         SYMBOL        addr
  D:0052H         SYMBOL        dat
  D:0055H         SYMBOL        length
  -------         DO            
  D:0004H         SYMBOL        i
  -------         ENDDO         
  C:3B9FH         LINE#         106
  C:3BA9H         LINE#         107
  C:3BA9H         LINE#         108
  C:3BABH         LINE#         109
  C:3BB7H         LINE#         110
  C:3BB7H         LINE#         111
  C:3BD1H         LINE#         112
BL51 BANKED LINKER/LOCATER V6.22                                                      08/21/2017  21:04:33  PAGE 15


  C:3BD4H         LINE#         113
  -------         ENDPROC       _IAPPROGRAMBYTES
  C:3BE7H         SYMBOL        L?0140
  -------         PROC          L?0139
  -------         ENDPROC       L?0139
  C:3BE7H         SYMBOL        L?0140
  -------         PROC          _IAPREADBYTES
  D:0050H         SYMBOL        addr
  D:0052H         SYMBOL        dat
  D:0055H         SYMBOL        length
  -------         DO            
  D:0005H         SYMBOL        i
  -------         ENDDO         
  C:3BEDH         LINE#         114
  C:3BF7H         LINE#         115
  C:3BF7H         LINE#         116
  C:3BF9H         LINE#         117
  C:3C05H         LINE#         118
  C:3C05H         LINE#         119
  C:3C1FH         LINE#         120
  C:3C22H         LINE#         121
  -------         ENDPROC       _IAPREADBYTES
  -------         PROC          _SETDEVICE
  D:0028H         SYMBOL        status
  -------         DO            
  D:0029H         SYMBOL        temp
  -------         ENDDO         
  C:407FH         LINE#         125
  C:4081H         LINE#         126
  C:4081H         LINE#         128
  C:4093H         LINE#         130
  C:4099H         LINE#         132
  C:409CH         LINE#         134
  C:40AEH         LINE#         135
  C:40B0H         LINE#         136
  -------         ENDPROC       _SETDEVICE
  -------         PROC          GETDEVICE
  -------         DO            
  D:0007H         SYMBOL        ret
  -------         ENDDO         
  C:4474H         LINE#         140
  C:4474H         LINE#         141
  C:4474H         LINE#         143
  C:447AH         LINE#         144
  C:447AH         LINE#         145
  -------         ENDPROC       GETDEVICE
  -------         PROC          READOFFSET
  -------         DO            
  D:0007H         SYMBOL        ucData
  -------         ENDDO         
  C:43DBH         LINE#         148
  C:43DBH         LINE#         149
  C:43DBH         LINE#         150
  C:43DCH         LINE#         151
  C:43E2H         LINE#         152
  C:43E8H         LINE#         153
  C:43EBH         LINE#         154
BL51 BANKED LINKER/LOCATER V6.22                                                      08/21/2017  21:04:33  PAGE 16


  C:43EBH         LINE#         155
  -------         ENDPROC       READOFFSET
  -------         PROC          READAGENTID
  -------         DO            
  D:0028H         SYMBOL        lAgentID
  D:002CH         SYMBOL        datas
  -------         ENDDO         
  C:3047H         LINE#         175
  C:3047H         LINE#         176
  C:3047H         LINE#         177
  C:3050H         LINE#         178
  C:3061H         LINE#         179
  C:3074H         LINE#         181
  C:3088H         LINE#         185
  C:3088H         LINE#         186
  C:308EH         LINE#         187
  C:3090H         LINE#         189
  C:3090H         LINE#         190
  C:30CFH         LINE#         194
  C:30CFH         LINE#         195
  C:30D7H         LINE#         196
  -------         ENDPROC       READAGENTID
  -------         PROC          _WRITEAGENTID
  D:0028H         SYMBOL        datas
  -------         DO            
  X:0137H         SYMBOL        temp
  -------         ENDDO         
  C:2AA1H         LINE#         198
  C:2AA7H         LINE#         199
  C:2AA7H         LINE#         200
  C:2ABAH         LINE#         201
  C:2ACCH         LINE#         203
  C:2AD9H         LINE#         204
  C:2AE3H         LINE#         205
  C:2AEDH         LINE#         206
  C:2AF6H         LINE#         207
  C:2AF9H         LINE#         209
  C:2B0BH         LINE#         211
  C:2B1EH         LINE#         213
  C:2B59H         LINE#         218
  C:2B5CH         LINE#         220
  C:2B5EH         LINE#         221
  -------         ENDPROC       _WRITEAGENTID
  -------         PROC          _WRITESTATUSDATA
  D:0028H         SYMBOL        datas
  -------         DO            
  X:0137H         SYMBOL        temp
  X:0147H         SYMBOL        temp1
  X:0157H         SYMBOL        i
  X:0158H         SYMBOL        ucFlag
  -------         ENDDO         
  C:29B5H         LINE#         248
  C:29BBH         LINE#         249
  C:29BBH         LINE#         250
  C:29CEH         LINE#         251
  C:29E1H         LINE#         252
  C:29E6H         LINE#         253
BL51 BANKED LINKER/LOCATER V6.22                                                      08/21/2017  21:04:33  PAGE 17


  C:29E8H         LINE#         255
  C:29F8H         LINE#         257
  C:2A08H         LINE#         258
  C:2A08H         LINE#         259
  C:2A16H         LINE#         260
  C:2A16H         LINE#         261
  C:2A1CH         LINE#         262
  C:2A1EH         LINE#         263
  C:2A1EH         LINE#         264
  C:2A26H         LINE#         266
  C:2A2EH         LINE#         267
  C:2A2EH         LINE#         268
  C:2A40H         LINE#         270
  C:2A53H         LINE#         272
  C:2A66H         LINE#         274
  C:2A6EH         LINE#         276
  C:2A6EH         LINE#         277
  C:2A70H         LINE#         279
  C:2A70H         LINE#         280
  C:2A83H         LINE#         281
  C:2A89H         LINE#         282
  C:2A89H         LINE#         284
  C:2A8FH         LINE#         286
  -------         ENDPROC       _WRITESTATUSDATA
  -------         PROC          _READSTATUSDATA
  D:0028H         SYMBOL        datas
  -------         DO            
  X:0137H         SYMBOL        temp
  -------         ENDDO         
  C:3EE2H         LINE#         289
  C:3EE8H         LINE#         290
  C:3EE8H         LINE#         291
  C:3EFBH         LINE#         292
  C:3F0DH         LINE#         294
  -------         ENDPROC       _READSTATUSDATA
  -------         PROC          _READSECTIONPSW
  D:0001H         SYMBOL        datas
  C:4449H         LINE#         298
  C:4449H         LINE#         299
  C:4449H         LINE#         300
  -------         ENDPROC       _READSECTIONPSW
  -------         PROC          READVERIFYAGENTFLAG
  -------         DO            
  D:0007H         SYMBOL        temp
  -------         ENDDO         
  C:43ECH         LINE#         304
  C:43ECH         LINE#         305
  C:43ECH         LINE#         306
  C:43EDH         LINE#         307
  C:43F3H         LINE#         308
  C:43F6H         LINE#         309
  C:43F9H         LINE#         310
  C:43FBH         LINE#         311
  -------         ENDPROC       READVERIFYAGENTFLAG
  -------         PROC          READPASSWORDFLAG
  -------         DO            
  D:0007H         SYMBOL        chFlag
BL51 BANKED LINKER/LOCATER V6.22                                                      08/21/2017  21:04:33  PAGE 18


  -------         ENDDO         
  C:43FCH         LINE#         314
  C:43FCH         LINE#         315
  C:43FCH         LINE#         316
  C:43FDH         LINE#         317
  C:4403H         LINE#         318
  C:4406H         LINE#         319
  C:4409H         LINE#         320
  C:440BH         LINE#         322
  -------         ENDPROC       READPASSWORDFLAG
  -------         PROC          READREVERSECHECKFLAG
  -------         DO            
  D:0007H         SYMBOL        chFlag
  -------         ENDDO         
  C:440CH         LINE#         324
  C:440CH         LINE#         325
  C:440CH         LINE#         326
  C:440DH         LINE#         327
  C:4413H         LINE#         328
  C:4416H         LINE#         329
  C:4419H         LINE#         330
  C:441BH         LINE#         331
  -------         ENDPROC       READREVERSECHECKFLAG
  -------         PROC          READINNERFLAG
  -------         DO            
  D:0007H         SYMBOL        chFlag
  -------         ENDDO         
  C:0003H         LINE#         333
  C:0003H         LINE#         334
  C:0003H         LINE#         335
  C:0004H         LINE#         336
  C:000AH         LINE#         337
  C:000AH         LINE#         338
  -------         ENDPROC       READINNERFLAG
  -------         PROC          READDISABLECOUNTERFLAG
  -------         DO            
  D:0007H         SYMBOL        temp
  -------         ENDDO         
  C:437BH         LINE#         341
  C:437BH         LINE#         342
  C:437BH         LINE#         343
  C:437CH         LINE#         344
  C:4382H         LINE#         345
  C:438AH         LINE#         347
  C:438DH         LINE#         348
  C:438FH         LINE#         349
  -------         ENDPROC       READDISABLECOUNTERFLAG
  -------         PROC          READAGENTFLAGDATA
  -------         DO            
  D:0007H         SYMBOL        temp
  -------         ENDDO         
  C:446CH         LINE#         353
  C:446CH         LINE#         354
  C:446CH         LINE#         355
  C:446DH         LINE#         356
  C:4473H         LINE#         357
  C:4473H         LINE#         358
BL51 BANKED LINKER/LOCATER V6.22                                                      08/21/2017  21:04:33  PAGE 19


  -------         ENDPROC       READAGENTFLAGDATA
  -------         PROC          ENABLECOUNTER
  -------         DO            
  X:0137H         SYMBOL        temp
  -------         ENDDO         
  C:3C23H         LINE#         360
  C:3C23H         LINE#         361
  C:3C23H         LINE#         362
  C:3C36H         LINE#         364
  C:3C48H         LINE#         366
  C:3C4EH         LINE#         368
  C:3C51H         LINE#         370
  C:3C63H         LINE#         372
  C:3C6AH         LINE#         373
  C:3C6DH         LINE#         374
  C:3C6FH         LINE#         375
  -------         ENDPROC       ENABLECOUNTER
  -------         PROC          DISABLECOUNTER
  -------         DO            
  X:0137H         SYMBOL        temp
  -------         ENDDO         
  C:3C70H         LINE#         378
  C:3C70H         LINE#         379
  C:3C70H         LINE#         380
  C:3C83H         LINE#         382
  C:3C95H         LINE#         384
  C:3C9BH         LINE#         386
  C:3C9EH         LINE#         388
  C:3CB0H         LINE#         390
  C:3CB7H         LINE#         391
  C:3CBAH         LINE#         393
  C:3CBCH         LINE#         394
  -------         ENDPROC       DISABLECOUNTER
  -------         PROC          _WRITEVERIFYAGENTFLAG
  D:0028H         SYMBOL        ucData
  -------         DO            
  D:0007H         SYMBOL        ucFlag
  D:0029H         SYMBOL        temp
  -------         ENDDO         
  C:3A90H         LINE#         432
  C:3A92H         LINE#         433
  C:3A92H         LINE#         435
  C:3AA5H         LINE#         436
  C:3AB7H         LINE#         438
  C:3ABAH         LINE#         439
  C:3AC0H         LINE#         441
  C:3AD2H         LINE#         443
  C:3AD9H         LINE#         445
  C:3ADDH         LINE#         446
  C:3AE0H         LINE#         448
  C:3AE2H         LINE#         449
  -------         ENDPROC       _WRITEVERIFYAGENTFLAG
  -------         PROC          _RECORDCARDLIST
  D:0028H         SYMBOL        iType
  D:0029H         SYMBOL        list
  D:002CH         SYMBOL        ucData
  -------         DO            
BL51 BANKED LINKER/LOCATER V6.22                                                      08/21/2017  21:04:33  PAGE 20


  D:002DH         SYMBOL        i
  D:002FH         SYMBOL        AddrBase
  X:0137H         SYMBOL        temp
  D:0031H         SYMBOL        ucCardNo
  D:0037H         SYMBOL        ucFlag
  D:0038H         SYMBOL        k
  D:0039H         SYMBOL        j
  -------         ENDDO         
  C:16D6H         LINE#         654
  C:16DEH         LINE#         655
  C:16DEH         LINE#         656
  C:16E3H         LINE#         657
  C:16E8H         LINE#         660
  C:16EAH         LINE#         661
  C:16ECH         LINE#         662
  C:16EEH         LINE#         664
  C:16F2H         LINE#         665
  C:16F2H         LINE#         666
  C:1710H         LINE#         667
  C:171EH         LINE#         669
  C:1724H         LINE#         670
  C:1728H         LINE#         672
  C:172DH         LINE#         673
  C:1733H         LINE#         675
  C:1738H         LINE#         676
  C:1738H         LINE#         677
  C:175AH         LINE#         679
  C:1769H         LINE#         682
  C:1769H         LINE#         683
  C:1789H         LINE#         684
  C:178CH         LINE#         685
  C:178CH         LINE#         687
  C:17B6H         LINE#         690
  C:17B6H         LINE#         691
  C:17B8H         LINE#         692
  C:17B8H         LINE#         694
  C:17D4H         LINE#         696
  C:17DDH         LINE#         697
  C:17DDH         LINE#         699
  C:17E0H         LINE#         700
  C:17E0H         LINE#         701
  C:1831H         LINE#         704
  C:1831H         LINE#         705
  C:1843H         LINE#         706
  C:1855H         LINE#         707
  C:1858H         LINE#         708
  C:185AH         LINE#         709
  C:185AH         LINE#         710
  C:1865H         LINE#         712
  C:187CH         LINE#         713
  C:1888H         LINE#         715
  C:18A1H         LINE#         717
  C:18A4H         LINE#         718
  C:18A4H         LINE#         719
  C:18BBH         LINE#         720
  C:18D7H         LINE#         721
  C:18E0H         LINE#         723
BL51 BANKED LINKER/LOCATER V6.22                                                      08/21/2017  21:04:33  PAGE 21


  C:18E7H         LINE#         725
  C:18EAH         LINE#         726
  C:18EAH         LINE#         727
  C:18FCH         LINE#         728
  C:18FEH         LINE#         729
  -------         ENDPROC       _RECORDCARDLIST
  -------         PROC          CLEARALLREVERSELIST
  -------         DO            
  X:0137H         SYMBOL        i
  -------         ENDDO         
  C:34E3H         LINE#         736
  C:34E3H         LINE#         737
  C:34E3H         LINE#         738
  C:34EAH         LINE#         740
  C:3500H         LINE#         741
  C:3500H         LINE#         742
  C:350FH         LINE#         743
  C:351FH         LINE#         744
  C:3536H         LINE#         745
  C:3536H         LINE#         746
  C:3545H         LINE#         747
  C:3555H         LINE#         748
  -------         ENDPROC       CLEARALLREVERSELIST
  -------         PROC          _DELETEBLACKLIST
  D:0007H         SYMBOL        iType
  D:0041H         SYMBOL        list
  -------         DO            
  X:0139H         SYMBOL        temp
  D:0044H         SYMBOL        i
  D:0007H         SYMBOL        k
  D:0046H         SYMBOL        j
  D:0047H         SYMBOL        AddrBase
  -------         ENDDO         
  C:1B19H         LINE#         811
  C:1B1FH         LINE#         812
  C:1B1FH         LINE#         814
  C:1B24H         LINE#         816
  C:1B26H         LINE#         817
  C:1B2BH         LINE#         819
  C:1B2EH         LINE#         820
  C:1B33H         LINE#         822
  C:1B38H         LINE#         823
  C:1B38H         LINE#         825
  C:1B6FH         LINE#         828
  C:1B6FH         LINE#         829
  C:1B72H         LINE#         830
  C:1B72H         LINE#         831
  C:1BD2H         LINE#         834
  C:1BD2H         LINE#         835
  C:1BD4H         LINE#         836
  C:1BD4H         LINE#         837
  C:1BF0H         LINE#         839
  C:1BF2H         LINE#         840
  C:1BF2H         LINE#         841
  C:1C40H         LINE#         844
  C:1C40H         LINE#         849
  C:1C51H         LINE#         851
BL51 BANKED LINKER/LOCATER V6.22                                                      08/21/2017  21:04:33  PAGE 22


  C:1C53H         LINE#         852
  C:1C53H         LINE#         853
  C:1C57H         LINE#         855
  C:1C6EH         LINE#         856
  C:1C7AH         LINE#         858
  C:1C93H         LINE#         860
  C:1C96H         LINE#         861
  C:1C96H         LINE#         862
  C:1CADH         LINE#         863
  C:1CC9H         LINE#         864
  C:1CD2H         LINE#         866
  C:1CD9H         LINE#         868
  C:1CDCH         LINE#         869
  C:1CDCH         LINE#         870
  C:1CEEH         LINE#         871
  C:1CF0H         LINE#         873
  -------         ENDPROC       _DELETEBLACKLIST
  -------         PROC          _RECORD2BLACKLIST
  D:0007H         SYMBOL        iType
  D:0041H         SYMBOL        list
  -------         DO            
  X:0147H         SYMBOL        temp
  D:0044H         SYMBOL        ucCardNo
  D:004AH         SYMBOL        i
  D:0007H         SYMBOL        k
  D:004CH         SYMBOL        j
  D:004DH         SYMBOL        m
  D:004EH         SYMBOL        AddrBase
  -------         ENDDO         
  C:18FFH         LINE#         881
  C:1905H         LINE#         882
  C:1905H         LINE#         885
  C:190AH         LINE#         887
  C:190CH         LINE#         888
  C:190EH         LINE#         889
  C:1913H         LINE#         891
  C:1916H         LINE#         892
  C:191BH         LINE#         894
  C:1920H         LINE#         895
  C:194CH         LINE#         897
  C:1951H         LINE#         898
  C:1951H         LINE#         899
  C:1973H         LINE#         901
  C:1982H         LINE#         904
  C:1982H         LINE#         905
  C:1986H         LINE#         906
  C:198AH         LINE#         908
  C:19AAH         LINE#         909
  C:19ADH         LINE#         910
  C:19ADH         LINE#         912
  C:19D7H         LINE#         915
  C:19D7H         LINE#         916
  C:19D9H         LINE#         917
  C:19D9H         LINE#         918
  C:1A07H         LINE#         920
  C:1A09H         LINE#         921
  C:1A09H         LINE#         922
BL51 BANKED LINKER/LOCATER V6.22                                                      08/21/2017  21:04:33  PAGE 23


  C:1A57H         LINE#         925
  C:1A57H         LINE#         926
  C:1A67H         LINE#         928
  C:1A69H         LINE#         929
  C:1A69H         LINE#         930
  C:1A6DH         LINE#         932
  C:1A84H         LINE#         933
  C:1A90H         LINE#         935
  C:1AA9H         LINE#         937
  C:1AACH         LINE#         938
  C:1AACH         LINE#         939
  C:1AC3H         LINE#         940
  C:1AF1H         LINE#         941
  C:1AFAH         LINE#         943
  C:1B01H         LINE#         945
  C:1B04H         LINE#         946
  C:1B04H         LINE#         947
  C:1B16H         LINE#         948
  C:1B18H         LINE#         950
  -------         ENDPROC       _RECORD2BLACKLIST
  -------         PROC          _CHECKBLACKLIST
  D:0007H         SYMBOL        iType
  D:0029H         SYMBOL        list
  D:002CH         SYMBOL        pData
  -------         DO            
  D:002FH         SYMBOL        i
  D:0031H         SYMBOL        ucCardNo
  D:0037H         SYMBOL        AddrBase
  -------         ENDDO         
  C:2C10H         LINE#         956
  C:2C16H         LINE#         957
  C:2C16H         LINE#         958
  C:2C1BH         LINE#         960
  C:2C20H         LINE#         962
  C:2C2BH         LINE#         964
  C:2C2EH         LINE#         965
  C:2C34H         LINE#         967
  C:2C39H         LINE#         968
  C:2C39H         LINE#         969
  C:2C5BH         LINE#         971
  C:2C6AH         LINE#         974
  C:2C6AH         LINE#         975
  C:2C6DH         LINE#         976
  C:2C6DH         LINE#         978
  C:2C8DH         LINE#         981
  C:2C8DH         LINE#         982
  C:2C98H         LINE#         983
  C:2C9CH         LINE#         984
  C:2C9FH         LINE#         986
  C:2CA2H         LINE#         987
  C:2CA2H         LINE#         988
  C:2CB1H         LINE#         989
  C:2CB3H         LINE#         990
  -------         ENDPROC       _CHECKBLACKLIST
  C:434DH         SYMBOL        L?0146
  -------         PROC          L?0145
  -------         ENDPROC       L?0145
BL51 BANKED LINKER/LOCATER V6.22                                                      08/21/2017  21:04:33  PAGE 24


  C:434DH         SYMBOL        L?0146
  -------         PROC          _IAPERASESECTOR
  D:0006H         SYMBOL        addr
  C:4351H         LINE#         1031
  C:4351H         LINE#         1032
  C:4351H         LINE#         1033
  C:4354H         LINE#         1034
  C:4357H         LINE#         1035
  C:4359H         LINE#         1036
  C:435BH         LINE#         1037
  C:435EH         LINE#         1038
  C:4361H         LINE#         1039
  C:4362H         LINE#         1040
  -------         ENDPROC       _IAPERASESECTOR
  -------         ENDMOD        EEPROM

  -------         MODULE        MAIN
  C:0000H         SYMBOL        _ICE_DUMMY_
  C:388FH         PUBLIC        _memcopy
  X:0000H         PUBLIC        g_ucReverseFlag
  X:0001H         PUBLIC        g_chOffset
  X:0002H         PUBLIC        sendnum
  D:0093H         PUBLIC        P0M1
  C:4279H         PUBLIC        _Sounds
  C:28B0H         PUBLIC        _Make
  D:0096H         PUBLIC        P2M0
  D:0080H         PUBLIC        P0
  C:35C4H         PUBLIC        _ReadCardStatusData
  X:0003H         PUBLIC        bufini
  D:00B2H         PUBLIC        P3M0
  D:0095H         PUBLIC        P2M1
  D:0090H         PUBLIC        P1
  D:00B4H         PUBLIC        P4M0
  D:00B1H         PUBLIC        P3M1
  D:00A0H         PUBLIC        P2
  D:00B3H         PUBLIC        P4M1
  D:00B0H         PUBLIC        P3
  C:3940H         PUBLIC        ENABLEALL
  D:00C0H         PUBLIC        P4
  D:00C8H         PUBLIC        P5
  B:00A8H.7       PUBLIC        EA
  X:0004H         PUBLIC        bufino
  B:0080H.1       PUBLIC        bt0
  B:0080H.0       PUBLIC        bt1
  C:4427H         PUBLIC        _P8563_settime
  B:00C0H.6       PUBLIC        bt2
  X:0005H         PUBLIC        g_ucAgentVerifyFlag
  X:0006H         PUBLIC        timere
  B:00C0H.5       PUBLIC        bt3
  C:4175H         PUBLIC        _ConfirmSingleOrMulti
  B:00A0H.7       PUBLIC        bt4
  C:414FH         PUBLIC        _Send
  C:4250H         PUBLIC        IsDisableOutput
  B:00A0H.6       PUBLIC        bt5
  B:00A0H.5       PUBLIC        bt6
  B:00A0H.4       PUBLIC        bt7
  D:00A8H         PUBLIC        IE
BL51 BANKED LINKER/LOCATER V6.22                                                      08/21/2017  21:04:33  PAGE 25


  X:0007H         PUBLIC        cardwdatastu
  C:4332H         PUBLIC        _PressButton
  C:42DBH         PUBLIC        _flash
  C:41D1H         PUBLIC        LongBeep
  D:0008H         PUBLIC        pp2
  C:0046H         PUBLIC        ReadProc
  B:0020H.0       PUBLIC        internal2
  C:3F20H         PUBLIC        RecoverPsw
  X:0008H         PUBLIC        newkey
  B:0020H.1       PUBLIC        SystemError
  B:00A8H.4       PUBLIC        ES
  D:00B8H         PUBLIC        IP
  B:0098H.0       PUBLIC        RI
  C:3702H         PUBLIC        _ReverseWriteData2Card
  C:2F28H         PUBLIC        _CheckUseCount
  C:21F4H         PUBLIC        _ReadUserCard
  B:0098H.1       PUBLIC        TI
  C:31F6H         PUBLIC        _GetCardAgentID
  C:3990H         PUBLIC        _receive_CFGNbyte
  D:00D8H         PUBLIC        CCON
  C:0D03H         PUBLIC        main
  X:0018H         PUBLIC        g_ucDisCounter
  X:0019H         PUBLIC        tmElevator
  X:0020H         PUBLIC        g_ulAgentID
  C:3939H         PUBLIC        c8563_Store
  C:2365H         PUBLIC        _WriteUserCard
  X:0024H         PUBLIC        cardwdata
  C:443BH         PUBLIC        check_ACK
  D:0099H         PUBLIC        SBUF
  C:2651H         PUBLIC        _DoBlackList
  D:0098H         PUBLIC        SCON
  X:0034H         PUBLIC        Password_Data
  D:0088H         PUBLIC        TCON
  B:0090H.5       PUBLIC        P15
  I:000DH         PUBLIC        counter2
  C:382AH         PUBLIC        _P8563_Readtime
  X:0038H         PUBLIC        cardknumstu
  X:0039H         PUBLIC        cardsizestu
  C:404AH         PUBLIC        _DealElevatorIndex
  C:38E1H         PUBLIC        _DoReplaceCardForbidenList
  C:3E68H         PUBLIC        _DealElevator
  D:00F0H         PUBLIC        B
  D:008EH         PUBLIC        AUXR
  C:3960H         SYMBOL        _?ix1000
  C:3A3CH         PUBLIC        IsReset
  C:3970H         SYMBOL        _?ix1001
  C:3980H         SYMBOL        _?ix1002
  D:00E0H         PUBLIC        ACC
  C:41FCH         PUBLIC        iic_start
  C:1168H         PUBLIC        ScanCommand
  X:003AH         PUBLIC        cardnumstu
  X:003BH         PUBLIC        g_ucPackageFlag
  X:003CH         PUBLIC        timecard
  X:003DH         PUBLIC        Agent_Data
  D:00D6H         PUBLIC        T2H
  C:3631H         PUBLIC        Uart1
  C:3556H         PUBLIC        Uart2
BL51 BANKED LINKER/LOCATER V6.22                                                      08/21/2017  21:04:33  PAGE 26


  C:39ECH         PUBLIC        _readtime
  C:3F9CH         PUBLIC        _receive_CFGbyte
  D:00D7H         PUBLIC        T2L
  X:0041H         PUBLIC        bt_data
  C:442CH         PUBLIC        UART_init
  B:00A0H.2       PUBLIC        LED
  C:4012H         PUBLIC        IICreceiveByte
  C:24D6H         PUBLIC        _WriteFunctionCard
  B:00C0H.7       PUBLIC        SDA
  C:3AE9H         PUBLIC        _ReadCardReverseData
  C:2CB4H         PUBLIC        _DoFunctionEnableInfo
  X:0073H         PUBLIC        cardtypstu
  X:0074H         PUBLIC        cardknum
  X:0084H         PUBLIC        cardsize
  C:2781H         PUBLIC        _RecordInterParam
  X:0085H         PUBLIC        maincmd
  C:4226H         PUBLIC        iic_stop
  C:3948H         PUBLIC        a
  C:3950H         PUBLIC        b
  X:00B7H         PUBLIC        g_ucEnableSwitch
  C:3958H         PUBLIC        c
  B:0090H.2       PUBLIC        SCL
  C:1EC3H         PUBLIC        _ReadFuntionCard
  D:009BH         PUBLIC        S2BUF
  C:1CF1H         PUBLIC        _GetCommand
  C:3D52H         PUBLIC        _write_CFGNbyte
  C:3DDDH         PUBLIC        _DealElevatorBtn
  D:009AH         PUBLIC        S2CON
  X:00B8H         PUBLIC        cardkey
  X:00BEH         PUBLIC        g_ucEnableFlag
  C:43A4H         PUBLIC        _ConfirmByte
  X:00BFH         PUBLIC        g_chPasswordFlag
  C:3B36H         PUBLIC        GeneratePsw
  C:2B77H         PUBLIC        _checkTimeValide
  C:4390H         PUBLIC        slave_NOACK
  X:00C0H         PUBLIC        cardnum
  D:000BH         PUBLIC        p
  X:00C4H         PUBLIC        card_new_key
  X:00D4H         PUBLIC        bt_buf
  B:00D0H.5       PUBLIC        F0
  X:0106H         PUBLIC        g_ucElevatorID
  C:3D08H         PUBLIC        GetElevatorID
  C:3DA2H         PUBLIC        _IICSendByte
  D:00D0H         PUBLIC        PSW
  X:0107H         PUBLIC        cardtyp
  X:0109H         PUBLIC        cardcheckstu
  C:0026H         PUBLIC        Beep
  D:0094H         PUBLIC        P0M0
  -------         PROC          IIC_START
  C:41FCH         LINE#         22
  C:41FCH         LINE#         23
  C:41FCH         LINE#         25
  C:4207H         LINE#         26
  C:4209H         LINE#         28
  C:420BH         LINE#         29
  C:4216H         LINE#         30
  C:4218H         LINE#         31
BL51 BANKED LINKER/LOCATER V6.22                                                      08/21/2017  21:04:33  PAGE 27


  C:4223H         LINE#         32
  C:4225H         LINE#         34
  -------         ENDPROC       IIC_START
  -------         PROC          IIC_STOP
  C:4226H         LINE#         36
  C:4226H         LINE#         37
  C:4226H         LINE#         38
  C:4228H         LINE#         40
  C:422AH         LINE#         41
  C:4235H         LINE#         42
  C:4237H         LINE#         43
  C:4242H         LINE#         44
  C:4244H         LINE#         47
  C:424FH         LINE#         48
  -------         ENDPROC       IIC_STOP
  -------         PROC          SLAVE_NOACK
  C:4390H         LINE#         64
  C:4390H         LINE#         65
  C:4390H         LINE#         66
  C:4392H         LINE#         68
  C:4394H         LINE#         69
  C:439FH         LINE#         72
  C:43A1H         LINE#         73
  C:43A3H         LINE#         76
  -------         ENDPROC       SLAVE_NOACK
  -------         PROC          CHECK_ACK
  C:443BH         LINE#         78
  C:443BH         LINE#         79
  C:443BH         LINE#         80
  C:443DH         LINE#         82
  C:443FH         LINE#         84
  C:4441H         LINE#         85
  C:4446H         LINE#         88
  C:4448H         LINE#         90
  -------         ENDPROC       CHECK_ACK
  -------         PROC          L?0495
  -------         ENDPROC       L?0495
  -------         PROC          _IICSENDBYTE
  D:0007H         SYMBOL        ch
  -------         DO            
  I:0019H         SYMBOL        n
  -------         ENDDO         
  C:3DA2H         LINE#         92
  C:3DA2H         LINE#         93
  C:3DA2H         LINE#         94
  C:3DA6H         LINE#         95
  C:3DACH         LINE#         96
  C:3DACH         LINE#         97
  C:3DB0H         LINE#         98
  C:3DB0H         LINE#         99
  C:3DB2H         LINE#         101
  C:3DB4H         LINE#         102
  C:3DBFH         LINE#         103
  C:3DC1H         LINE#         104
  C:3DC3H         LINE#         109
  C:3DC5H         LINE#         111
  C:3DC5H         LINE#         112
BL51 BANKED LINKER/LOCATER V6.22                                                      08/21/2017  21:04:33  PAGE 28


  C:3DC7H         LINE#         114
  C:3DC9H         LINE#         115
  C:3DD4H         LINE#         116
  C:3DD6H         LINE#         118
  C:3DD6H         LINE#         119
  C:3DDAH         LINE#         120
  C:3DDCH         LINE#         121
  -------         ENDPROC       _IICSENDBYTE
  -------         PROC          IICRECEIVEBYTE
  -------         DO            
  I:0019H         SYMBOL        n
  D:0007H         SYMBOL        tdata
  -------         ENDDO         
  C:4012H         LINE#         123
  C:4012H         LINE#         124
  C:4012H         LINE#         125
  C:4016H         LINE#         127
  C:401CH         LINE#         128
  C:401CH         LINE#         129
  C:401EH         LINE#         130
  C:4029H         LINE#         131
  C:402BH         LINE#         132
  C:402FH         LINE#         133
  C:4032H         LINE#         134
  C:4037H         LINE#         136
  C:403AH         LINE#         137
  C:403CH         LINE#         138
  C:4047H         LINE#         139
  C:4049H         LINE#         140
  C:4049H         LINE#         141
  -------         ENDPROC       IICRECEIVEBYTE
  -------         PROC          _WRITE_CFGNBYTE
  D:0006H         SYMBOL        CFG_add
  D:0028H         SYMBOL        CFG_data2
  -------         DO            
  D:0006H         SYMBOL        i
  -------         ENDDO         
  C:3D52H         LINE#         172
  C:3D58H         LINE#         173
  C:3D58H         LINE#         175
  C:3D58H         LINE#         176
  C:3D58H         LINE#         177
  C:3D5BH         LINE#         178
  C:3D5EH         LINE#         179
  C:3D61H         LINE#         180
  C:3D61H         LINE#         181
  C:3D64H         LINE#         183
  C:3D64H         LINE#         184
  C:3D69H         LINE#         185
  C:3D6CH         LINE#         186
  C:3D6FH         LINE#         187
  C:3D6FH         LINE#         188
  C:3D72H         LINE#         190
  C:3D72H         LINE#         191
  C:3D74H         LINE#         192
  C:3D74H         LINE#         193
  C:3D86H         LINE#         196
BL51 BANKED LINKER/LOCATER V6.22                                                      08/21/2017  21:04:33  PAGE 29


  C:3D89H         LINE#         197
  C:3D8CH         LINE#         198
  C:3D8CH         LINE#         199
  C:3D8FH         LINE#         201
  C:3D8FH         LINE#         202
  C:3D93H         LINE#         204
  C:3D96H         LINE#         205
  C:3D98H         LINE#         206
  -------         ENDPROC       _WRITE_CFGNBYTE
  -------         PROC          _RECEIVE_CFGBYTE
  D:0006H         SYMBOL        CFG_add
  -------         DO            
  I:0018H         SYMBOL        receive_da
  -------         ENDDO         
  C:3F9CH         LINE#         209
  C:3F9CH         LINE#         210
  C:3F9CH         LINE#         212
  C:3F9CH         LINE#         213
  C:3F9CH         LINE#         214
  C:3F9FH         LINE#         215
  C:3FA2H         LINE#         216
  C:3FA5H         LINE#         217
  C:3FA5H         LINE#         218
  C:3FA5H         LINE#         219
  C:3FA7H         LINE#         220
  C:3FA7H         LINE#         221
  C:3FACH         LINE#         222
  C:3FAFH         LINE#         223
  C:3FB2H         LINE#         224
  C:3FB2H         LINE#         225
  C:3FB2H         LINE#         226
  C:3FB4H         LINE#         227
  C:3FB4H         LINE#         228
  C:3FB7H         LINE#         229
  C:3FBCH         LINE#         230
  C:3FBFH         LINE#         231
  C:3FC2H         LINE#         232
  C:3FC2H         LINE#         233
  C:3FC4H         LINE#         234
  C:3FC7H         LINE#         235
  C:3FC7H         LINE#         237
  C:3FCEH         LINE#         238
  C:3FD1H         LINE#         239
  C:3FD4H         LINE#         240
  C:3FD6H         LINE#         241
  C:3FD8H         LINE#         243
  -------         ENDPROC       _RECEIVE_CFGBYTE
  -------         PROC          _RECEIVE_CFGNBYTE
  D:0001H         SYMBOL        buff
  C:3990H         LINE#         244
  C:3990H         LINE#         245
  C:3990H         LINE#         246
  C:3992H         LINE#         247
  C:399EH         LINE#         248
  C:39AAH         LINE#         249
  C:39B6H         LINE#         250
  C:39C2H         LINE#         251
BL51 BANKED LINKER/LOCATER V6.22                                                      08/21/2017  21:04:33  PAGE 30


  C:39CEH         LINE#         252
  C:39DAH         LINE#         253
  C:39E3H         LINE#         254
  C:39E5H         LINE#         255
  -------         ENDPROC       _RECEIVE_CFGNBYTE
  -------         PROC          _P8563_READTIME
  D:0042H         SYMBOL        g8563_Store
  -------         DO            
  D:0045H         SYMBOL        time
  -------         ENDDO         
  C:382AH         LINE#         256
  C:3830H         LINE#         257
  C:3830H         LINE#         259
  C:3839H         LINE#         260
  C:3846H         LINE#         261
  C:3856H         LINE#         262
  C:3860H         LINE#         263
  C:386AH         LINE#         264
  C:3874H         LINE#         265
  C:387EH         LINE#         266
  -------         ENDPROC       _P8563_READTIME
  -------         PROC          L?0491
  -------         ENDPROC       L?0491
  -------         PROC          _P8563_SETTIME
  D:0001H         SYMBOL        g8563_Store
  C:4427H         LINE#         268
  C:4427H         LINE#         269
  C:4427H         LINE#         270
  -------         ENDPROC       _P8563_SETTIME
  C:39E6H         SYMBOL        L?0488
  -------         PROC          L?0487
  -------         ENDPROC       L?0487
  C:39E6H         SYMBOL        L?0488
  -------         PROC          _READTIME
  D:0038H         SYMBOL        timea
  -------         DO            
  D:003BH         SYMBOL        g8563_Store
  -------         ENDDO         
  C:39ECH         LINE#         272
  C:39F2H         LINE#         273
  C:39F2H         LINE#         275
  C:39FBH         LINE#         276
  C:3A06H         LINE#         277
  C:3A14H         LINE#         278
  C:3A1CH         LINE#         279
  C:3A24H         LINE#         280
  C:3A2CH         LINE#         281
  C:3A34H         LINE#         282
  -------         ENDPROC       _READTIME
  C:2B5FH         SYMBOL        L?0480
  -------         PROC          L?0479
  -------         ENDPROC       L?0479
  C:2B5FH         SYMBOL        L?0480
  -------         PROC          _CHECKTIMEVALIDE
  D:0028H         SYMBOL        startTime
  D:002BH         SYMBOL        stopTime
  D:002EH         SYMBOL        currentTime
BL51 BANKED LINKER/LOCATER V6.22                                                      08/21/2017  21:04:33  PAGE 31


  -------         DO            
  D:0007H         SYMBOL        i
  D:0006H         SYMBOL        j
  D:0031H         SYMBOL        faildFlag
  D:0032H         SYMBOL        faildFlag2
  -------         ENDDO         
  C:2B77H         LINE#         284
  C:2B7DH         LINE#         285
  C:2B7DH         LINE#         286
  C:2B84H         LINE#         287
  C:2B84H         LINE#         288
  C:2B84H         LINE#         289
  C:2BA6H         LINE#         290
  C:2BA6H         LINE#         291
  C:2BA9H         LINE#         292
  C:2BABH         LINE#         293
  C:2BABH         LINE#         294
  C:2BBFH         LINE#         295
  C:2BBFH         LINE#         296
  C:2BBFH         LINE#         297
  C:2BBFH         LINE#         300
  C:2BC3H         LINE#         302
  C:2BCCH         LINE#         303
  C:2BCCH         LINE#         304
  C:2BCEH         LINE#         305
  C:2BCEH         LINE#         306
  C:2BF0H         LINE#         307
  C:2BF0H         LINE#         308
  C:2BF3H         LINE#         309
  C:2BF5H         LINE#         310
  C:2BF5H         LINE#         311
  C:2BFAH         LINE#         312
  C:2BFAH         LINE#         313
  C:2BFAH         LINE#         314
  C:2BFAH         LINE#         315
  C:2BFEH         LINE#         316
  C:2C07H         LINE#         317
  C:2C0AH         LINE#         319
  C:2C0DH         LINE#         320
  C:2C0DH         LINE#         323
  C:2C0DH         LINE#         324
  C:2C0FH         LINE#         325
  C:2C0FH         LINE#         328
  -------         ENDPROC       _CHECKTIMEVALIDE
  -------         PROC          ISRESET
  -------         DO            
  D:0021H         SYMBOL        chData
  D:0022H         SYMBOL        uData2
  -------         ENDDO         
  C:3A3CH         LINE#         119
  C:3A3CH         LINE#         120
  C:3A3CH         LINE#         121
  C:3A3FH         LINE#         122
  C:3A41H         LINE#         123
  C:3A44H         LINE#         125
  C:3A4CH         LINE#         126
  C:3A4CH         LINE#         127
BL51 BANKED LINKER/LOCATER V6.22                                                      08/21/2017  21:04:33  PAGE 32


  C:3A52H         LINE#         128
  C:3A56H         LINE#         129
  C:3A5DH         LINE#         130
  C:3A61H         LINE#         131
  C:3A68H         LINE#         132
  C:3A6CH         LINE#         133
  C:3A73H         LINE#         134
  C:3A77H         LINE#         135
  C:3A7EH         LINE#         136
  C:3A82H         LINE#         137
  C:3A8AH         LINE#         138
  C:3A8DH         LINE#         139
  C:3A8DH         LINE#         140
  C:3A8FH         LINE#         141
  -------         ENDPROC       ISRESET
  -------         PROC          ISDISABLEOUTPUT
  -------         DO            
  D:0021H         SYMBOL        chData
  D:0022H         SYMBOL        uData2
  -------         ENDDO         
  C:4250H         LINE#         144
  C:4250H         LINE#         145
  C:4250H         LINE#         146
  C:4253H         LINE#         147
  C:4255H         LINE#         148
  C:4258H         LINE#         150
  C:4260H         LINE#         151
  C:4260H         LINE#         152
  C:4267H         LINE#         153
  C:426BH         LINE#         154
  C:4273H         LINE#         155
  C:4276H         LINE#         156
  C:4276H         LINE#         157
  C:4278H         LINE#         158
  -------         ENDPROC       ISDISABLEOUTPUT
  -------         PROC          UART_INIT
  C:442CH         LINE#         161
  C:442CH         LINE#         162
  C:442CH         LINE#         165
  C:442FH         LINE#         168
  C:4432H         LINE#         169
  C:4435H         LINE#         172
  C:4438H         LINE#         175
  C:443AH         LINE#         176
  -------         ENDPROC       UART_INIT
  C:4147H         SYMBOL        L?0478
  -------         PROC          L?0477
  -------         ENDPROC       L?0477
  C:4147H         SYMBOL        L?0478
  -------         PROC          _SEND
  D:0001H         SYMBOL        str
  D:0004H         SYMBOL        len
  C:414FH         LINE#         178
  C:414FH         LINE#         179
  C:414FH         LINE#         180
  C:4155H         LINE#         181
  C:415CH         LINE#         182
BL51 BANKED LINKER/LOCATER V6.22                                                      08/21/2017  21:04:33  PAGE 33


  C:415EH         LINE#         183
  C:4171H         LINE#         184
  C:4174H         LINE#         185
  -------         ENDPROC       _SEND
  -------         PROC          _GETCOMMAND
  D:0007H         SYMBOL        chType
  D:0024H         SYMBOL        bufino
  D:0027H         SYMBOL        bufini
  -------         DO            
  D:0028H         SYMBOL        combuf
  D:002AH         SYMBOL        dat
  D:002DH         SYMBOL        i
  D:002EH         SYMBOL        j
  D:002FH         SYMBOL        len2
  D:0030H         SYMBOL        k
  D:0031H         SYMBOL        crc
  C:1D14H         SYMBOL        rescan1
[...]
  C:43BBH         LINE#         466
  C:43BBH         LINE#         467
  C:43BBH         LINE#         468
  C:43C0H         LINE#         469
  -------         ENDPROC       _CLEARBITMASK
  C:207EH         SYMBOL        L?0148
  -------         PROC          L?0147
  -------         ENDPROC       L?0147
  C:207EH         SYMBOL        L?0148
  -------         PROC          _PCDCOMMF522
  D:0067H         SYMBOL        Command
  D:0068H         SYMBOL        pInData
  D:006BH         SYMBOL        InLenByte
  D:006CH         SYMBOL        pOutData
  D:006FH         SYMBOL        pOutLenBit
  -------         DO            
  D:0072H         SYMBOL        status
  D:0073H         SYMBOL        irqEn
  D:0074H         SYMBOL        waitFor
  D:0005H         SYMBOL        lastBits
  D:0075H         SYMBOL        n
  D:0076H         SYMBOL        i
  -------         ENDDO         
  C:2082H         LINE#         480
  C:208AH         LINE#         485
  C:208AH         LINE#         486
  C:208DH         LINE#         487
  C:2090H         LINE#         488
  C:2092H         LINE#         492
  C:209CH         LINE#         493
  C:209CH         LINE#         494
  C:209CH         LINE#         495
  C:209FH         LINE#         496
  C:20A2H         LINE#         497
  C:20A4H         LINE#         498
  C:20A4H         LINE#         499
  C:20A7H         LINE#         500
  C:20AAH         LINE#         501
  C:20AAH         LINE#         502
  C:20AAH         LINE#         503
  C:20AAH         LINE#         504
  C:20AAH         LINE#         506
  C:20B4H         LINE#         507
  C:20BBH         LINE#         508
  C:20BEH         LINE#         509
  C:20C5H         LINE#         511
  C:20D5H         LINE#         512
  C:20F4H         LINE#         513
BL51 BANKED LINKER/LOCATER V6.22                                                      08/21/2017  21:04:33  PAGE 69


  C:20FBH         LINE#         516
  C:2100H         LINE#         517
  C:2107H         LINE#         520
  C:210DH         LINE#         522
  C:210DH         LINE#         523
  C:2114H         LINE#         524
  C:211CH         LINE#         525
  C:211CH         LINE#         526
  C:212BH         LINE#         527
  C:2132H         LINE#         529
  C:213BH         LINE#         530
  C:213BH         LINE#         531
  C:2148H         LINE#         532
  C:2148H         LINE#         533
  C:214AH         LINE#         534
  C:2151H         LINE#         535
  C:2154H         LINE#         536
  C:215DH         LINE#         537
  C:215DH         LINE#         538
  C:2164H         LINE#         539
  C:216DH         LINE#         540
  C:216FH         LINE#         541
  C:2190H         LINE#         543
  C:21A4H         LINE#         544
  C:21A8H         LINE#         545
  C:21ABH         LINE#         546
  C:21B2H         LINE#         547
  C:21B5H         LINE#         548
  C:21C5H         LINE#         549
  C:21E4H         LINE#         550
  C:21E4H         LINE#         551
  C:21E4H         LINE#         553
  C:21E7H         LINE#         555
  C:21E7H         LINE#         558
  C:21EEH         LINE#         559
  C:21F1H         LINE#         560
  C:21F3H         LINE#         561
  -------         ENDPROC       _PCDCOMMF522
  -------         PROC          PCDANTENNAON
  -------         DO            
  D:0007H         SYMBOL        i
  -------         ENDDO         
  C:43C9H         LINE#         568
  C:43C9H         LINE#         569
  C:43C9H         LINE#         571
  C:43CEH         LINE#         572
  C:43D3H         LINE#         573
  C:43D3H         LINE#         574
  C:43DAH         LINE#         575
  C:43DAH         LINE#         576
  -------         ENDPROC       PCDANTENNAON
  -------         PROC          PCDANTENNAOFF
  C:447BH         LINE#         582
  C:447BH         LINE#         583
  C:447BH         LINE#         584
  -------         ENDPROC       PCDANTENNAOFF
  -------         PROC          PCDHALT
BL51 BANKED LINKER/LOCATER V6.22                                                      08/21/2017  21:04:33  PAGE 70


  -------         DO            
  D:0007H         SYMBOL        status
  D:0021H         SYMBOL        unLen
  D:0023H         SYMBOL        ucComMF522Buf
  -------         ENDDO         
  C:3FD9H         LINE#         642
  C:3FD9H         LINE#         643
  C:3FD9H         LINE#         648
  C:3FDCH         LINE#         649
  C:3FDFH         LINE#         650
  C:3FF1H         LINE#         652
  C:4011H         LINE#         653
  C:4011H         LINE#         655
  -------         ENDPROC       PCDHALT
  -------         PROC          _WRITEPASSWORD
  D:0023H         SYMBOL        cardKey
  D:0026H         SYMBOL        index
  D:0027H         SYMBOL        dat
  -------         DO            
  X:0112H         SYMBOL        cardTyp
  X:0114H         SYMBOL        cardNum
  X:0118H         SYMBOL        cardSize
  -------         ENDDO         
  C:2E86H         LINE#         712
  C:2E8EH         LINE#         713
  C:2E8EH         LINE#         716
  C:2E93H         LINE#         717
  C:2E93H         LINE#         718
  C:2E96H         LINE#         719
  C:2E99H         LINE#         720
  C:2E9CH         LINE#         722
  C:2EAAH         LINE#         723
  C:2EAAH         LINE#         724
  C:2EB6H         LINE#         725
  C:2EB6H         LINE#         726
  C:2ECBH         LINE#         727
  C:2ECBH         LINE#         728
  C:2ED4H         LINE#         729
  C:2ED7H         LINE#         730
  C:2ED7H         LINE#         732
  C:2ED7H         LINE#         733
  C:2EDAH         LINE#         734
  C:2EDAH         LINE#         737
  C:2EFAH         LINE#         738
  C:2EFAH         LINE#         739
  C:2F0FH         LINE#         740
  C:2F0FH         LINE#         741
  C:2F12H         LINE#         742
  C:2F12H         LINE#         744
  C:2F12H         LINE#         745
  C:2F15H         LINE#         746
  C:2F15H         LINE#         747
  C:2F15H         LINE#         749
  C:2F15H         LINE#         750
  C:2F18H         LINE#         751
  C:2F18H         LINE#         754
  C:2F18H         LINE#         756
BL51 BANKED LINKER/LOCATER V6.22                                                      08/21/2017  21:04:33  PAGE 71


  C:2F18H         LINE#         757
  C:2F1BH         LINE#         758
  C:2F1BH         LINE#         762
  C:2F1BH         LINE#         764
  C:2F1BH         LINE#         765
  C:2F1DH         LINE#         766
  C:2F1DH         LINE#         767
  -------         ENDPROC       _WRITEPASSWORD
  -------         PROC          _READDATAFROMIC
  D:003CH         SYMBOL        cardKey
  D:003FH         SYMBOL        index
  D:0040H         SYMBOL        dat
  -------         DO            
  D:0043H         SYMBOL        cardTyp
  D:0045H         SYMBOL        cardNum
  D:0049H         SYMBOL        cardSize
  -------         ENDDO         
  C:30D8H         LINE#         773
  C:30E0H         LINE#         774
  C:30E0H         LINE#         777
  C:30E3H         LINE#         778
  C:30E3H         LINE#         779
  C:30E6H         LINE#         780
  C:30E9H         LINE#         781
  C:30ECH         LINE#         783
  C:30FAH         LINE#         784
  C:30FAH         LINE#         785
  C:3105H         LINE#         786
  C:3105H         LINE#         787
  C:3118H         LINE#         788
  C:3118H         LINE#         789
  C:311FH         LINE#         790
  C:3122H         LINE#         791
  C:3122H         LINE#         793
  C:3122H         LINE#         794
  C:3125H         LINE#         795
  C:3125H         LINE#         798
  C:3143H         LINE#         799
  C:3143H         LINE#         800
  C:3156H         LINE#         801
  C:3156H         LINE#         802
  C:3159H         LINE#         803
  C:3159H         LINE#         805
  C:3159H         LINE#         806
  C:315CH         LINE#         807
  C:315CH         LINE#         808
  C:315CH         LINE#         810
  C:315CH         LINE#         811
  C:315FH         LINE#         812
  C:315FH         LINE#         815
  C:315FH         LINE#         817
  C:315FH         LINE#         818
  C:3162H         LINE#         819
  C:3162H         LINE#         823
  C:3162H         LINE#         825
  C:3162H         LINE#         826
  C:3164H         LINE#         827
BL51 BANKED LINKER/LOCATER V6.22                                                      08/21/2017  21:04:33  PAGE 72


  C:3164H         LINE#         828
  -------         ENDPROC       _READDATAFROMIC
  -------         PROC          _WRITEDATATOIC
  D:0038H         SYMBOL        cardKey
  D:003BH         SYMBOL        index
  D:003CH         SYMBOL        dat
  -------         DO            
  D:003FH         SYMBOL        cardTyp
  D:0041H         SYMBOL        cardNum
  D:0045H         SYMBOL        cardSize
  D:0046H         SYMBOL        status
  D:0047H         SYMBOL        count
  -------         ENDDO         
  C:2FB4H         LINE#         834
  C:2FBCH         LINE#         835
  C:2FBCH         LINE#         838
  C:2FBFH         LINE#         840
  C:2FC1H         LINE#         841
  C:2FC5H         LINE#         842
  C:2FC5H         LINE#         843
  C:2FC8H         LINE#         844
  C:2FCBH         LINE#         845
  C:2FCEH         LINE#         847
  C:2FDCH         LINE#         848
  C:2FDCH         LINE#         849
  C:2FE7H         LINE#         850
  C:2FE7H         LINE#         851
  C:2FFAH         LINE#         852
  C:2FFAH         LINE#         853
  C:3001H         LINE#         854
  C:3004H         LINE#         855
  C:3004H         LINE#         857
  C:3004H         LINE#         858
  C:3007H         LINE#         859
  C:3007H         LINE#         861
  C:3025H         LINE#         862
  C:3025H         LINE#         863
  C:3038H         LINE#         864
  C:3038H         LINE#         865
  C:303BH         LINE#         866
  C:303BH         LINE#         868
  C:303BH         LINE#         869
  C:303EH         LINE#         870
  C:303EH         LINE#         871
  C:303EH         LINE#         873
  C:303EH         LINE#         874
  C:3041H         LINE#         875
  C:3041H         LINE#         878
  C:3041H         LINE#         880
  C:3041H         LINE#         881
  C:3044H         LINE#         882
  C:3044H         LINE#         886
  C:3044H         LINE#         888
  C:3044H         LINE#         889
  C:3046H         LINE#         890
  C:3046H         LINE#         891
  -------         ENDPROC       _WRITEDATATOIC
BL51 BANKED LINKER/LOCATER V6.22                                                      08/21/2017  21:04:33  PAGE 73


  -------         ENDMOD        RC522

  -------         MODULE        TIME
  C:0000H         SYMBOL        _ICE_DUMMY_
  D:0080H         PUBLIC        P0
  D:0090H         PUBLIC        P1
  D:00A0H         PUBLIC        P2
  D:00B0H         PUBLIC        P3
  D:00C0H         PUBLIC        P4
  D:00C8H         PUBLIC        P5
  D:00A8H         PUBLIC        IE
  D:00B8H         PUBLIC        IP
  D:00D8H         PUBLIC        CCON
  C:429BH         PUBLIC        Time_init
  D:0098H         PUBLIC        SCON
  D:0089H         PUBLIC        TMOD
  D:0088H         PUBLIC        TCON
  D:00F0H         PUBLIC        B
  D:008EH         PUBLIC        AUXR
  D:00E0H         PUBLIC        ACC
  B:00A8H.1       PUBLIC        ET0
  B:00A8H.3       PUBLIC        ET1
  D:008CH         PUBLIC        TH0
  D:008DH         PUBLIC        TH1
  D:008AH         PUBLIC        TL0
  D:008BH         PUBLIC        TL1
  C:0042H         PUBLIC        timer0
  C:4482H         PUBLIC        timer1
  B:0088H.4       PUBLIC        TR0
  B:0088H.6       PUBLIC        TR1
  D:00D0H         PUBLIC        PSW
  -------         PROC          TIME_INIT
  C:429BH         LINE#         28
  C:429BH         LINE#         29
  C:429BH         LINE#         30
  C:429EH         LINE#         41
  C:42A1H         LINE#         53
  C:42A4H         LINE#         54
  C:42A7H         LINE#         57
  C:42AAH         LINE#         58
  C:42ADH         LINE#         59
  C:42AFH         LINE#         61
  C:42B1H         LINE#         62
  C:42B4H         LINE#         63
  C:42B7H         LINE#         66
  C:42B9H         LINE#         67
  C:42BBH         LINE#         70
  -------         ENDPROC       TIME_INIT
  -------         PROC          TIMER0
  C:0042H         LINE#         80
  C:0042H         LINE#         88
  -------         ENDPROC       TIMER0
  -------         PROC          TIMER1
  C:4482H         LINE#         99
  C:4482H         LINE#         104
  -------         ENDPROC       TIMER1
  -------         ENDMOD        TIME
BL51 BANKED LINKER/LOCATER V6.22                                                      08/21/2017  21:04:33  PAGE 74



  -------         MODULE        74HC595
  C:0000H         SYMBOL        _ICE_DUMMY_
  D:0096H         PUBLIC        P2M0
  D:0080H         PUBLIC        P0
  D:0095H         PUBLIC        P2M1
  D:0090H         PUBLIC        P1
  D:00A0H         PUBLIC        P2
  D:00B0H         PUBLIC        P3
  D:00C0H         PUBLIC        P4
  D:00C8H         PUBLIC        P5
  D:00A8H         PUBLIC        IE
  C:4463H         PUBLIC        delay
  C:3767H         PUBLIC        _enableKey
  D:00B8H         PUBLIC        IP
  B:00B0H.6       PUBLIC        sdaa
  B:00C0H.3       PUBLIC        sdab
  B:00C0H.2       PUBLIC        scka
  D:00D8H         PUBLIC        CCON
  B:00A0H.1       PUBLIC        sckb
  C:42FAH         PUBLIC        _Send_data_A
  C:4316H         PUBLIC        _Send_data_B
  D:0098H         PUBLIC        SCON
  D:0088H         PUBLIC        TCON
  B:00B0H.7       PUBLIC        oea
  B:00C0H.4       PUBLIC        oeb
  B:00C0H.1       PUBLIC        stra
  B:00A0H.0       PUBLIC        strb
  D:00F0H         PUBLIC        B
  D:00E0H         PUBLIC        ACC
  B:00A0H.2       PUBLIC        ray
  C:001EH         PUBLIC        dis_open
  C:4114H         PUBLIC        _pressKey
  D:00D0H         PUBLIC        PSW
  -------         PROC          DELAY
  -------         DO            
  D:0006H         SYMBOL        a
  D:0007H         SYMBOL        b
  -------         ENDDO         
  C:4463H         LINE#         23
  C:4463H         LINE#         24
  C:4463H         LINE#         26
  C:4465H         LINE#         27
  C:446BH         LINE#         28
  -------         ENDPROC       DELAY
  -------         PROC          _SEND_DATA_A
  D:0005H         SYMBOL        dat1
  -------         DO            
  D:0003H         SYMBOL        i
  -------         ENDDO         
  C:42FAH         LINE#         30
  C:42FCH         LINE#         31
  C:42FCH         LINE#         33
  C:42FEH         LINE#         34
  C:42FEH         LINE#         35
  C:4300H         LINE#         36
  C:4305H         LINE#         37
BL51 BANKED LINKER/LOCATER V6.22                                                      08/21/2017  21:04:33  PAGE 75


  C:4309H         LINE#         38
  C:430CH         LINE#         39
  C:430EH         LINE#         40
  C:4311H         LINE#         41
  C:4315H         LINE#         53
  -------         ENDPROC       _SEND_DATA_A
  -------         PROC          _SEND_DATA_B
  D:0005H         SYMBOL        temp1
  -------         DO            
  D:0003H         SYMBOL        i
  -------         ENDDO         
  C:4316H         LINE#         55
  C:4318H         LINE#         56
  C:4318H         LINE#         58
  C:431AH         LINE#         59
  C:431AH         LINE#         60
  C:431CH         LINE#         61
  C:4321H         LINE#         62
  C:4325H         LINE#         64
  C:4328H         LINE#         65
  C:432AH         LINE#         66
  C:432DH         LINE#         67
  C:4331H         LINE#         80
  -------         ENDPROC       _SEND_DATA_B
  -------         PROC          _ENABLEKEY
  D:002BH         SYMBOL        dat
  -------         DO            
  D:0004H         SYMBOL        i
  D:002EH         SYMBOL        relayEnable
  -------         ENDDO         
  C:3767H         LINE#         85
  C:376DH         LINE#         86
  C:376DH         LINE#         87
  C:376FH         LINE#         88
  C:3771H         LINE#         89
  C:3771H         LINE#         90
  C:3771H         LINE#         91
  C:378CH         LINE#         92
  C:37A5H         LINE#         93
  C:37A8H         LINE#         95
  C:37ACH         LINE#         96
  C:37AEH         LINE#         97
  C:37B1H         LINE#         98
  C:37B3H         LINE#         99
  C:37B7H         LINE#         100
  C:37B7H         LINE#         101
  C:37BFH         LINE#         102
  C:37C0H         LINE#         104
  C:37C0H         LINE#         105
  C:37C8H         LINE#         106
  C:37C8H         LINE#         107
  -------         ENDPROC       _ENABLEKEY
  -------         PROC          _PRESSKEY
  D:002CH         SYMBOL        dat
  -------         DO            
  D:0004H         SYMBOL        i
  -------         ENDDO         
BL51 BANKED LINKER/LOCATER V6.22                                                      08/21/2017  21:04:33  PAGE 76


  C:4114H         LINE#         112
  C:411AH         LINE#         113
  C:411AH         LINE#         114
  C:411CH         LINE#         115
  C:411CH         LINE#         116
  C:411CH         LINE#         117
  C:4137H         LINE#         118
  C:413BH         LINE#         119
  C:413DH         LINE#         120
  C:4140H         LINE#         121
  C:4142H         LINE#         122
  -------         ENDPROC       _PRESSKEY
  -------         PROC          DIS_OPEN
  C:001EH         LINE#         127
  C:001EH         LINE#         128
  C:001EH         LINE#         129
  C:0020H         LINE#         130
  C:0022H         LINE#         131
  -------         ENDPROC       DIS_OPEN
  -------         ENDMOD        74HC595

  -------         MODULE        ?C?COPY
  C:1558H         PUBLIC        ?C?COPY
  -------         ENDMOD        ?C?COPY

  -------         MODULE        ?C?CLDPTR
  C:157EH         PUBLIC        ?C?CLDPTR
  -------         ENDMOD        ?C?CLDPTR

  -------         MODULE        ?C?CLDOPTR
  C:1597H         PUBLIC        ?C?CLDOPTR
  -------         ENDMOD        ?C?CLDOPTR

  -------         MODULE        ?C?CSTPTR
  C:15C4H         PUBLIC        ?C?CSTPTR
  -------         ENDMOD        ?C?CSTPTR

  -------         MODULE        ?C?CSTOPTR
  C:15D6H         PUBLIC        ?C?CSTOPTR
  -------         ENDMOD        ?C?CSTOPTR

  -------         MODULE        ?C?IMUL
  C:15F8H         PUBLIC        ?C?IMUL
  -------         ENDMOD        ?C?IMUL

  -------         MODULE        ?C?ISTPTR
  C:160AH         PUBLIC        ?C?ISTPTR
  -------         ENDMOD        ?C?ISTPTR

  -------         MODULE        ?C?ULCMP
  C:1629H         PUBLIC        ?C?ULCMP
  -------         ENDMOD        ?C?ULCMP

  -------         MODULE        ?C?ULSHR
  C:163AH         PUBLIC        ?C?ULSHR
  -------         ENDMOD        ?C?ULSHR

BL51 BANKED LINKER/LOCATER V6.22                                                      08/21/2017  21:04:33  PAGE 77


  -------         MODULE        ?C?LLDIIDATA
  C:1656H         PUBLIC        ?C?LLDIIDATA
  C:164DH         PUBLIC        ?C?LLDIIDATA1
  C:164FH         PUBLIC        ?C?LLDIIDATA8
  -------         ENDMOD        ?C?LLDIIDATA

  -------         MODULE        ?C?LSTXDATA
  C:166DH         PUBLIC        ?C?LSTXDATA
  -------         ENDMOD        ?C?LSTXDATA

  -------         MODULE        ?C?LSTKXDATA
  C:1679H         PUBLIC        ?C?LSTKXDATA
  -------         ENDMOD        ?C?LSTKXDATA

  -------         MODULE        ?C?MEMSET
  C:16AAH         PUBLIC        ?C?MEMSET
  -------         ENDMOD        ?C?MEMSET

Program Size: data=113.3 xdata=455 code=17539
LINK/LOCATE RUN COMPLETE.  0 WARNING(S),  0 ERROR(S)
